Component: Arm Compiler for Embedded 6.19 Tool: armlink [5e73cb00]

==============================================================================

Section Cross References

    lab_usart_bluetooth.o(.text.main) refers to lab_usart_bluetooth.o(.text.setup) for setup
    lab_usart_bluetooth.o(.text.main) refers to ecgpio.o(.text.GPIO_write) for GPIO_write
    lab_usart_bluetooth.o(.text.main) refers to lab_usart_bluetooth.o(.bss.PWM_PIN1) for PWM_PIN1
    lab_usart_bluetooth.o(.text.main) refers to ecpwm.o(.text.PWM_duty) for PWM_duty
    lab_usart_bluetooth.o(.text.main) refers to lab_usart_bluetooth.o(.data.PWM_PIN2) for PWM_PIN2
    lab_usart_bluetooth.o(.ARM.exidx.text.main) refers to lab_usart_bluetooth.o(.text.main) for [Anonymous Symbol]
    lab_usart_bluetooth.o(.text.setup) refers to ecrcc.o(.text.RCC_PLL_init) for RCC_PLL_init
    lab_usart_bluetooth.o(.text.setup) refers to ecgpio.o(.text.GPIO) for GPIO
    lab_usart_bluetooth.o(.text.setup) refers to ecuart.o(.text.UART1_init) for UART1_init
    lab_usart_bluetooth.o(.text.setup) refers to ecuart.o(.text.UART1_baud) for UART1_baud
    lab_usart_bluetooth.o(.text.setup) refers to ecgpio.o(.text.GPIO_init) for GPIO_init
    lab_usart_bluetooth.o(.text.setup) refers to ecgpio.o(.text.GPIO_otype) for GPIO_otype
    lab_usart_bluetooth.o(.text.setup) refers to lab_usart_bluetooth.o(.bss.PWM_PIN1) for PWM_PIN1
    lab_usart_bluetooth.o(.text.setup) refers to ecpwm.o(.text.PWM_init) for PWM_init
    lab_usart_bluetooth.o(.text.setup) refers to lab_usart_bluetooth.o(.data.period) for period
    lab_usart_bluetooth.o(.text.setup) refers to ecpwm.o(.text.PWM_period_us) for PWM_period_us
    lab_usart_bluetooth.o(.text.setup) refers to lab_usart_bluetooth.o(.data.PWM_PIN2) for PWM_PIN2
    lab_usart_bluetooth.o(.ARM.exidx.text.setup) refers to lab_usart_bluetooth.o(.text.setup) for [Anonymous Symbol]
    lab_usart_bluetooth.o(.text.USART1_IRQHandler) refers to ecuart.o(.text.is_USART1_RXNE) for is_USART1_RXNE
    lab_usart_bluetooth.o(.text.USART1_IRQHandler) refers to ecuart.o(.text.USART1_read) for USART1_read
    lab_usart_bluetooth.o(.text.USART1_IRQHandler) refers to lab_usart_bluetooth.o(.bss.BT_Data) for BT_Data
    lab_usart_bluetooth.o(.text.USART1_IRQHandler) refers to ecuart.o(.text.USART1_write) for USART1_write
    lab_usart_bluetooth.o(.text.USART1_IRQHandler) refers to lab_usart_bluetooth.o(.rodata.str1.1) for .L.str
    lab_usart_bluetooth.o(.text.USART1_IRQHandler) refers to lab_usart_bluetooth.o(.bss.idx) for idx
    lab_usart_bluetooth.o(.text.USART1_IRQHandler) refers to lab_usart_bluetooth.o(.bss.buffer) for buffer
    lab_usart_bluetooth.o(.text.USART1_IRQHandler) refers to lab_usart_bluetooth.o(.bss.bReceive) for bReceive
    lab_usart_bluetooth.o(.text.USART1_IRQHandler) refers to lab_usart_bluetooth.o(.bss.BT_string) for BT_string
    lab_usart_bluetooth.o(.text.USART1_IRQHandler) refers to rt_memcpy_v6.o(.text) for __aeabi_memcpy
    lab_usart_bluetooth.o(.text.USART1_IRQHandler) refers to lab_usart_bluetooth.o(.bss.PWM_PIN1) for PWM_PIN1
    lab_usart_bluetooth.o(.text.USART1_IRQHandler) refers to ecpwm.o(.text.PWM_duty) for PWM_duty
    lab_usart_bluetooth.o(.text.USART1_IRQHandler) refers to lab_usart_bluetooth.o(.data.PWM_PIN2) for PWM_PIN2
    lab_usart_bluetooth.o(.text.USART1_IRQHandler) refers to ecgpio.o(.text.GPIO_write) for GPIO_write
    lab_usart_bluetooth.o(.ARM.exidx.text.USART1_IRQHandler) refers to lab_usart_bluetooth.o(.text.USART1_IRQHandler) for [Anonymous Symbol]
    ecexti.o(.text.EXTI_init) refers to ecexti.o(.text.__NVIC_SetPriority) for __NVIC_SetPriority
    ecexti.o(.text.EXTI_init) refers to ecexti.o(.text.__NVIC_EnableIRQ) for __NVIC_EnableIRQ
    ecexti.o(.ARM.exidx.text.EXTI_init) refers to ecexti.o(.text.EXTI_init) for [Anonymous Symbol]
    ecexti.o(.ARM.exidx.text.__NVIC_SetPriority) refers to ecexti.o(.text.__NVIC_SetPriority) for [Anonymous Symbol]
    ecexti.o(.ARM.exidx.text.__NVIC_EnableIRQ) refers to ecexti.o(.text.__NVIC_EnableIRQ) for [Anonymous Symbol]
    ecexti.o(.ARM.exidx.text.EXTI_enable) refers to ecexti.o(.text.EXTI_enable) for [Anonymous Symbol]
    ecexti.o(.ARM.exidx.text.EXTI_disable) refers to ecexti.o(.text.EXTI_disable) for [Anonymous Symbol]
    ecexti.o(.ARM.exidx.text.is_pending_EXTI) refers to ecexti.o(.text.is_pending_EXTI) for [Anonymous Symbol]
    ecexti.o(.ARM.exidx.text.clear_pending_EXTI) refers to ecexti.o(.text.clear_pending_EXTI) for [Anonymous Symbol]
    ecgpio.o(.text.GPIO_init) refers to ecrcc.o(.text.RCC_GPIOA_enable) for RCC_GPIOA_enable
    ecgpio.o(.text.GPIO_init) refers to ecrcc.o(.text.RCC_GPIOB_enable) for RCC_GPIOB_enable
    ecgpio.o(.text.GPIO_init) refers to ecrcc.o(.text.RCC_GPIOC_enable) for RCC_GPIOC_enable
    ecgpio.o(.text.GPIO_init) refers to ecrcc.o(.text.RCC_GPIOD_enable) for RCC_GPIOD_enable
    ecgpio.o(.text.GPIO_init) refers to ecgpio.o(.text.GPIO_mode) for GPIO_mode
[...]
    round.o(i.__hardfp_round) refers to daddsub_clz.o(x$fpl$dsub) for __aeabi_dsub
    round.o(i.__hardfp_round) refers to dleqf.o(x$fpl$dleqf) for __aeabi_cdcmple
    round.o(i.__hardfp_round) refers to drleqf.o(x$fpl$drleqf) for __aeabi_cdrcmple
    round.o(i.__hardfp_round) refers to daddsub_clz.o(x$fpl$dadd) for __aeabi_dadd
    round.o(i.round) refers (Special) to usenofp.o(x$fpl$usenofp) for __I$use$fp
    round.o(i.round) refers to drnd.o(x$fpl$drnd) for _drnd
    round.o(i.round) refers to daddsub_clz.o(x$fpl$dsub) for __aeabi_dsub
    round.o(i.round) refers to dleqf.o(x$fpl$dleqf) for __aeabi_cdcmple
    round.o(i.round) refers to drleqf.o(x$fpl$drleqf) for __aeabi_cdrcmple
    round.o(i.round) refers to daddsub_clz.o(x$fpl$dadd) for __aeabi_dadd
    __rtentry.o(.ARM.Collect$$rtentry$$00000000) refers (Special) to __rtentry2.o(.ARM.Collect$$rtentry$$0000000A) for __rt_entry_li
    __rtentry.o(.ARM.Collect$$rtentry$$00000000) refers (Special) to __rtentry2.o(.ARM.Collect$$rtentry$$0000000D) for __rt_entry_main
    __rtentry.o(.ARM.Collect$$rtentry$$00000000) refers (Special) to __rtentry2.o(.ARM.Collect$$rtentry$$0000000C) for __rt_entry_postli_1
    __rtentry.o(.ARM.Collect$$rtentry$$00000000) refers (Special) to __rtentry2.o(.ARM.Collect$$rtentry$$00000009) for __rt_entry_postsh_1
    __rtentry.o(.ARM.Collect$$rtentry$$00000000) refers (Special) to __rtentry2.o(.ARM.Collect$$rtentry$$00000002) for __rt_entry_presh_1
    __rtentry.o(.ARM.Collect$$rtentry$$00000000) refers (Special) to __rtentry4.o(.ARM.Collect$$rtentry$$00000004) for __rt_entry_sh
    daddsub_clz.o(x$fpl$dadd) refers (Special) to usenofp.o(x$fpl$usenofp) for __I$use$fp
    daddsub_clz.o(x$fpl$dadd) refers to daddsub_clz.o(x$fpl$dsub) for _dsub1
    daddsub_clz.o(x$fpl$dadd) refers to dretinf.o(x$fpl$dretinf) for __fpl_dretinf
    daddsub_clz.o(x$fpl$dadd) refers to dnaninf.o(x$fpl$dnaninf) for __fpl_dnaninf
    daddsub_clz.o(x$fpl$drsb) refers (Special) to usenofp.o(x$fpl$usenofp) for __I$use$fp
    daddsub_clz.o(x$fpl$drsb) refers to daddsub_clz.o(x$fpl$dadd) for _dadd1
    daddsub_clz.o(x$fpl$drsb) refers to daddsub_clz.o(x$fpl$dsub) for _dsub1
    daddsub_clz.o(x$fpl$dsub) refers (Special) to usenofp.o(x$fpl$usenofp) for __I$use$fp
    daddsub_clz.o(x$fpl$dsub) refers to daddsub_clz.o(x$fpl$dadd) for _dadd1
    daddsub_clz.o(x$fpl$dsub) refers to dnaninf.o(x$fpl$dnaninf) for __fpl_dnaninf
    dleqf.o(x$fpl$dleqf) refers (Special) to usenofp.o(x$fpl$usenofp) for __I$use$fp
    dleqf.o(x$fpl$dleqf) refers to dnaninf.o(x$fpl$dnaninf) for __fpl_dnaninf
    dleqf.o(x$fpl$dleqf) refers to dcmpi.o(x$fpl$dcmpinf) for __fpl_dcmp_Inf
    dnaninf.o(x$fpl$dnaninf) refers (Special) to usenofp.o(x$fpl$usenofp) for __I$use$fp
    dretinf.o(x$fpl$dretinf) refers (Special) to usenofp.o(x$fpl$usenofp) for __I$use$fp
    drleqf.o(x$fpl$drleqf) refers (Special) to usenofp.o(x$fpl$usenofp) for __I$use$fp
    drleqf.o(x$fpl$drleqf) refers to dleqf.o(x$fpl$dleqf) for __fpl_dcmple_InfNaN
    drnd.o(x$fpl$drnd) refers (Special) to usenofp.o(x$fpl$usenofp) for __I$use$fp
    drnd.o(x$fpl$drnd) refers to dnaninf.o(x$fpl$dnaninf) for __fpl_dnaninf
    fnaninf.o(x$fpl$fnaninf) refers (Special) to usenofp.o(x$fpl$usenofp) for __I$use$fp
    __rtentry2.o(.ARM.Collect$$rtentry$$00000008) refers to boardinit2.o(.text) for _platform_post_stackheap_init
    __rtentry2.o(.ARM.Collect$$rtentry$$0000000A) refers to libinit.o(.ARM.Collect$$libinit$$00000000) for __rt_lib_init
    __rtentry2.o(.ARM.Collect$$rtentry$$0000000B) refers to boardinit3.o(.text) for _platform_post_lib_init
    __rtentry2.o(.ARM.Collect$$rtentry$$0000000D) refers to lab_usart_bluetooth.o(.text.main) for main
    __rtentry2.o(.ARM.Collect$$rtentry$$0000000D) refers to exit.o(.text) for exit
    __rtentry2.o(.ARM.exidx) refers to __rtentry2.o(.ARM.Collect$$rtentry$$00000001) for .ARM.Collect$$rtentry$$00000001
    __rtentry2.o(.ARM.exidx) refers to __rtentry2.o(.ARM.Collect$$rtentry$$00000008) for .ARM.Collect$$rtentry$$00000008
    __rtentry2.o(.ARM.exidx) refers to __rtentry2.o(.ARM.Collect$$rtentry$$0000000A) for .ARM.Collect$$rtentry$$0000000A
    __rtentry2.o(.ARM.exidx) refers to __rtentry2.o(.ARM.Collect$$rtentry$$0000000B) for .ARM.Collect$$rtentry$$0000000B
    __rtentry2.o(.ARM.exidx) refers to __rtentry2.o(.ARM.Collect$$rtentry$$0000000D) for .ARM.Collect$$rtentry$$0000000D
    __rtentry4.o(.ARM.Collect$$rtentry$$00000004) refers to sys_stackheap_outer.o(.text) for __user_setup_stackheap
    __rtentry4.o(.ARM.exidx) refers to __rtentry4.o(.ARM.Collect$$rtentry$$00000004) for .ARM.Collect$$rtentry$$00000004
    dcmpi.o(x$fpl$dcmpinf) refers (Special) to usenofp.o(x$fpl$usenofp) for __I$use$fp
    sys_stackheap_outer.o(.text) refers to libspace.o(.text) for __user_perproc_libspace
    sys_stackheap_outer.o(.text) refers to startup_stm32f411xe.o(.text) for __user_initial_stackheap
    exit.o(.text) refers to rtexit.o(.ARM.Collect$$rtexit$$00000000) for __rt_exit
    libinit.o(.ARM.Collect$$libinit$$00000000) refers (Special) to libinit2.o(.ARM.Collect$$libinit$$00000030) for __rt_lib_init_alloca_1
    libinit.o(.ARM.Collect$$libinit$$00000000) refers (Special) to libinit2.o(.ARM.Collect$$libinit$$0000002E) for __rt_lib_init_argv_1
    libinit.o(.ARM.Collect$$libinit$$00000000) refers (Special) to libinit2.o(.ARM.Collect$$libinit$$0000001D) for __rt_lib_init_atexit_1
    libinit.o(.ARM.Collect$$libinit$$00000000) refers (Special) to libinit2.o(.ARM.Collect$$libinit$$00000023) for __rt_lib_init_clock_1
    libinit.o(.ARM.Collect$$libinit$$00000000) refers (Special) to libinit2.o(.ARM.Collect$$libinit$$00000034) for __rt_lib_init_cpp_1
    libinit.o(.ARM.Collect$$libinit$$00000000) refers (Special) to libinit2.o(.ARM.Collect$$libinit$$00000032) for __rt_lib_init_exceptions_1
    libinit.o(.ARM.Collect$$libinit$$00000000) refers (Special) to libinit2.o(.ARM.Collect$$libinit$$00000001) for __rt_lib_init_fp_1
    libinit.o(.ARM.Collect$$libinit$$00000000) refers (Special) to libinit2.o(.ARM.Collect$$libinit$$00000021) for __rt_lib_init_fp_trap_1
    libinit.o(.ARM.Collect$$libinit$$00000000) refers (Special) to libinit2.o(.ARM.Collect$$libinit$$00000025) for __rt_lib_init_getenv_1
    libinit.o(.ARM.Collect$$libinit$$00000000) refers (Special) to libinit2.o(.ARM.Collect$$libinit$$0000000C) for __rt_lib_init_heap_1
    libinit.o(.ARM.Collect$$libinit$$00000000) refers (Special) to libinit2.o(.ARM.Collect$$libinit$$00000013) for __rt_lib_init_lc_collate_1
    libinit.o(.ARM.Collect$$libinit$$00000000) refers (Special) to libinit2.o(.ARM.Collect$$libinit$$00000015) for __rt_lib_init_lc_ctype_1
    libinit.o(.ARM.Collect$$libinit$$00000000) refers (Special) to libinit2.o(.ARM.Collect$$libinit$$00000017) for __rt_lib_init_lc_monetary_1
    libinit.o(.ARM.Collect$$libinit$$00000000) refers (Special) to libinit2.o(.ARM.Collect$$libinit$$00000019) for __rt_lib_init_lc_numeric_1
    libinit.o(.ARM.Collect$$libinit$$00000000) refers (Special) to libinit2.o(.ARM.Collect$$libinit$$0000001B) for __rt_lib_init_lc_time_1
    libinit.o(.ARM.Collect$$libinit$$00000000) refers (Special) to libinit2.o(.ARM.Collect$$libinit$$00000006) for __rt_lib_init_preinit_1
    libinit.o(.ARM.Collect$$libinit$$00000000) refers (Special) to libinit2.o(.ARM.Collect$$libinit$$00000010) for __rt_lib_init_rand_1
    libinit.o(.ARM.Collect$$libinit$$00000000) refers (Special) to libinit2.o(.ARM.Collect$$libinit$$00000004) for __rt_lib_init_relocate_pie_1
    libinit.o(.ARM.Collect$$libinit$$00000000) refers (Special) to libinit2.o(.ARM.Collect$$libinit$$00000035) for __rt_lib_init_return
    libinit.o(.ARM.Collect$$libinit$$00000000) refers (Special) to libinit2.o(.ARM.Collect$$libinit$$0000001F) for __rt_lib_init_signal_1
    libinit.o(.ARM.Collect$$libinit$$00000000) refers (Special) to libinit2.o(.ARM.Collect$$libinit$$00000027) for __rt_lib_init_stdio_1
    libinit.o(.ARM.Collect$$libinit$$00000000) refers (Special) to libinit2.o(.ARM.Collect$$libinit$$0000000E) for __rt_lib_init_user_alloc_1
    libspace.o(.text) refers to libspace.o(.bss) for __libspace_start
    rtexit.o(.ARM.Collect$$rtexit$$00000000) refers (Special) to rtexit2.o(.ARM.Collect$$rtexit$$00000004) for __rt_exit_exit
    rtexit.o(.ARM.Collect$$rtexit$$00000000) refers (Special) to rtexit2.o(.ARM.Collect$$rtexit$$00000003) for __rt_exit_ls
    rtexit.o(.ARM.Collect$$rtexit$$00000000) refers (Special) to rtexit2.o(.ARM.Collect$$rtexit$$00000002) for __rt_exit_prels_1
    rtexit.o(.ARM.exidx) refers (Special) to rtexit2.o(.ARM.Collect$$rtexit$$00000004) for __rt_exit_exit
    rtexit.o(.ARM.exidx) refers (Special) to rtexit2.o(.ARM.Collect$$rtexit$$00000003) for __rt_exit_ls
    rtexit.o(.ARM.exidx) refers (Special) to rtexit2.o(.ARM.Collect$$rtexit$$00000002) for __rt_exit_prels_1
    rtexit.o(.ARM.exidx) refers to rtexit.o(.ARM.Collect$$rtexit$$00000000) for .ARM.Collect$$rtexit$$00000000
    libinit2.o(.ARM.Collect$$libinit$$00000001) refers to fpinit.o(x$fpl$fpinit) for _fp_init
    libinit2.o(.ARM.Collect$$libinit$$00000012) refers to libinit2.o(.ARM.Collect$$libinit$$00000011) for .ARM.Collect$$libinit$$00000011
    libinit2.o(.ARM.Collect$$libinit$$00000014) refers to libinit2.o(.ARM.Collect$$libinit$$00000011) for .ARM.Collect$$libinit$$00000011
    libinit2.o(.ARM.Collect$$libinit$$00000016) refers to libinit2.o(.ARM.Collect$$libinit$$00000011) for .ARM.Collect$$libinit$$00000011
    libinit2.o(.ARM.Collect$$libinit$$00000018) refers to libinit2.o(.ARM.Collect$$libinit$$00000011) for .ARM.Collect$$libinit$$00000011
    libinit2.o(.ARM.Collect$$libinit$$0000001A) refers to libinit2.o(.ARM.Collect$$libinit$$00000011) for .ARM.Collect$$libinit$$00000011
    libinit2.o(.ARM.Collect$$libinit$$00000028) refers to argv_veneer.o(.emb_text) for __ARM_argv_veneer
    libinit2.o(.ARM.Collect$$libinit$$00000029) refers to argv_veneer.o(.emb_text) for __ARM_argv_veneer
    rtexit2.o(.ARM.Collect$$rtexit$$00000003) refers to libshutdown.o(.ARM.Collect$$libshutdown$$00000000) for __rt_lib_shutdown
    rtexit2.o(.ARM.Collect$$rtexit$$00000004) refers to sys_exit.o(.text) for _sys_exit
    rtexit2.o(.ARM.exidx) refers to rtexit2.o(.ARM.Collect$$rtexit$$00000001) for .ARM.Collect$$rtexit$$00000001
    rtexit2.o(.ARM.exidx) refers to rtexit2.o(.ARM.Collect$$rtexit$$00000003) for .ARM.Collect$$rtexit$$00000003
    rtexit2.o(.ARM.exidx) refers to rtexit2.o(.ARM.Collect$$rtexit$$00000004) for .ARM.Collect$$rtexit$$00000004
    argv_veneer.o(.emb_text) refers to no_argv.o(.text) for __ARM_get_argv
    sys_exit.o(.text) refers (Special) to use_no_semi.o(.text) for __I$use$semihosting
    sys_exit.o(.text) refers (Special) to indicate_semi.o(.text) for __semihosting_library_function
    sys_exit_hlt.o(.text) refers (Special) to use_no_semi.o(.text) for __I$use$semihosting
    sys_exit_hlt.o(.text) refers (Special) to indicate_semi.o(.text) for __semihosting_library_function
    _get_argv_nomalloc.o(.text) refers (Special) to hrguard.o(.text) for __heap_region$guard
    _get_argv_nomalloc.o(.text) refers to defsig_rtmem_outer.o(.text) for __rt_SIGRTMEM
    _get_argv_nomalloc.o(.text) refers to sys_command.o(.text) for _sys_command_string
    libshutdown.o(.ARM.Collect$$libshutdown$$00000000) refers (Special) to libshutdown2.o(.ARM.Collect$$libshutdown$$00000002) for __rt_lib_shutdown_cpp_1
    libshutdown.o(.ARM.Collect$$libshutdown$$00000000) refers (Special) to libshutdown2.o(.ARM.Collect$$libshutdown$$00000007) for __rt_lib_shutdown_fp_trap_1
    libshutdown.o(.ARM.Collect$$libshutdown$$00000000) refers (Special) to libshutdown2.o(.ARM.Collect$$libshutdown$$0000000F) for __rt_lib_shutdown_heap_1
    libshutdown.o(.ARM.Collect$$libshutdown$$00000000) refers (Special) to libshutdown2.o(.ARM.Collect$$libshutdown$$00000010) for __rt_lib_shutdown_return
    libshutdown.o(.ARM.Collect$$libshutdown$$00000000) refers (Special) to libshutdown2.o(.ARM.Collect$$libshutdown$$0000000A) for __rt_lib_shutdown_signal_1
    libshutdown.o(.ARM.Collect$$libshutdown$$00000000) refers (Special) to libshutdown2.o(.ARM.Collect$$libshutdown$$00000004) for __rt_lib_shutdown_stdio_1
    libshutdown.o(.ARM.Collect$$libshutdown$$00000000) refers (Special) to libshutdown2.o(.ARM.Collect$$libshutdown$$0000000C) for __rt_lib_shutdown_user_alloc_1
    sys_command.o(.text) refers (Special) to use_no_semi.o(.text) for __I$use$semihosting
    sys_command.o(.text) refers (Special) to indicate_semi.o(.text) for __semihosting_library_function
    sys_command_hlt.o(.text) refers (Special) to use_no_semi.o(.text) for __I$use$semihosting
    sys_command_hlt.o(.text) refers (Special) to indicate_semi.o(.text) for __semihosting_library_function
    defsig_rtmem_outer.o(.text) refers to defsig_rtmem_inner.o(.text) for __rt_SIGRTMEM_inner
    defsig_rtmem_outer.o(.text) refers to defsig_exit.o(.text) for __sig_exit
    defsig_rtmem_formal.o(.text) refers to rt_raise.o(.text) for __rt_raise
    rt_raise.o(.text) refers to __raise.o(.text) for __raise
    rt_raise.o(.text) refers to sys_exit.o(.text) for _sys_exit
    defsig_exit.o(.text) refers to sys_exit.o(.text) for _sys_exit
    defsig_rtmem_inner.o(.text) refers to defsig_general.o(.text) for __default_signal_display
    __raise.o(.text) refers to defsig.o(CL$$defsig) for __default_signal_handler
    defsig_general.o(.text) refers to sys_wrch.o(.text) for _ttywrch
    sys_wrch.o(.text) refers (Special) to use_no_semi.o(.text) for __I$use$semihosting
    sys_wrch.o(.text) refers (Special) to indicate_semi.o(.text) for __semihosting_library_function
    sys_wrch_hlt.o(.text) refers (Special) to use_no_semi.o(.text) for __I$use$semihosting
    sys_wrch_hlt.o(.text) refers (Special) to indicate_semi.o(.text) for __semihosting_library_function
    defsig.o(CL$$defsig) refers to defsig_rtmem_inner.o(.text) for __rt_SIGRTMEM_inner
    defsig_abrt_inner.o(.text) refers to defsig_general.o(.text) for __default_signal_display
    defsig_fpe_inner.o(.text) refers to defsig_general.o(.text) for __default_signal_display
    defsig_rtred_inner.o(.text) refers to defsig_general.o(.text) for __default_signal_display
    defsig_stak_inner.o(.text) refers to defsig_general.o(.text) for __default_signal_display
    defsig_pvfn_inner.o(.text) refers to defsig_general.o(.text) for __default_signal_display
    defsig_cppl_inner.o(.text) refers to defsig_general.o(.text) for __default_signal_display
    defsig_segv_inner.o(.text) refers to defsig_general.o(.text) for __default_signal_display
    defsig_other.o(.text) refers to defsig_general.o(.text) for __default_signal_display


==============================================================================

Removing Unused input sections from the image.

    Removing lab_usart_bluetooth.o(.text), (0 bytes).
    Removing lab_usart_bluetooth.o(.ARM.exidx.text.main), (8 bytes).
    Removing lab_usart_bluetooth.o(.ARM.exidx.text.setup), (8 bytes).
    Removing lab_usart_bluetooth.o(.ARM.exidx.text.USART1_IRQHandler), (8 bytes).
    Removing lab_usart_bluetooth.o(.ARM.use_no_argv), (4 bytes).
    Removing ecexti.o(.text), (0 bytes).
    Removing ecexti.o(.text.EXTI_init), (394 bytes).
    Removing ecexti.o(.ARM.exidx.text.EXTI_init), (8 bytes).
    Removing ecexti.o(.text.__NVIC_SetPriority), (66 bytes).
    Removing ecexti.o(.ARM.exidx.text.__NVIC_SetPriority), (8 bytes).
    Removing ecexti.o(.text.__NVIC_EnableIRQ), (48 bytes).
    Removing ecexti.o(.ARM.exidx.text.__NVIC_EnableIRQ), (8 bytes).
    Removing ecexti.o(.text.EXTI_enable), (30 bytes).
    Removing ecexti.o(.ARM.exidx.text.EXTI_enable), (8 bytes).
    Removing ecexti.o(.text.EXTI_disable), (30 bytes).
    Removing ecexti.o(.ARM.exidx.text.EXTI_disable), (8 bytes).
    Removing ecexti.o(.text.is_pending_EXTI), (38 bytes).
    Removing ecexti.o(.ARM.exidx.text.is_pending_EXTI), (8 bytes).
    Removing ecexti.o(.text.clear_pending_EXTI), (30 bytes).
    Removing ecexti.o(.ARM.exidx.text.clear_pending_EXTI), (8 bytes).
    Removing ecgpio.o(.text), (0 bytes).
    Removing ecgpio.o(.ARM.exidx.text.GPIO_init), (8 bytes).
    Removing ecgpio.o(.ARM.exidx.text.GPIO_mode), (8 bytes).
    Removing ecgpio.o(.ARM.exidx.text.GPIO_ospeed), (8 bytes).
    Removing ecgpio.o(.ARM.exidx.text.GPIO_otype), (8 bytes).
    Removing ecgpio.o(.ARM.exidx.text.GPIO_pupd), (8 bytes).
    Removing ecgpio.o(.text.GPIO_read), (30 bytes).
    Removing ecgpio.o(.ARM.exidx.text.GPIO_read), (8 bytes).
    Removing ecgpio.o(.ARM.exidx.text.GPIO_write), (8 bytes).
    Removing ecgpio.o(.text.seven_segment_init), (364 bytes).
    Removing ecgpio.o(.ARM.exidx.text.seven_segment_init), (8 bytes).
    Removing ecgpio.o(.text.seven_segment_decode), (228 bytes).
    Removing ecgpio.o(.ARM.exidx.text.seven_segment_decode), (8 bytes).
    Removing ecgpio.o(.text.sevensegment_display_init), (200 bytes).
    Removing ecgpio.o(.ARM.exidx.text.sevensegment_display_init), (8 bytes).
    Removing ecgpio.o(.text.sevensegment_display), (144 bytes).
    Removing ecgpio.o(.ARM.exidx.text.sevensegment_display), (8 bytes).
    Removing ecgpio.o(.ARM.exidx.text.GPIO), (8 bytes).
    Removing ecgpio.o(.data.FSM), (360 bytes).
    Removing ecgpio.o(.data.FSM_D), (240 bytes).
    Removing ecicap.o(.text), (0 bytes).
    Removing ecicap.o(.text.ICAP_init), (462 bytes).
    Removing ecicap.o(.ARM.exidx.text.ICAP_init), (8 bytes).
    Removing ecicap.o(.text.ICAP_pinmap), (538 bytes).
    Removing ecicap.o(.ARM.exidx.text.ICAP_pinmap), (8 bytes).
    Removing ecicap.o(.text.ICAP_setup), (450 bytes).
    Removing ecicap.o(.ARM.exidx.text.ICAP_setup), (8 bytes).
    Removing ecicap.o(.text.ICAP_counter_us), (58 bytes).
    Removing ecicap.o(.ARM.exidx.text.ICAP_counter_us), (8 bytes).
    Removing ecicap.o(.text.is_CCIF), (22 bytes).
    Removing ecicap.o(.ARM.exidx.text.is_CCIF), (8 bytes).
    Removing ecicap.o(.text.clear_CCIF), (26 bytes).
    Removing ecicap.o(.ARM.exidx.text.clear_CCIF), (8 bytes).
    Removing ecicap.o(.text.ICAP_capture), (72 bytes).
    Removing ecicap.o(.ARM.exidx.text.ICAP_capture), (8 bytes).
    Removing ecpinnames.o(.text), (0 bytes).
    Removing ecpinnames.o(.ARM.exidx.text.ecPinmap), (8 bytes).
    Removing ecpwm.o(.text), (0 bytes).
    Removing ecpwm.o(.ARM.exidx.text.PWM_init), (8 bytes).
    Removing ecpwm.o(.ARM.exidx.text.PWM_pinmap), (8 bytes).
    Removing ecpwm.o(.text.PWM_period_ms), (46 bytes).
    Removing ecpwm.o(.ARM.exidx.text.PWM_period_ms), (8 bytes).
    Removing ecpwm.o(.text.PWM_period), (24 bytes).
    Removing ecpwm.o(.ARM.exidx.text.PWM_period), (8 bytes).
    Removing ecpwm.o(.ARM.exidx.text.PWM_period_us), (8 bytes).
    Removing ecpwm.o(.text.PWM_pulsewidth), (214 bytes).
    Removing ecpwm.o(.ARM.exidx.text.PWM_pulsewidth), (8 bytes).
    Removing ecpwm.o(.text.PWM_pulsewidth_ms), (24 bytes).
    Removing ecpwm.o(.ARM.exidx.text.PWM_pulsewidth_ms), (8 bytes).
    Removing ecpwm.o(.text.PWM_pulsewidth_us), (206 bytes).
    Removing ecpwm.o(.ARM.exidx.text.PWM_pulsewidth_us), (8 bytes).
    Removing ecpwm.o(.ARM.exidx.text.PWM_duty), (8 bytes).
    Removing ecrcc.o(.text), (0 bytes).
    Removing ecrcc.o(.text.RCC_HSI_init), (100 bytes).
    Removing ecrcc.o(.ARM.exidx.text.RCC_HSI_init), (8 bytes).
    Removing ecrcc.o(.ARM.exidx.text.RCC_PLL_init), (8 bytes).
    Removing ecrcc.o(.ARM.exidx.text.RCC_GPIOA_enable), (8 bytes).
    Removing ecrcc.o(.ARM.exidx.text.RCC_GPIOB_enable), (8 bytes).
    Removing ecrcc.o(.ARM.exidx.text.RCC_GPIOC_enable), (8 bytes).
    Removing ecrcc.o(.ARM.exidx.text.RCC_GPIOD_enable), (8 bytes).
    Removing ecstepper.o(.text), (0 bytes).
    Removing ecstepper.o(.text.Stepper_init), (176 bytes).
    Removing ecstepper.o(.ARM.exidx.text.Stepper_init), (8 bytes).
    Removing ecstepper.o(.text.Stepper_pinOut), (272 bytes).
    Removing ecstepper.o(.ARM.exidx.text.Stepper_pinOut), (8 bytes).
    Removing ecstepper.o(.text.Stepper_setSpeed), (42 bytes).
    Removing ecstepper.o(.ARM.exidx.text.Stepper_setSpeed), (8 bytes).
    Removing ecstepper.o(.text.Stepper_step), (162 bytes).
    Removing ecstepper.o(.ARM.exidx.text.Stepper_step), (8 bytes).
    Removing ecstepper.o(.text.Stepper_stop), (14 bytes).
    Removing ecstepper.o(.ARM.exidx.text.Stepper_stop), (8 bytes).
    Removing ecstepper.o(.data.direction), (4 bytes).
    Removing ecstepper.o(.data.step_delay), (4 bytes).
    Removing ecstepper.o(.data.step_per_rev), (4 bytes).
    Removing ecstepper.o(.data.FSM_full), (48 bytes).
    Removing ecstepper.o(.data.FSM_half), (96 bytes).
    Removing ecstepper.o(.bss.myStepper), (36 bytes).
    Removing ecsystick.o(.text), (0 bytes).
    Removing ecsystick.o(.text.SysTick_init), (90 bytes).
    Removing ecsystick.o(.ARM.exidx.text.SysTick_init), (8 bytes).
    Removing ecsystick.o(.text.__NVIC_SetPriority), (66 bytes).
    Removing ecsystick.o(.ARM.exidx.text.__NVIC_SetPriority), (8 bytes).
    Removing ecsystick.o(.text.__NVIC_EnableIRQ), (48 bytes).
    Removing ecsystick.o(.ARM.exidx.text.__NVIC_EnableIRQ), (8 bytes).
    Removing ecsystick.o(.ARM.exidx.text.SysTick_Handler), (8 bytes).
    Removing ecsystick.o(.ARM.exidx.text.SysTick_counter), (8 bytes).
    Removing ecsystick.o(.text.delay_ms), (58 bytes).
    Removing ecsystick.o(.ARM.exidx.text.delay_ms), (8 bytes).
    Removing ecsystick.o(.text.SysTick_reset), (14 bytes).
    Removing ecsystick.o(.ARM.exidx.text.SysTick_reset), (8 bytes).
    Removing ecsystick.o(.text.SysTick_val), (12 bytes).
    Removing ecsystick.o(.ARM.exidx.text.SysTick_val), (8 bytes).
    Removing ecsystick.o(.text.SysTick_enable), (18 bytes).
    Removing ecsystick.o(.ARM.exidx.text.SysTick_enable), (8 bytes).
    Removing ecsystick.o(.text.SysTick_disable), (14 bytes).
    Removing ecsystick.o(.ARM.exidx.text.SysTick_disable), (8 bytes).
    Removing ectim.o(.text), (0 bytes).
    Removing ectim.o(.ARM.exidx.text.TIM_init), (8 bytes).
    Removing ectim.o(.ARM.exidx.text.TIM_period_ms), (8 bytes).
    Removing ectim.o(.ARM.exidx.text.TIM_period_us), (8 bytes).
    Removing ectim.o(.text.TIM_UI_init), (230 bytes).
    Removing ectim.o(.ARM.exidx.text.TIM_UI_init), (8 bytes).
    Removing ectim.o(.text.TIM_UI_enable), (18 bytes).
    Removing ectim.o(.ARM.exidx.text.TIM_UI_enable), (8 bytes).
    Removing ectim.o(.text.__NVIC_EnableIRQ), (48 bytes).
    Removing ectim.o(.ARM.exidx.text.__NVIC_EnableIRQ), (8 bytes).
    Removing ectim.o(.text.__NVIC_SetPriority), (66 bytes).
    Removing ectim.o(.ARM.exidx.text.__NVIC_SetPriority), (8 bytes).
    Removing ectim.o(.text.TIM_UI_disable), (18 bytes).
    Removing ectim.o(.ARM.exidx.text.TIM_UI_disable), (8 bytes).
    Removing ectim.o(.text.is_UIF), (16 bytes).
    Removing ectim.o(.ARM.exidx.text.is_UIF), (8 bytes).
    Removing ectim.o(.text.clear_UIF), (18 bytes).
    Removing ectim.o(.ARM.exidx.text.clear_UIF), (8 bytes).
    Removing ecuart.o(.text), (0 bytes).
    Removing ecuart.o(.text._write), (48 bytes).
    Removing ecuart.o(.ARM.exidx.text._write), (8 bytes).
    Removing ecuart.o(.ARM.exidx.text.USART_write), (8 bytes).
    Removing ecuart.o(.text.fputc), (38 bytes).
    Removing ecuart.o(.ARM.exidx.text.fputc), (8 bytes).
    Removing ecuart.o(.text.fgetc), (30 bytes).
    Removing ecuart.o(.ARM.exidx.text.fgetc), (8 bytes).
    Removing ecuart.o(.ARM.exidx.text.USART_read), (8 bytes).
    Removing ecuart.o(.ARM.exidx.text.USART_delay), (8 bytes).
    Removing ecuart.o(.ARM.exidx.text.is_USART_RXNE), (8 bytes).
    Removing ecuart.o(.ARM.exidx.text.USART_setting), (8 bytes).
    Removing ecuart.o(.ARM.exidx.text.UART_baud), (8 bytes).
    Removing ecuart.o(.ARM.exidx.text.__NVIC_SetPriority), (8 bytes).
    Removing ecuart.o(.ARM.exidx.text.__NVIC_EnableIRQ), (8 bytes).
    Removing ecuart.o(.ARM.exidx.text.UART1_init), (8 bytes).
    Removing ecuart.o(.text.UART2_init), (42 bytes).
    Removing ecuart.o(.ARM.exidx.text.UART2_init), (8 bytes).
    Removing ecuart.o(.ARM.exidx.text.UART1_baud), (8 bytes).
    Removing ecuart.o(.text.UART2_baud), (24 bytes).
    Removing ecuart.o(.ARM.exidx.text.UART2_baud), (8 bytes).
    Removing ecuart.o(.ARM.exidx.text.USART1_write), (8 bytes).
    Removing ecuart.o(.text.USART2_write), (28 bytes).
    Removing ecuart.o(.ARM.exidx.text.USART2_write), (8 bytes).
    Removing ecuart.o(.ARM.exidx.text.USART1_read), (8 bytes).
    Removing ecuart.o(.text.USART2_read), (16 bytes).
    Removing ecuart.o(.ARM.exidx.text.USART2_read), (8 bytes).
    Removing ecuart.o(.ARM.exidx.text.is_USART1_RXNE), (8 bytes).
    Removing ecuart.o(.text.is_USART2_RXNE), (16 bytes).
    Removing ecuart.o(.ARM.exidx.text.is_USART2_RXNE), (8 bytes).
    Removing ecuart.o(.bss.__stdout), (4 bytes).
    Removing ecuart.o(.bss.__stdin), (4 bytes).
    Removing system_stm32f4xx.o(.text), (0 bytes).
    Removing system_stm32f4xx.o(.ARM.exidx.text.SystemInit), (8 bytes).
    Removing system_stm32f4xx.o(.text.SystemCoreClockUpdate), (302 bytes).
    Removing system_stm32f4xx.o(.ARM.exidx.text.SystemCoreClockUpdate), (8 bytes).
    Removing system_stm32f4xx.o(.data.SystemCoreClock), (4 bytes).
    Removing system_stm32f4xx.o(.rodata.AHBPrescTable), (16 bytes).
    Removing system_stm32f4xx.o(.rodata.APBPrescTable), (8 bytes).

173 unused section(s) (total 7364 bytes) removed from the image.

==============================================================================

Image Symbol Table

    Local Symbols

    Symbol Name                              Value     Ov Type        Size  Object(Section)

    ../clib/angel/boardlib.s                 0x00000000   Number         0  boardinit1.o ABSOLUTE
    ../clib/angel/boardlib.s                 0x00000000   Number         0  boardinit2.o ABSOLUTE
    ../clib/angel/boardlib.s                 0x00000000   Number         0  boardinit3.o ABSOLUTE
    ../clib/angel/boardlib.s                 0x00000000   Number         0  boardshut.o ABSOLUTE
    ../clib/angel/handlers.s                 0x00000000   Number         0  __scatter_copy.o ABSOLUTE
    ../clib/angel/handlers.s                 0x00000000   Number         0  __scatter_zi.o ABSOLUTE
    ../clib/angel/kernel.s                   0x00000000   Number         0  __rtentry.o ABSOLUTE
    ../clib/angel/kernel.s                   0x00000000   Number         0  __rtentry2.o ABSOLUTE
    ../clib/angel/kernel.s                   0x00000000   Number         0  __rtentry4.o ABSOLUTE
    ../clib/angel/kernel.s                   0x00000000   Number         0  rtexit.o ABSOLUTE
    ../clib/angel/kernel.s                   0x00000000   Number         0  rtexit2.o ABSOLUTE
    ../clib/angel/rt.s                       0x00000000   Number         0  rt_raise.o ABSOLUTE
    ../clib/angel/scatter.s                  0x00000000   Number         0  __scatter.o ABSOLUTE
    ../clib/angel/startup.s                  0x00000000   Number         0  __main.o ABSOLUTE
    ../clib/angel/sys.s                      0x00000000   Number         0  sys_stackheap_outer.o ABSOLUTE
    ../clib/angel/sys.s                      0x00000000   Number         0  libspace.o ABSOLUTE
    ../clib/angel/sys.s                      0x00000000   Number         0  use_no_semi.o ABSOLUTE
    ../clib/angel/sys.s                      0x00000000   Number         0  indicate_semi.o ABSOLUTE
    ../clib/angel/sysapp.c                   0x00000000   Number         0  sys_exit.o ABSOLUTE
    ../clib/angel/sysapp.c                   0x00000000   Number         0  sys_exit_hlt.o ABSOLUTE
    ../clib/angel/sysapp.c                   0x00000000   Number         0  sys_command.o ABSOLUTE
    ../clib/angel/sysapp.c                   0x00000000   Number         0  sys_command_hlt.o ABSOLUTE
    ../clib/angel/sysapp.c                   0x00000000   Number         0  sys_wrch.o ABSOLUTE
    ../clib/angel/sysapp.c                   0x00000000   Number         0  sys_wrch_hlt.o ABSOLUTE
    ../clib/armsys.c                         0x00000000   Number         0  argv_veneer.o ABSOLUTE
    ../clib/armsys.c                         0x00000000   Number         0  argv_veneer.o ABSOLUTE
    ../clib/armsys.c                         0x00000000   Number         0  _get_argv_nomalloc.o ABSOLUTE
    ../clib/armsys.c                         0x00000000   Number         0  no_argv.o ABSOLUTE
    ../clib/heapalloc.c                      0x00000000   Number         0  hrguard.o ABSOLUTE
    ../clib/heapaux.c                        0x00000000   Number         0  heapauxi.o ABSOLUTE
    ../clib/libinit.s                        0x00000000   Number         0  libinit.o ABSOLUTE
    ../clib/libinit.s                        0x00000000   Number         0  libinit2.o ABSOLUTE
    ../clib/libinit.s                        0x00000000   Number         0  libshutdown.o ABSOLUTE
    ../clib/libinit.s                        0x00000000   Number         0  libshutdown2.o ABSOLUTE
    ../clib/memcpset.s                       0x00000000   Number         0  rt_memcpy_v6.o ABSOLUTE
    ../clib/memcpset.s                       0x00000000   Number         0  rt_memcpy_w.o ABSOLUTE
    ../clib/signal.c                         0x00000000   Number         0  defsig_rtmem_outer.o ABSOLUTE
    ../clib/signal.c                         0x00000000   Number         0  defsig_rtmem_formal.o ABSOLUTE
    ../clib/signal.c                         0x00000000   Number         0  defsig_exit.o ABSOLUTE
    ../clib/signal.c                         0x00000000   Number         0  defsig_rtmem_inner.o ABSOLUTE
    ../clib/signal.c                         0x00000000   Number         0  __raise.o ABSOLUTE
    ../clib/signal.c                         0x00000000   Number         0  defsig_general.o ABSOLUTE
    ../clib/signal.c                         0x00000000   Number         0  defsig_abrt_inner.o ABSOLUTE
    ../clib/signal.c                         0x00000000   Number         0  defsig_fpe_inner.o ABSOLUTE
    ../clib/signal.c                         0x00000000   Number         0  defsig_rtred_inner.o ABSOLUTE
    ../clib/signal.c                         0x00000000   Number         0  defsig_stak_inner.o ABSOLUTE
    ../clib/signal.c                         0x00000000   Number         0  defsig_pvfn_inner.o ABSOLUTE
    ../clib/signal.c                         0x00000000   Number         0  defsig_cppl_inner.o ABSOLUTE
    ../clib/signal.c                         0x00000000   Number         0  defsig_segv_inner.o ABSOLUTE
    ../clib/signal.c                         0x00000000   Number         0  defsig_other.o ABSOLUTE
    ../clib/signal.s                         0x00000000   Number         0  defsig.o ABSOLUTE
    ../clib/stdlib.c                         0x00000000   Number         0  exit.o ABSOLUTE
    ../fplib/daddsub.s                       0x00000000   Number         0  daddsub_clz.o ABSOLUTE
    ../fplib/dcmpi.s                         0x00000000   Number         0  dcmpi.o ABSOLUTE
    ../fplib/dfixu.s                         0x00000000   Number         0  dfixu.o ABSOLUTE
    ../fplib/dleqf.s                         0x00000000   Number         0  dleqf.o ABSOLUTE
    ../fplib/dnaninf.s                       0x00000000   Number         0  dnaninf.o ABSOLUTE
    ../fplib/dretinf.s                       0x00000000   Number         0  dretinf.o ABSOLUTE
    ../fplib/drleqf.s                        0x00000000   Number         0  drleqf.o ABSOLUTE
    ../fplib/drnd.s                          0x00000000   Number         0  drnd.o ABSOLUTE
    ../fplib/f2d.s                           0x00000000   Number         0  f2d.o ABSOLUTE
    ../fplib/fnaninf.s                       0x00000000   Number         0  fnaninf.o ABSOLUTE
    ../fplib/fpinit.s                        0x00000000   Number         0  fpinit.o ABSOLUTE
    ../fplib/usenofp.s                       0x00000000   Number         0  usenofp.o ABSOLUTE
    ../mathlib/round.c                       0x00000000   Number         0  round.o ABSOLUTE
    LAB_USART_Bluetooth.c                    0x00000000   Number         0  lab_usart_bluetooth.o ABSOLUTE
    RTE/Device/STM32F411RETx/startup_stm32f411xe.s 0x00000000   Number         0  startup_stm32f411xe.o ABSOLUTE
    dc.s                                     0x00000000   Number         0  dc.o ABSOLUTE
    ecEXTI.c                                 0x00000000   Number         0  ecexti.o ABSOLUTE
    ecGPIO.c                                 0x00000000   Number         0  ecgpio.o ABSOLUTE
    ecICAP.c                                 0x00000000   Number         0  ecicap.o ABSOLUTE
    ecPWM.c                                  0x00000000   Number         0  ecpwm.o ABSOLUTE
    ecPinNames.c                             0x00000000   Number         0  ecpinnames.o ABSOLUTE
    ecRCC.c                                  0x00000000   Number         0  ecrcc.o ABSOLUTE
    ecStepper.c                              0x00000000   Number         0  ecstepper.o ABSOLUTE
    ecSysTick.c                              0x00000000   Number         0  ecsystick.o ABSOLUTE
    ecTIM.c                                  0x00000000   Number         0  ectim.o ABSOLUTE
    ecUART.c                                 0x00000000   Number         0  ecuart.o ABSOLUTE
    system_stm32f4xx.c                       0x00000000   Number         0  system_stm32f4xx.o ABSOLUTE
    RESET                                    0x08000000   Section      408  startup_stm32f411xe.o(RESET)
    !!!main                                  0x08000198   Section        8  __main.o(!!!main)
    !!!scatter                               0x080001a0   Section       52  __scatter.o(!!!scatter)
    !!handler_copy                           0x080001d4   Section       26  __scatter_copy.o(!!handler_copy)
    !!handler_zi                             0x080001f0   Section       28  __scatter_zi.o(!!handler_zi)
    .ARM.Collect$$libinit$$00000000          0x0800020c   Section        2  libinit.o(.ARM.Collect$$libinit$$00000000)
    .ARM.Collect$$libinit$$00000001          0x0800020e   Section        4  libinit2.o(.ARM.Collect$$libinit$$00000001)
    .ARM.Collect$$libinit$$00000004          0x08000212   Section        0  libinit2.o(.ARM.Collect$$libinit$$00000004)
    .ARM.Collect$$libinit$$00000006          0x08000212   Section        0  libinit2.o(.ARM.Collect$$libinit$$00000006)
    .ARM.Collect$$libinit$$0000000C          0x08000212   Section        0  libinit2.o(.ARM.Collect$$libinit$$0000000C)
    .ARM.Collect$$libinit$$0000000E          0x08000212   Section        0  libinit2.o(.ARM.Collect$$libinit$$0000000E)
    .ARM.Collect$$libinit$$00000010          0x08000212   Section        0  libinit2.o(.ARM.Collect$$libinit$$00000010)
    .ARM.Collect$$libinit$$00000013          0x08000212   Section        0  libinit2.o(.ARM.Collect$$libinit$$00000013)
    .ARM.Collect$$libinit$$00000015          0x08000212   Section        0  libinit2.o(.ARM.Collect$$libinit$$00000015)
    .ARM.Collect$$libinit$$00000017          0x08000212   Section        0  libinit2.o(.ARM.Collect$$libinit$$00000017)
    .ARM.Collect$$libinit$$00000019          0x08000212   Section        0  libinit2.o(.ARM.Collect$$libinit$$00000019)
    .ARM.Collect$$libinit$$0000001B          0x08000212   Section        0  libinit2.o(.ARM.Collect$$libinit$$0000001B)
    .ARM.Collect$$libinit$$0000001D          0x08000212   Section        0  libinit2.o(.ARM.Collect$$libinit$$0000001D)
    .ARM.Collect$$libinit$$0000001F          0x08000212   Section        0  libinit2.o(.ARM.Collect$$libinit$$0000001F)
    .ARM.Collect$$libinit$$00000021          0x08000212   Section        0  libinit2.o(.ARM.Collect$$libinit$$00000021)
    .ARM.Collect$$libinit$$00000023          0x08000212   Section        0  libinit2.o(.ARM.Collect$$libinit$$00000023)
    .ARM.Collect$$libinit$$00000025          0x08000212   Section        0  libinit2.o(.ARM.Collect$$libinit$$00000025)
    .ARM.Collect$$libinit$$00000027          0x08000212   Section        0  libinit2.o(.ARM.Collect$$libinit$$00000027)
    .ARM.Collect$$libinit$$0000002E          0x08000212   Section        0  libinit2.o(.ARM.Collect$$libinit$$0000002E)
    .ARM.Collect$$libinit$$00000030          0x08000212   Section        0  libinit2.o(.ARM.Collect$$libinit$$00000030)
    .ARM.Collect$$libinit$$00000032          0x08000212   Section        0  libinit2.o(.ARM.Collect$$libinit$$00000032)
    .ARM.Collect$$libinit$$00000034          0x08000212   Section        0  libinit2.o(.ARM.Collect$$libinit$$00000034)
    .ARM.Collect$$libinit$$00000035          0x08000212   Section        2  libinit2.o(.ARM.Collect$$libinit$$00000035)
    .ARM.Collect$$libshutdown$$00000000      0x08000214   Section        2  libshutdown.o(.ARM.Collect$$libshutdown$$00000000)
    .ARM.Collect$$libshutdown$$00000002      0x08000216   Section        0  libshutdown2.o(.ARM.Collect$$libshutdown$$00000002)
    .ARM.Collect$$libshutdown$$00000004      0x08000216   Section        0  libshutdown2.o(.ARM.Collect$$libshutdown$$00000004)
    .ARM.Collect$$libshutdown$$00000007      0x08000216   Section        0  libshutdown2.o(.ARM.Collect$$libshutdown$$00000007)
    .ARM.Collect$$libshutdown$$0000000A      0x08000216   Section        0  libshutdown2.o(.ARM.Collect$$libshutdown$$0000000A)
    .ARM.Collect$$libshutdown$$0000000C      0x08000216   Section        0  libshutdown2.o(.ARM.Collect$$libshutdown$$0000000C)
    .ARM.Collect$$libshutdown$$0000000F      0x08000216   Section        0  libshutdown2.o(.ARM.Collect$$libshutdown$$0000000F)
    .ARM.Collect$$libshutdown$$00000010      0x08000216   Section        2  libshutdown2.o(.ARM.Collect$$libshutdown$$00000010)
    .ARM.Collect$$rtentry$$00000000          0x08000218   Section        0  __rtentry.o(.ARM.Collect$$rtentry$$00000000)
    .ARM.Collect$$rtentry$$00000002          0x08000218   Section        0  __rtentry2.o(.ARM.Collect$$rtentry$$00000002)
    .ARM.Collect$$rtentry$$00000004          0x08000218   Section        6  __rtentry4.o(.ARM.Collect$$rtentry$$00000004)
    .ARM.Collect$$rtentry$$00000009          0x0800021e   Section        0  __rtentry2.o(.ARM.Collect$$rtentry$$00000009)
    .ARM.Collect$$rtentry$$0000000A          0x0800021e   Section        4  __rtentry2.o(.ARM.Collect$$rtentry$$0000000A)
    .ARM.Collect$$rtentry$$0000000C          0x08000222   Section        0  __rtentry2.o(.ARM.Collect$$rtentry$$0000000C)
    .ARM.Collect$$rtentry$$0000000D          0x08000222   Section        8  __rtentry2.o(.ARM.Collect$$rtentry$$0000000D)
    .ARM.Collect$$rtexit$$00000000           0x0800022a   Section        2  rtexit.o(.ARM.Collect$$rtexit$$00000000)
    .ARM.Collect$$rtexit$$00000002           0x0800022c   Section        0  rtexit2.o(.ARM.Collect$$rtexit$$00000002)
    .ARM.Collect$$rtexit$$00000003           0x0800022c   Section        4  rtexit2.o(.ARM.Collect$$rtexit$$00000003)
    .ARM.Collect$$rtexit$$00000004           0x08000230   Section        6  rtexit2.o(.ARM.Collect$$rtexit$$00000004)
    $v0                                      0x08000238   Number         0  startup_stm32f411xe.o(.text)
    .text                                    0x08000238   Section       64  startup_stm32f411xe.o(.text)
    .text                                    0x08000278   Section      138  rt_memcpy_v6.o(.text)
    .text                                    0x08000302   Section        0  heapauxi.o(.text)
    .text                                    0x08000308   Section      100  rt_memcpy_w.o(.text)
    .text                                    0x0800036c   Section       74  sys_stackheap_outer.o(.text)
    .text                                    0x080003b6   Section        0  exit.o(.text)
    .text                                    0x080003c8   Section        8  libspace.o(.text)
    .text                                    0x080003d0   Section        0  sys_exit.o(.text)
    .text                                    0x080003dc   Section        2  use_no_semi.o(.text)
    .text                                    0x080003de   Section        0  indicate_semi.o(.text)
    [Anonymous Symbol]                       0x080003e0   Section        0  ecgpio.o(.text.GPIO)
    [Anonymous Symbol]                       0x08000420   Section        0  ecgpio.o(.text.GPIO_init)
    [Anonymous Symbol]                       0x08000490   Section        0  ecgpio.o(.text.GPIO_mode)
    [Anonymous Symbol]                       0x080004c0   Section        0  ecgpio.o(.text.GPIO_ospeed)
    [Anonymous Symbol]                       0x080004f0   Section        0  ecgpio.o(.text.GPIO_otype)
    [Anonymous Symbol]                       0x0800051c   Section        0  ecgpio.o(.text.GPIO_pupd)
    [Anonymous Symbol]                       0x0800054c   Section        0  ecgpio.o(.text.GPIO_write)
    [Anonymous Symbol]                       0x08000578   Section        0  ecpwm.o(.text.PWM_duty)
    [Anonymous Symbol]                       0x08000628   Section        0  ecpwm.o(.text.PWM_init)
    [Anonymous Symbol]                       0x0800096c   Section        0  ecpwm.o(.text.PWM_period_us)
    [Anonymous Symbol]                       0x0800099c   Section        0  ecpwm.o(.text.PWM_pinmap)
    [Anonymous Symbol]                       0x08000bb8   Section        0  ecrcc.o(.text.RCC_GPIOA_enable)
    [Anonymous Symbol]                       0x08000bcc   Section        0  ecrcc.o(.text.RCC_GPIOB_enable)
    [Anonymous Symbol]                       0x08000be0   Section        0  ecrcc.o(.text.RCC_GPIOC_enable)
    [Anonymous Symbol]                       0x08000bf4   Section        0  ecrcc.o(.text.RCC_GPIOD_enable)
    [Anonymous Symbol]                       0x08000c08   Section        0  ecrcc.o(.text.RCC_PLL_init)
    [Anonymous Symbol]                       0x08000d1c   Section        0  ecsystick.o(.text.SysTick_Handler)
    [Anonymous Symbol]                       0x08000d24   Section        0  ecsystick.o(.text.SysTick_counter)
    [Anonymous Symbol]                       0x08000d34   Section        0  system_stm32f4xx.o(.text.SystemInit)
    [Anonymous Symbol]                       0x08000d48   Section        0  ectim.o(.text.TIM_init)
    [Anonymous Symbol]                       0x08000e64   Section        0  ectim.o(.text.TIM_period_ms)
    [Anonymous Symbol]                       0x08000f54   Section        0  ectim.o(.text.TIM_period_us)
    [Anonymous Symbol]                       0x08001034   Section        0  ecuart.o(.text.UART1_baud)
    [Anonymous Symbol]                       0x0800104c   Section        0  ecuart.o(.text.UART1_init)
    [Anonymous Symbol]                       0x08001078   Section        0  ecuart.o(.text.UART_baud)
    [Anonymous Symbol]                       0x08001130   Section        0  lab_usart_bluetooth.o(.text.USART1_IRQHandler)
    [Anonymous Symbol]                       0x08001348   Section        0  ecuart.o(.text.USART1_read)
    [Anonymous Symbol]                       0x08001358   Section        0  ecuart.o(.text.USART1_write)
    [Anonymous Symbol]                       0x08001374   Section        0  ecuart.o(.text.USART_delay)
    [Anonymous Symbol]                       0x080013a8   Section        0  ecuart.o(.text.USART_read)
    [Anonymous Symbol]                       0x080013c8   Section        0  ecuart.o(.text.USART_setting)
    [Anonymous Symbol]                       0x0800163c   Section        0  ecuart.o(.text.USART_write)
    __NVIC_EnableIRQ                         0x080016a1   Thumb Code    48  ecuart.o(.text.__NVIC_EnableIRQ)
    [Anonymous Symbol]                       0x080016a0   Section        0  ecuart.o(.text.__NVIC_EnableIRQ)
    __NVIC_SetPriority                       0x080016d1   Thumb Code    66  ecuart.o(.text.__NVIC_SetPriority)
    [Anonymous Symbol]                       0x080016d0   Section        0  ecuart.o(.text.__NVIC_SetPriority)
    [Anonymous Symbol]                       0x08001714   Section        0  ecpinnames.o(.text.ecPinmap)
    [Anonymous Symbol]                       0x080017b8   Section        0  ecuart.o(.text.is_USART1_RXNE)
    [Anonymous Symbol]                       0x080017c8   Section        0  ecuart.o(.text.is_USART_RXNE)
    [Anonymous Symbol]                       0x080017d8   Section        0  lab_usart_bluetooth.o(.text.main)
    [Anonymous Symbol]                       0x08001830   Section        0  lab_usart_bluetooth.o(.text.setup)
    i.__hardfp_round                         0x080018f8   Section        0  round.o(i.__hardfp_round)
    $v0                                      0x080019d8   Number         0  daddsub_clz.o(x$fpl$dadd)
    x$fpl$dadd                               0x080019d8   Section      336  daddsub_clz.o(x$fpl$dadd)
    _dadd1                                   0x080019e9   Thumb Code     0  daddsub_clz.o(x$fpl$dadd)
    $v0                                      0x08001b28   Number         0  dcmpi.o(x$fpl$dcmpinf)
    x$fpl$dcmpinf                            0x08001b28   Section       24  dcmpi.o(x$fpl$dcmpinf)
    $v0                                      0x08001b40   Number         0  dfixu.o(x$fpl$dfixu)
    x$fpl$dfixu                              0x08001b40   Section       90  dfixu.o(x$fpl$dfixu)
    $v0                                      0x08001b9c   Number         0  dleqf.o(x$fpl$dleqf)
    x$fpl$dleqf                              0x08001b9c   Section      120  dleqf.o(x$fpl$dleqf)
    $v0                                      0x08001c14   Number         0  dnaninf.o(x$fpl$dnaninf)
    x$fpl$dnaninf                            0x08001c14   Section      156  dnaninf.o(x$fpl$dnaninf)
    $v0                                      0x08001cb0   Number         0  dretinf.o(x$fpl$dretinf)
    x$fpl$dretinf                            0x08001cb0   Section       12  dretinf.o(x$fpl$dretinf)
    $v0                                      0x08001cbc   Number         0  drleqf.o(x$fpl$drleqf)
    x$fpl$drleqf                             0x08001cbc   Section      108  drleqf.o(x$fpl$drleqf)
    $v0                                      0x08001d28   Number         0  drnd.o(x$fpl$drnd)
    x$fpl$drnd                               0x08001d28   Section      180  drnd.o(x$fpl$drnd)
    $v0                                      0x08001ddc   Number         0  daddsub_clz.o(x$fpl$dsub)
    x$fpl$dsub                               0x08001ddc   Section      476  daddsub_clz.o(x$fpl$dsub)
    _dsub1                                   0x08001ded   Thumb Code     0  daddsub_clz.o(x$fpl$dsub)
    $v0                                      0x08001fb8   Number         0  f2d.o(x$fpl$f2d)
    x$fpl$f2d                                0x08001fb8   Section       86  f2d.o(x$fpl$f2d)
    $v0                                      0x0800200e   Number         0  fnaninf.o(x$fpl$fnaninf)
    x$fpl$fnaninf                            0x0800200e   Section      140  fnaninf.o(x$fpl$fnaninf)
    $v0                                      0x0800209a   Number         0  fpinit.o(x$fpl$fpinit)
    x$fpl$fpinit                             0x0800209a   Section       26  fpinit.o(x$fpl$fpinit)
    .L.str                                   0x080020b4   Data           3  lab_usart_bluetooth.o(.rodata.str1.1)
    [Anonymous Symbol]                       0x080020b4   Section        0  lab_usart_bluetooth.o(.rodata.str1.1)
    x$fpl$usenofp                            0x080020b4   Section        0  usenofp.o(x$fpl$usenofp)
    .bss                                     0x20000010   Section       96  libspace.o(.bss)
    BT_Data                                  0x20000070   Data           1  lab_usart_bluetooth.o(.bss.BT_Data)
    [Anonymous Symbol]                       0x20000070   Section        0  lab_usart_bluetooth.o(.bss.BT_Data)
    BT_string                                0x20000071   Data          10  lab_usart_bluetooth.o(.bss.BT_string)
    [Anonymous Symbol]                       0x20000071   Section        0  lab_usart_bluetooth.o(.bss.BT_string)
    bReceive                                 0x2000007c   Data           4  lab_usart_bluetooth.o(.bss.bReceive)
    [Anonymous Symbol]                       0x2000007c   Section        0  lab_usart_bluetooth.o(.bss.bReceive)
    buffer                                   0x20000080   Data          10  lab_usart_bluetooth.o(.bss.buffer)
    [Anonymous Symbol]                       0x20000080   Section        0  lab_usart_bluetooth.o(.bss.buffer)
    idx                                      0x2000008c   Data           4  lab_usart_bluetooth.o(.bss.idx)
    [Anonymous Symbol]                       0x2000008c   Section        0  lab_usart_bluetooth.o(.bss.idx)
    Heap_Mem                                 0x20000098   Data         512  startup_stm32f411xe.o(HEAP)
    HEAP                                     0x20000098   Section      512  startup_stm32f411xe.o(HEAP)
    Stack_Mem                                0x20000298   Data        1024  startup_stm32f411xe.o(STACK)
    STACK                                    0x20000298   Section     1024  startup_stm32f411xe.o(STACK)
    __initial_sp                             0x20000698   Data           0  startup_stm32f411xe.o(STACK)

    Global Symbols

    Symbol Name                              Value     Ov Type        Size  Object(Section)

    BuildAttributes$$THM_ISAv4$E$P$D$K$B$S$7EM$VFPi3$EXTD16$VFPS$VFMA$PE$A:L22UL41UL21$X:L11$S22US41US21$IEEE1$IW$~IW$USESV6$~STKCKD$USESV7$~SHL$OTIME$ROPI$IEEEJ$EBA8$UX$STANDARDLIB$REQ8$PRES8$EABIv2 0x00000000   Number         0  anon$$obj.o ABSOLUTE
    __ARM_exceptions_init                     - Undefined Weak Reference
    __alloca_initialize                       - Undefined Weak Reference
    __arm_preinit_                            - Undefined Weak Reference
    __arm_relocate_pie_                       - Undefined Weak Reference
    __cpp_initialize__aeabi_                  - Undefined Weak Reference
    __cxa_finalize                            - Undefined Weak Reference
    __rt_locale                               - Undefined Weak Reference
    __sigvec_lookup                           - Undefined Weak Reference
    _atexit_init                              - Undefined Weak Reference
    _call_atexit_fns                          - Undefined Weak Reference
    _clock_init                               - Undefined Weak Reference
    _fp_trap_init                             - Undefined Weak Reference
    _fp_trap_shutdown                         - Undefined Weak Reference
    _get_lc_collate                           - Undefined Weak Reference
    _get_lc_ctype                             - Undefined Weak Reference
    _get_lc_monetary                          - Undefined Weak Reference
    _get_lc_numeric                           - Undefined Weak Reference
    _get_lc_time                              - Undefined Weak Reference
    _getenv_init                              - Undefined Weak Reference
    _handle_redirection                       - Undefined Weak Reference
    _init_alloc                               - Undefined Weak Reference
    _init_user_alloc                          - Undefined Weak Reference
    _initio                                   - Undefined Weak Reference
    _rand_init                                - Undefined Weak Reference
    _signal_finish                            - Undefined Weak Reference
    _signal_init                              - Undefined Weak Reference
    _terminate_alloc                          - Undefined Weak Reference
    _terminate_user_alloc                     - Undefined Weak Reference
    _terminateio                              - Undefined Weak Reference
    __Vectors_Size                           0x00000198   Number         0  startup_stm32f411xe.o ABSOLUTE
    __Vectors                                0x08000000   Data           4  startup_stm32f411xe.o(RESET)
    __Vectors_End                            0x08000198   Data           0  startup_stm32f411xe.o(RESET)
    __main                                   0x08000199   Thumb Code     8  __main.o(!!!main)
    __scatterload                            0x080001a1   Thumb Code     0  __scatter.o(!!!scatter)
    __scatterload_rt2                        0x080001a1   Thumb Code    44  __scatter.o(!!!scatter)
    __scatterload_rt2_thumb_only             0x080001a1   Thumb Code     0  __scatter.o(!!!scatter)
    __scatterload_null                       0x080001af   Thumb Code     0  __scatter.o(!!!scatter)
    __scatterload_copy                       0x080001d5   Thumb Code    26  __scatter_copy.o(!!handler_copy)
    __scatterload_zeroinit                   0x080001f1   Thumb Code    28  __scatter_zi.o(!!handler_zi)
    __rt_lib_init                            0x0800020d   Thumb Code     0  libinit.o(.ARM.Collect$$libinit$$00000000)
    __rt_lib_init_fp_1                       0x0800020f   Thumb Code     0  libinit2.o(.ARM.Collect$$libinit$$00000001)
    __rt_lib_init_alloca_1                   0x08000213   Thumb Code     0  libinit2.o(.ARM.Collect$$libinit$$00000030)
    __rt_lib_init_argv_1                     0x08000213   Thumb Code     0  libinit2.o(.ARM.Collect$$libinit$$0000002E)
    __rt_lib_init_atexit_1                   0x08000213   Thumb Code     0  libinit2.o(.ARM.Collect$$libinit$$0000001D)
    __rt_lib_init_clock_1                    0x08000213   Thumb Code     0  libinit2.o(.ARM.Collect$$libinit$$00000023)
    __rt_lib_init_cpp_1                      0x08000213   Thumb Code     0  libinit2.o(.ARM.Collect$$libinit$$00000034)
    __rt_lib_init_exceptions_1               0x08000213   Thumb Code     0  libinit2.o(.ARM.Collect$$libinit$$00000032)
    __rt_lib_init_fp_trap_1                  0x08000213   Thumb Code     0  libinit2.o(.ARM.Collect$$libinit$$00000021)
    __rt_lib_init_getenv_1                   0x08000213   Thumb Code     0  libinit2.o(.ARM.Collect$$libinit$$00000025)
    __rt_lib_init_heap_1                     0x08000213   Thumb Code     0  libinit2.o(.ARM.Collect$$libinit$$0000000C)
    __rt_lib_init_lc_collate_1               0x08000213   Thumb Code     0  libinit2.o(.ARM.Collect$$libinit$$00000013)
    __rt_lib_init_lc_ctype_1                 0x08000213   Thumb Code     0  libinit2.o(.ARM.Collect$$libinit$$00000015)
    __rt_lib_init_lc_monetary_1              0x08000213   Thumb Code     0  libinit2.o(.ARM.Collect$$libinit$$00000017)
    __rt_lib_init_lc_numeric_1               0x08000213   Thumb Code     0  libinit2.o(.ARM.Collect$$libinit$$00000019)
    __rt_lib_init_lc_time_1                  0x08000213   Thumb Code     0  libinit2.o(.ARM.Collect$$libinit$$0000001B)
    __rt_lib_init_preinit_1                  0x08000213   Thumb Code     0  libinit2.o(.ARM.Collect$$libinit$$00000006)
    __rt_lib_init_rand_1                     0x08000213   Thumb Code     0  libinit2.o(.ARM.Collect$$libinit$$00000010)
    __rt_lib_init_relocate_pie_1             0x08000213   Thumb Code     0  libinit2.o(.ARM.Collect$$libinit$$00000004)
    __rt_lib_init_return                     0x08000213   Thumb Code     0  libinit2.o(.ARM.Collect$$libinit$$00000035)
    __rt_lib_init_signal_1                   0x08000213   Thumb Code     0  libinit2.o(.ARM.Collect$$libinit$$0000001F)
    __rt_lib_init_stdio_1                    0x08000213   Thumb Code     0  libinit2.o(.ARM.Collect$$libinit$$00000027)
    __rt_lib_init_user_alloc_1               0x08000213   Thumb Code     0  libinit2.o(.ARM.Collect$$libinit$$0000000E)
    __rt_lib_shutdown                        0x08000215   Thumb Code     0  libshutdown.o(.ARM.Collect$$libshutdown$$00000000)
    __rt_lib_shutdown_cpp_1                  0x08000217   Thumb Code     0  libshutdown2.o(.ARM.Collect$$libshutdown$$00000002)
    __rt_lib_shutdown_fp_trap_1              0x08000217   Thumb Code     0  libshutdown2.o(.ARM.Collect$$libshutdown$$00000007)
    __rt_lib_shutdown_heap_1                 0x08000217   Thumb Code     0  libshutdown2.o(.ARM.Collect$$libshutdown$$0000000F)
    __rt_lib_shutdown_return                 0x08000217   Thumb Code     0  libshutdown2.o(.ARM.Collect$$libshutdown$$00000010)
    __rt_lib_shutdown_signal_1               0x08000217   Thumb Code     0  libshutdown2.o(.ARM.Collect$$libshutdown$$0000000A)
    __rt_lib_shutdown_stdio_1                0x08000217   Thumb Code     0  libshutdown2.o(.ARM.Collect$$libshutdown$$00000004)
    __rt_lib_shutdown_user_alloc_1           0x08000217   Thumb Code     0  libshutdown2.o(.ARM.Collect$$libshutdown$$0000000C)
    __rt_entry                               0x08000219   Thumb Code     0  __rtentry.o(.ARM.Collect$$rtentry$$00000000)
    __rt_entry_presh_1                       0x08000219   Thumb Code     0  __rtentry2.o(.ARM.Collect$$rtentry$$00000002)
    __rt_entry_sh                            0x08000219   Thumb Code     0  __rtentry4.o(.ARM.Collect$$rtentry$$00000004)
    __rt_entry_li                            0x0800021f   Thumb Code     0  __rtentry2.o(.ARM.Collect$$rtentry$$0000000A)
    __rt_entry_postsh_1                      0x0800021f   Thumb Code     0  __rtentry2.o(.ARM.Collect$$rtentry$$00000009)
    __rt_entry_main                          0x08000223   Thumb Code     0  __rtentry2.o(.ARM.Collect$$rtentry$$0000000D)
    __rt_entry_postli_1                      0x08000223   Thumb Code     0  __rtentry2.o(.ARM.Collect$$rtentry$$0000000C)
    __rt_exit                                0x0800022b   Thumb Code     0  rtexit.o(.ARM.Collect$$rtexit$$00000000)
    __rt_exit_ls                             0x0800022d   Thumb Code     0  rtexit2.o(.ARM.Collect$$rtexit$$00000003)
    __rt_exit_prels_1                        0x0800022d   Thumb Code     0  rtexit2.o(.ARM.Collect$$rtexit$$00000002)
    __rt_exit_exit                           0x08000231   Thumb Code     0  rtexit2.o(.ARM.Collect$$rtexit$$00000004)
    Reset_Handler                            0x08000239   Thumb Code     8  startup_stm32f411xe.o(.text)
    NMI_Handler                              0x08000241   Thumb Code     2  startup_stm32f411xe.o(.text)
    HardFault_Handler                        0x08000243   Thumb Code     2  startup_stm32f411xe.o(.text)
    MemManage_Handler                        0x08000245   Thumb Code     2  startup_stm32f411xe.o(.text)
    BusFault_Handler                         0x08000247   Thumb Code     2  startup_stm32f411xe.o(.text)
    UsageFault_Handler                       0x08000249   Thumb Code     2  startup_stm32f411xe.o(.text)
    SVC_Handler                              0x0800024b   Thumb Code     2  startup_stm32f411xe.o(.text)
    DebugMon_Handler                         0x0800024d   Thumb Code     2  startup_stm32f411xe.o(.text)
    PendSV_Handler                           0x0800024f   Thumb Code     2  startup_stm32f411xe.o(.text)
    ADC_IRQHandler                           0x08000253   Thumb Code     0  startup_stm32f411xe.o(.text)
    DMA1_Stream0_IRQHandler                  0x08000253   Thumb Code     0  startup_stm32f411xe.o(.text)
    DMA1_Stream1_IRQHandler                  0x08000253   Thumb Code     0  startup_stm32f411xe.o(.text)
    DMA1_Stream2_IRQHandler                  0x08000253   Thumb Code     0  startup_stm32f411xe.o(.text)
    DMA1_Stream3_IRQHandler                  0x08000253   Thumb Code     0  startup_stm32f411xe.o(.text)
    DMA1_Stream4_IRQHandler                  0x08000253   Thumb Code     0  startup_stm32f411xe.o(.text)
    DMA1_Stream5_IRQHandler                  0x08000253   Thumb Code     0  startup_stm32f411xe.o(.text)
    DMA1_Stream6_IRQHandler                  0x08000253   Thumb Code     0  startup_stm32f411xe.o(.text)
    DMA1_Stream7_IRQHandler                  0x08000253   Thumb Code     0  startup_stm32f411xe.o(.text)
    DMA2_Stream0_IRQHandler                  0x08000253   Thumb Code     0  startup_stm32f411xe.o(.text)
    DMA2_Stream1_IRQHandler                  0x08000253   Thumb Code     0  startup_stm32f411xe.o(.text)
    DMA2_Stream2_IRQHandler                  0x08000253   Thumb Code     0  startup_stm32f411xe.o(.text)
    DMA2_Stream3_IRQHandler                  0x08000253   Thumb Code     0  startup_stm32f411xe.o(.text)
    DMA2_Stream4_IRQHandler                  0x08000253   Thumb Code     0  startup_stm32f411xe.o(.text)
    DMA2_Stream5_IRQHandler                  0x08000253   Thumb Code     0  startup_stm32f411xe.o(.text)
    DMA2_Stream6_IRQHandler                  0x08000253   Thumb Code     0  startup_stm32f411xe.o(.text)
    DMA2_Stream7_IRQHandler                  0x08000253   Thumb Code     0  startup_stm32f411xe.o(.text)
    EXTI0_IRQHandler                         0x08000253   Thumb Code     0  startup_stm32f411xe.o(.text)
    EXTI15_10_IRQHandler                     0x08000253   Thumb Code     0  startup_stm32f411xe.o(.text)
    EXTI1_IRQHandler                         0x08000253   Thumb Code     0  startup_stm32f411xe.o(.text)
    EXTI2_IRQHandler                         0x08000253   Thumb Code     0  startup_stm32f411xe.o(.text)
    EXTI3_IRQHandler                         0x08000253   Thumb Code     0  startup_stm32f411xe.o(.text)
    EXTI4_IRQHandler                         0x08000253   Thumb Code     0  startup_stm32f411xe.o(.text)
    EXTI9_5_IRQHandler                       0x08000253   Thumb Code     0  startup_stm32f411xe.o(.text)
    FLASH_IRQHandler                         0x08000253   Thumb Code     0  startup_stm32f411xe.o(.text)
    FPU_IRQHandler                           0x08000253   Thumb Code     0  startup_stm32f411xe.o(.text)
    I2C1_ER_IRQHandler                       0x08000253   Thumb Code     0  startup_stm32f411xe.o(.text)
    I2C1_EV_IRQHandler                       0x08000253   Thumb Code     0  startup_stm32f411xe.o(.text)
    I2C2_ER_IRQHandler                       0x08000253   Thumb Code     0  startup_stm32f411xe.o(.text)
    I2C2_EV_IRQHandler                       0x08000253   Thumb Code     0  startup_stm32f411xe.o(.text)
    I2C3_ER_IRQHandler                       0x08000253   Thumb Code     0  startup_stm32f411xe.o(.text)
    I2C3_EV_IRQHandler                       0x08000253   Thumb Code     0  startup_stm32f411xe.o(.text)
    OTG_FS_IRQHandler                        0x08000253   Thumb Code     0  startup_stm32f411xe.o(.text)
    OTG_FS_WKUP_IRQHandler                   0x08000253   Thumb Code     0  startup_stm32f411xe.o(.text)
    PVD_IRQHandler                           0x08000253   Thumb Code     0  startup_stm32f411xe.o(.text)
    RCC_IRQHandler                           0x08000253   Thumb Code     0  startup_stm32f411xe.o(.text)
    RTC_Alarm_IRQHandler                     0x08000253   Thumb Code     0  startup_stm32f411xe.o(.text)
    RTC_WKUP_IRQHandler                      0x08000253   Thumb Code     0  startup_stm32f411xe.o(.text)
    SDIO_IRQHandler                          0x08000253   Thumb Code     0  startup_stm32f411xe.o(.text)
    SPI1_IRQHandler                          0x08000253   Thumb Code     0  startup_stm32f411xe.o(.text)
    SPI2_IRQHandler                          0x08000253   Thumb Code     0  startup_stm32f411xe.o(.text)
    SPI3_IRQHandler                          0x08000253   Thumb Code     0  startup_stm32f411xe.o(.text)
    SPI4_IRQHandler                          0x08000253   Thumb Code     0  startup_stm32f411xe.o(.text)
    SPI5_IRQHandler                          0x08000253   Thumb Code     0  startup_stm32f411xe.o(.text)
    TAMP_STAMP_IRQHandler                    0x08000253   Thumb Code     0  startup_stm32f411xe.o(.text)
    TIM1_BRK_TIM9_IRQHandler                 0x08000253   Thumb Code     0  startup_stm32f411xe.o(.text)
    TIM1_CC_IRQHandler                       0x08000253   Thumb Code     0  startup_stm32f411xe.o(.text)
    TIM1_TRG_COM_TIM11_IRQHandler            0x08000253   Thumb Code     0  startup_stm32f411xe.o(.text)
    TIM1_UP_TIM10_IRQHandler                 0x08000253   Thumb Code     0  startup_stm32f411xe.o(.text)
    TIM2_IRQHandler                          0x08000253   Thumb Code     0  startup_stm32f411xe.o(.text)
    TIM3_IRQHandler                          0x08000253   Thumb Code     0  startup_stm32f411xe.o(.text)
    TIM4_IRQHandler                          0x08000253   Thumb Code     0  startup_stm32f411xe.o(.text)
    TIM5_IRQHandler                          0x08000253   Thumb Code     0  startup_stm32f411xe.o(.text)
    USART2_IRQHandler                        0x08000253   Thumb Code     0  startup_stm32f411xe.o(.text)
    USART6_IRQHandler                        0x08000253   Thumb Code     0  startup_stm32f411xe.o(.text)
    WWDG_IRQHandler                          0x08000253   Thumb Code     0  startup_stm32f411xe.o(.text)
    __user_initial_stackheap                 0x08000255   Thumb Code     0  startup_stm32f411xe.o(.text)
    __aeabi_memcpy                           0x08000279   Thumb Code     0  rt_memcpy_v6.o(.text)
    __rt_memcpy                              0x08000279   Thumb Code   138  rt_memcpy_v6.o(.text)
    _memcpy_lastbytes                        0x080002df   Thumb Code     0  rt_memcpy_v6.o(.text)
    __use_two_region_memory                  0x08000303   Thumb Code     2  heapauxi.o(.text)
    __rt_heap_escrow$2region                 0x08000305   Thumb Code     2  heapauxi.o(.text)
    __rt_heap_expand$2region                 0x08000307   Thumb Code     2  heapauxi.o(.text)
    __aeabi_memcpy4                          0x08000309   Thumb Code     0  rt_memcpy_w.o(.text)
    __aeabi_memcpy8                          0x08000309   Thumb Code     0  rt_memcpy_w.o(.text)
    __rt_memcpy_w                            0x08000309   Thumb Code   100  rt_memcpy_w.o(.text)
    _memcpy_lastbytes_aligned                0x08000351   Thumb Code     0  rt_memcpy_w.o(.text)
    __user_setup_stackheap                   0x0800036d   Thumb Code    74  sys_stackheap_outer.o(.text)
    exit                                     0x080003b7   Thumb Code    18  exit.o(.text)
    __user_libspace                          0x080003c9   Thumb Code     8  libspace.o(.text)
    __user_perproc_libspace                  0x080003c9   Thumb Code     0  libspace.o(.text)
    __user_perthread_libspace                0x080003c9   Thumb Code     0  libspace.o(.text)
    _sys_exit                                0x080003d1   Thumb Code     8  sys_exit.o(.text)
    __I$use$semihosting                      0x080003dd   Thumb Code     0  use_no_semi.o(.text)
    __use_no_semihosting_swi                 0x080003dd   Thumb Code     2  use_no_semi.o(.text)
    __semihosting_library_function           0x080003df   Thumb Code     0  indicate_semi.o(.text)
    GPIO                                     0x080003e1   Thumb Code    64  ecgpio.o(.text.GPIO)
    GPIO_init                                0x08000421   Thumb Code   110  ecgpio.o(.text.GPIO_init)
    GPIO_mode                                0x08000491   Thumb Code    48  ecgpio.o(.text.GPIO_mode)
    GPIO_ospeed                              0x080004c1   Thumb Code    48  ecgpio.o(.text.GPIO_ospeed)
    GPIO_otype                               0x080004f1   Thumb Code    44  ecgpio.o(.text.GPIO_otype)
    GPIO_pupd                                0x0800051d   Thumb Code    48  ecgpio.o(.text.GPIO_pupd)
    GPIO_write                               0x0800054d   Thumb Code    44  ecgpio.o(.text.GPIO_write)
    PWM_duty                                 0x08000579   Thumb Code   176  ecpwm.o(.text.PWM_duty)
    PWM_init                                 0x08000629   Thumb Code   834  ecpwm.o(.text.PWM_init)
    PWM_period_us                            0x0800096d   Thumb Code    46  ecpwm.o(.text.PWM_period_us)
    PWM_pinmap                               0x0800099d   Thumb Code   538  ecpwm.o(.text.PWM_pinmap)
    RCC_GPIOA_enable                         0x08000bb9   Thumb Code    18  ecrcc.o(.text.RCC_GPIOA_enable)
    RCC_GPIOB_enable                         0x08000bcd   Thumb Code    18  ecrcc.o(.text.RCC_GPIOB_enable)
    RCC_GPIOC_enable                         0x08000be1   Thumb Code    18  ecrcc.o(.text.RCC_GPIOC_enable)
    RCC_GPIOD_enable                         0x08000bf5   Thumb Code    18  ecrcc.o(.text.RCC_GPIOD_enable)
    RCC_PLL_init                             0x08000c09   Thumb Code   276  ecrcc.o(.text.RCC_PLL_init)
    SysTick_Handler                          0x08000d1d   Thumb Code     8  ecsystick.o(.text.SysTick_Handler)
    SysTick_counter                          0x08000d25   Thumb Code    16  ecsystick.o(.text.SysTick_counter)
    SystemInit                               0x08000d35   Thumb Code    18  system_stm32f4xx.o(.text.SystemInit)
    TIM_init                                 0x08000d49   Thumb Code   282  ectim.o(.text.TIM_init)
    TIM_period_ms                            0x08000e65   Thumb Code   240  ectim.o(.text.TIM_period_ms)
    TIM_period_us                            0x08000f55   Thumb Code   224  ectim.o(.text.TIM_period_us)
    UART1_baud                               0x08001035   Thumb Code    24  ecuart.o(.text.UART1_baud)
    UART1_init                               0x0800104d   Thumb Code    42  ecuart.o(.text.UART1_init)
    UART_baud                                0x08001079   Thumb Code   184  ecuart.o(.text.UART_baud)
    USART1_IRQHandler                        0x08001131   Thumb Code   536  lab_usart_bluetooth.o(.text.USART1_IRQHandler)
    USART1_read                              0x08001349   Thumb Code    16  ecuart.o(.text.USART1_read)
    USART1_write                             0x08001359   Thumb Code    28  ecuart.o(.text.USART1_write)
    USART_delay                              0x08001375   Thumb Code    50  ecuart.o(.text.USART_delay)
    USART_read                               0x080013a9   Thumb Code    32  ecuart.o(.text.USART_read)
    USART_setting                            0x080013c9   Thumb Code   626  ecuart.o(.text.USART_setting)
    USART_write                              0x0800163d   Thumb Code   100  ecuart.o(.text.USART_write)
    ecPinmap                                 0x08001715   Thumb Code   164  ecpinnames.o(.text.ecPinmap)
    is_USART1_RXNE                           0x080017b9   Thumb Code    16  ecuart.o(.text.is_USART1_RXNE)
    is_USART_RXNE                            0x080017c9   Thumb Code    16  ecuart.o(.text.is_USART_RXNE)
    main                                     0x080017d9   Thumb Code    86  lab_usart_bluetooth.o(.text.main)
    setup                                    0x08001831   Thumb Code   196  lab_usart_bluetooth.o(.text.setup)
    __hardfp_round                           0x080018f9   Thumb Code   194  round.o(i.__hardfp_round)
    __aeabi_dadd                             0x080019d9   Thumb Code     0  daddsub_clz.o(x$fpl$dadd)
    _dadd                                    0x080019d9   Thumb Code   332  daddsub_clz.o(x$fpl$dadd)
    __fpl_dcmp_Inf                           0x08001b29   Thumb Code    24  dcmpi.o(x$fpl$dcmpinf)
    __aeabi_d2uiz                            0x08001b41   Thumb Code     0  dfixu.o(x$fpl$dfixu)
    _dfixu                                   0x08001b41   Thumb Code    90  dfixu.o(x$fpl$dfixu)
    __aeabi_cdcmple                          0x08001b9d   Thumb Code     0  dleqf.o(x$fpl$dleqf)
    _dcmple                                  0x08001b9d   Thumb Code   120  dleqf.o(x$fpl$dleqf)
    __fpl_dcmple_InfNaN                      0x08001bff   Thumb Code     0  dleqf.o(x$fpl$dleqf)
    __fpl_dnaninf                            0x08001c15   Thumb Code   156  dnaninf.o(x$fpl$dnaninf)
    __fpl_dretinf                            0x08001cb1   Thumb Code    12  dretinf.o(x$fpl$dretinf)
    __aeabi_cdrcmple                         0x08001cbd   Thumb Code     0  drleqf.o(x$fpl$drleqf)
    _drcmple                                 0x08001cbd   Thumb Code   108  drleqf.o(x$fpl$drleqf)
    _drnd                                    0x08001d29   Thumb Code   180  drnd.o(x$fpl$drnd)
    __aeabi_dsub                             0x08001ddd   Thumb Code     0  daddsub_clz.o(x$fpl$dsub)
    _dsub                                    0x08001ddd   Thumb Code   472  daddsub_clz.o(x$fpl$dsub)
    __aeabi_f2d                              0x08001fb9   Thumb Code     0  f2d.o(x$fpl$f2d)
    _f2d                                     0x08001fb9   Thumb Code    86  f2d.o(x$fpl$f2d)
    __fpl_fnaninf                            0x0800200f   Thumb Code   140  fnaninf.o(x$fpl$fnaninf)
    _fp_init                                 0x0800209b   Thumb Code    26  fpinit.o(x$fpl$fpinit)
    __fplib_config_fpu_vfp                   0x080020b3   Thumb Code     0  fpinit.o(x$fpl$fpinit)
    __fplib_config_pureend_doubles           0x080020b3   Thumb Code     0  fpinit.o(x$fpl$fpinit)
    __I$use$fp                               0x080020b4   Number         0  usenofp.o(x$fpl$usenofp)
    Region$$Table$$Base                      0x080020b8   Number         0  anon$$obj.o(Region$$Table)
    Region$$Table$$Limit                     0x080020d8   Number         0  anon$$obj.o(Region$$Table)
    EC_SYSCLK                                0x20000000   Data           4  ecrcc.o(.data.EC_SYSCLK)
    PWM_PIN2                                 0x20000004   Data           1  lab_usart_bluetooth.o(.data.PWM_PIN2)
    period                                   0x20000008   Data           4  lab_usart_bluetooth.o(.data.period)
    __libspace_start                         0x20000010   Data          96  libspace.o(.bss)
    __temporary_stack_top$libspace           0x20000070   Data           0  libspace.o(.bss)
    PWM_PIN1                                 0x2000007b   Data           1  lab_usart_bluetooth.o(.bss.PWM_PIN1)
    msTicks                                  0x20000090   Data           4  ecsystick.o(.bss.msTicks)



==============================================================================

Memory Map of the image

  Image Entry point : 0x08000199

  Load Region LR_IROM1 (Base: 0x08000000, Size: 0x000020e8, Max: 0x00080000, ABSOLUTE)

    Execution Region ER_IROM1 (Exec base: 0x08000000, Load base: 0x08000000, Size: 0x000020d8, Max: 0x00080000, ABSOLUTE)

    Exec Addr    Load Addr    Size         Type   Attr      Idx    E Section Name        Object

    0x08000000   0x08000000   0x00000198   Data   RO          283    RESET               startup_stm32f411xe.o
    0x08000198   0x08000198   0x00000008   Code   RO          310  * !!!main             c_w.l(__main.o)
    0x080001a0   0x080001a0   0x00000034   Code   RO          508    !!!scatter          c_w.l(__scatter.o)
    0x080001d4   0x080001d4   0x0000001a   Code   RO          510    !!handler_copy      c_w.l(__scatter_copy.o)
    0x080001ee   0x080001ee   0x00000002   PAD
    0x080001f0   0x080001f0   0x0000001c   Code   RO          512    !!handler_zi        c_w.l(__scatter_zi.o)
    0x0800020c   0x0800020c   0x00000002   Code   RO          370    .ARM.Collect$$libinit$$00000000  c_w.l(libinit.o)
    0x0800020e   0x0800020e   0x00000004   Code   RO          376    .ARM.Collect$$libinit$$00000001  c_w.l(libinit2.o)
    0x08000212   0x08000212   0x00000000   Code   RO          379    .ARM.Collect$$libinit$$00000004  c_w.l(libinit2.o)
    0x08000212   0x08000212   0x00000000   Code   RO          381    .ARM.Collect$$libinit$$00000006  c_w.l(libinit2.o)
    0x08000212   0x08000212   0x00000000   Code   RO          384    .ARM.Collect$$libinit$$0000000C  c_w.l(libinit2.o)
    0x08000212   0x08000212   0x00000000   Code   RO          386    .ARM.Collect$$libinit$$0000000E  c_w.l(libinit2.o)
    0x08000212   0x08000212   0x00000000   Code   RO          388    .ARM.Collect$$libinit$$00000010  c_w.l(libinit2.o)
    0x08000212   0x08000212   0x00000000   Code   RO          391    .ARM.Collect$$libinit$$00000013  c_w.l(libinit2.o)
    0x08000212   0x08000212   0x00000000   Code   RO          393    .ARM.Collect$$libinit$$00000015  c_w.l(libinit2.o)
    0x08000212   0x08000212   0x00000000   Code   RO          395    .ARM.Collect$$libinit$$00000017  c_w.l(libinit2.o)
    0x08000212   0x08000212   0x00000000   Code   RO          397    .ARM.Collect$$libinit$$00000019  c_w.l(libinit2.o)
    0x08000212   0x08000212   0x00000000   Code   RO          399    .ARM.Collect$$libinit$$0000001B  c_w.l(libinit2.o)
    0x08000212   0x08000212   0x00000000   Code   RO          401    .ARM.Collect$$libinit$$0000001D  c_w.l(libinit2.o)
    0x08000212   0x08000212   0x00000000   Code   RO          403    .ARM.Collect$$libinit$$0000001F  c_w.l(libinit2.o)
    0x08000212   0x08000212   0x00000000   Code   RO          405    .ARM.Collect$$libinit$$00000021  c_w.l(libinit2.o)
    0x08000212   0x08000212   0x00000000   Code   RO          407    .ARM.Collect$$libinit$$00000023  c_w.l(libinit2.o)
    0x08000212   0x08000212   0x00000000   Code   RO          409    .ARM.Collect$$libinit$$00000025  c_w.l(libinit2.o)
    0x08000212   0x08000212   0x00000000   Code   RO          411    .ARM.Collect$$libinit$$00000027  c_w.l(libinit2.o)
    0x08000212   0x08000212   0x00000000   Code   RO          415    .ARM.Collect$$libinit$$0000002E  c_w.l(libinit2.o)
    0x08000212   0x08000212   0x00000000   Code   RO          417    .ARM.Collect$$libinit$$00000030  c_w.l(libinit2.o)
    0x08000212   0x08000212   0x00000000   Code   RO          419    .ARM.Collect$$libinit$$00000032  c_w.l(libinit2.o)
    0x08000212   0x08000212   0x00000000   Code   RO          421    .ARM.Collect$$libinit$$00000034  c_w.l(libinit2.o)
    0x08000212   0x08000212   0x00000002   Code   RO          422    .ARM.Collect$$libinit$$00000035  c_w.l(libinit2.o)
    0x08000214   0x08000214   0x00000002   Code   RO          444    .ARM.Collect$$libshutdown$$00000000  c_w.l(libshutdown.o)
    0x08000216   0x08000216   0x00000000   Code   RO          459    .ARM.Collect$$libshutdown$$00000002  c_w.l(libshutdown2.o)
    0x08000216   0x08000216   0x00000000   Code   RO          461    .ARM.Collect$$libshutdown$$00000004  c_w.l(libshutdown2.o)
    0x08000216   0x08000216   0x00000000   Code   RO          464    .ARM.Collect$$libshutdown$$00000007  c_w.l(libshutdown2.o)
    0x08000216   0x08000216   0x00000000   Code   RO          467    .ARM.Collect$$libshutdown$$0000000A  c_w.l(libshutdown2.o)
    0x08000216   0x08000216   0x00000000   Code   RO          469    .ARM.Collect$$libshutdown$$0000000C  c_w.l(libshutdown2.o)
    0x08000216   0x08000216   0x00000000   Code   RO          472    .ARM.Collect$$libshutdown$$0000000F  c_w.l(libshutdown2.o)
    0x08000216   0x08000216   0x00000002   Code   RO          473    .ARM.Collect$$libshutdown$$00000010  c_w.l(libshutdown2.o)
    0x08000218   0x08000218   0x00000000   Code   RO          322    .ARM.Collect$$rtentry$$00000000  c_w.l(__rtentry.o)
    0x08000218   0x08000218   0x00000000   Code   RO          345    .ARM.Collect$$rtentry$$00000002  c_w.l(__rtentry2.o)
    0x08000218   0x08000218   0x00000006   Code   RO          357    .ARM.Collect$$rtentry$$00000004  c_w.l(__rtentry4.o)
    0x0800021e   0x0800021e   0x00000000   Code   RO          347    .ARM.Collect$$rtentry$$00000009  c_w.l(__rtentry2.o)
    0x0800021e   0x0800021e   0x00000004   Code   RO          348    .ARM.Collect$$rtentry$$0000000A  c_w.l(__rtentry2.o)
    0x08000222   0x08000222   0x00000000   Code   RO          350    .ARM.Collect$$rtentry$$0000000C  c_w.l(__rtentry2.o)
    0x08000222   0x08000222   0x00000008   Code   RO          351    .ARM.Collect$$rtentry$$0000000D  c_w.l(__rtentry2.o)
    0x0800022a   0x0800022a   0x00000002   Code   RO          374    .ARM.Collect$$rtexit$$00000000  c_w.l(rtexit.o)
    0x0800022c   0x0800022c   0x00000000   Code   RO          424    .ARM.Collect$$rtexit$$00000002  c_w.l(rtexit2.o)
    0x0800022c   0x0800022c   0x00000004   Code   RO          425    .ARM.Collect$$rtexit$$00000003  c_w.l(rtexit2.o)
    0x08000230   0x08000230   0x00000006   Code   RO          426    .ARM.Collect$$rtexit$$00000004  c_w.l(rtexit2.o)
    0x08000236   0x08000236   0x00000002   PAD
    0x08000238   0x08000238   0x00000040   Code   RO          284    .text               startup_stm32f411xe.o
    0x08000278   0x08000278   0x0000008a   Code   RO          306    .text               c_w.l(rt_memcpy_v6.o)
    0x08000302   0x08000302   0x00000006   Code   RO          308    .text               c_w.l(heapauxi.o)
    0x08000308   0x08000308   0x00000064   Code   RO          323    .text               c_w.l(rt_memcpy_w.o)
    0x0800036c   0x0800036c   0x0000004a   Code   RO          361    .text               c_w.l(sys_stackheap_outer.o)
    0x080003b6   0x080003b6   0x00000012   Code   RO          363    .text               c_w.l(exit.o)
    0x080003c8   0x080003c8   0x00000008   Code   RO          371    .text               c_w.l(libspace.o)
    0x080003d0   0x080003d0   0x0000000c   Code   RO          434    .text               c_w.l(sys_exit.o)
    0x080003dc   0x080003dc   0x00000002   Code   RO          449    .text               c_w.l(use_no_semi.o)
    0x080003de   0x080003de   0x00000000   Code   RO          451    .text               c_w.l(indicate_semi.o)
    0x080003de   0x080003de   0x00000002   PAD
    0x080003e0   0x080003e0   0x00000040   Code   RO           68    .text.GPIO          ecgpio.o
    0x08000420   0x08000420   0x0000006e   Code   RO           46    .text.GPIO_init     ecgpio.o
    0x0800048e   0x0800048e   0x00000002   PAD
    0x08000490   0x08000490   0x00000030   Code   RO           48    .text.GPIO_mode     ecgpio.o
    0x080004c0   0x080004c0   0x00000030   Code   RO           50    .text.GPIO_ospeed   ecgpio.o
    0x080004f0   0x080004f0   0x0000002c   Code   RO           52    .text.GPIO_otype    ecgpio.o
    0x0800051c   0x0800051c   0x00000030   Code   RO           54    .text.GPIO_pupd     ecgpio.o
    0x0800054c   0x0800054c   0x0000002c   Code   RO           58    .text.GPIO_write    ecgpio.o
    0x08000578   0x08000578   0x000000b0   Code   RO          124    .text.PWM_duty      ecpwm.o
    0x08000628   0x08000628   0x00000342   Code   RO          108    .text.PWM_init      ecpwm.o
    0x0800096a   0x0800096a   0x00000002   PAD
    0x0800096c   0x0800096c   0x0000002e   Code   RO          116    .text.PWM_period_us  ecpwm.o
    0x0800099a   0x0800099a   0x00000002   PAD
    0x0800099c   0x0800099c   0x0000021a   Code   RO          110    .text.PWM_pinmap    ecpwm.o
    0x08000bb6   0x08000bb6   0x00000002   PAD
    0x08000bb8   0x08000bb8   0x00000012   Code   RO          137    .text.RCC_GPIOA_enable  ecrcc.o
    0x08000bca   0x08000bca   0x00000002   PAD
    0x08000bcc   0x08000bcc   0x00000012   Code   RO          139    .text.RCC_GPIOB_enable  ecrcc.o
    0x08000bde   0x08000bde   0x00000002   PAD
    0x08000be0   0x08000be0   0x00000012   Code   RO          141    .text.RCC_GPIOC_enable  ecrcc.o
    0x08000bf2   0x08000bf2   0x00000002   PAD
    0x08000bf4   0x08000bf4   0x00000012   Code   RO          143    .text.RCC_GPIOD_enable  ecrcc.o
    0x08000c06   0x08000c06   0x00000002   PAD
    0x08000c08   0x08000c08   0x00000114   Code   RO          135    .text.RCC_PLL_init  ecrcc.o
    0x08000d1c   0x08000d1c   0x00000008   Code   RO          182    .text.SysTick_Handler  ecsystick.o
    0x08000d24   0x08000d24   0x00000010   Code   RO          184    .text.SysTick_counter  ecsystick.o
    0x08000d34   0x08000d34   0x00000012   Code   RO          291    .text.SystemInit    system_stm32f4xx.o
    0x08000d46   0x08000d46   0x00000002   PAD
    0x08000d48   0x08000d48   0x0000011a   Code   RO          204    .text.TIM_init      ectim.o
    0x08000e62   0x08000e62   0x00000002   PAD
    0x08000e64   0x08000e64   0x000000f0   Code   RO          206    .text.TIM_period_ms  ectim.o
    0x08000f54   0x08000f54   0x000000e0   Code   RO          208    .text.TIM_period_us  ectim.o
    0x08001034   0x08001034   0x00000018   Code   RO          257    .text.UART1_baud    ecuart.o
    0x0800104c   0x0800104c   0x0000002a   Code   RO          253    .text.UART1_init    ecuart.o
    0x08001076   0x08001076   0x00000002   PAD
    0x08001078   0x08001078   0x000000b8   Code   RO          247    .text.UART_baud     ecuart.o
    0x08001130   0x08001130   0x00000218   Code   RO            6    .text.USART1_IRQHandler  lab_usart_bluetooth.o
    0x08001348   0x08001348   0x00000010   Code   RO          265    .text.USART1_read   ecuart.o
    0x08001358   0x08001358   0x0000001c   Code   RO          261    .text.USART1_write  ecuart.o
    0x08001374   0x08001374   0x00000032   Code   RO          241    .text.USART_delay   ecuart.o
    0x080013a6   0x080013a6   0x00000002   PAD
    0x080013a8   0x080013a8   0x00000020   Code   RO          239    .text.USART_read    ecuart.o
    0x080013c8   0x080013c8   0x00000272   Code   RO          245    .text.USART_setting  ecuart.o
    0x0800163a   0x0800163a   0x00000002   PAD
    0x0800163c   0x0800163c   0x00000064   Code   RO          233    .text.USART_write   ecuart.o
    0x080016a0   0x080016a0   0x00000030   Code   RO          251    .text.__NVIC_EnableIRQ  ecuart.o
    0x080016d0   0x080016d0   0x00000042   Code   RO          249    .text.__NVIC_SetPriority  ecuart.o
    0x08001712   0x08001712   0x00000002   PAD
    0x08001714   0x08001714   0x000000a4   Code   RO          100    .text.ecPinmap      ecpinnames.o
    0x080017b8   0x080017b8   0x00000010   Code   RO          269    .text.is_USART1_RXNE  ecuart.o
    0x080017c8   0x080017c8   0x00000010   Code   RO          243    .text.is_USART_RXNE  ecuart.o
    0x080017d8   0x080017d8   0x00000056   Code   RO            2    .text.main          lab_usart_bluetooth.o
    0x0800182e   0x0800182e   0x00000002   PAD
    0x08001830   0x08001830   0x000000c4   Code   RO            4    .text.setup         lab_usart_bluetooth.o
    0x080018f4   0x080018f4   0x00000004   PAD
    0x080018f8   0x080018f8   0x000000e0   Code   RO          318    i.__hardfp_round    m_wm.l(round.o)
    0x080019d8   0x080019d8   0x00000150   Code   RO          325    x$fpl$dadd          fz_wm.l(daddsub_clz.o)
    0x08001b28   0x08001b28   0x00000018   Code   RO          359    x$fpl$dcmpinf       fz_wm.l(dcmpi.o)
    0x08001b40   0x08001b40   0x0000005a   Code   RO          312    x$fpl$dfixu         fz_wm.l(dfixu.o)
    0x08001b9a   0x08001b9a   0x00000002   PAD
    0x08001b9c   0x08001b9c   0x00000078   Code   RO          331    x$fpl$dleqf         fz_wm.l(dleqf.o)
    0x08001c14   0x08001c14   0x0000009c   Code   RO          333    x$fpl$dnaninf       fz_wm.l(dnaninf.o)
    0x08001cb0   0x08001cb0   0x0000000c   Code   RO          335    x$fpl$dretinf       fz_wm.l(dretinf.o)
    0x08001cbc   0x08001cbc   0x0000006c   Code   RO          337    x$fpl$drleqf        fz_wm.l(drleqf.o)
    0x08001d28   0x08001d28   0x000000b4   Code   RO          339    x$fpl$drnd          fz_wm.l(drnd.o)
    0x08001ddc   0x08001ddc   0x000001dc   Code   RO          327    x$fpl$dsub          fz_wm.l(daddsub_clz.o)
    0x08001fb8   0x08001fb8   0x00000056   Code   RO          316    x$fpl$f2d           fz_wm.l(f2d.o)
    0x0800200e   0x0800200e   0x0000008c   Code   RO          341    x$fpl$fnaninf       fz_wm.l(fnaninf.o)
    0x0800209a   0x0800209a   0x0000001a   Code   RO          432    x$fpl$fpinit        fz_wm.l(fpinit.o)
    0x080020b4   0x080020b4   0x00000000   Code   RO          343    x$fpl$usenofp       fz_wm.l(usenofp.o)
    0x080020b4   0x080020b4   0x00000003   Data   RO           12    .rodata.str1.1      lab_usart_bluetooth.o
    0x080020b7   0x080020b7   0x00000001   PAD
    0x080020b8   0x080020b8   0x00000020   Data   RO          507    Region$$Table       anon$$obj.o


    Execution Region RW_IRAM1 (Exec base: 0x20000000, Load base: 0x080020d8, Size: 0x00000698, Max: 0x00020000, ABSOLUTE)

    Exec Addr    Load Addr    Size         Type   Attr      Idx    E Section Name        Object

    0x20000000   0x080020d8   0x00000004   Data   RW          145    .data.EC_SYSCLK     ecrcc.o
    0x20000004   0x080020dc   0x00000001   Data   RW            9    .data.PWM_PIN2      lab_usart_bluetooth.o
    0x20000005   0x080020dd   0x00000003   PAD
    0x20000008   0x080020e0   0x00000004   Data   RW           10    .data.period        lab_usart_bluetooth.o
    0x2000000c   0x080020e4   0x00000004   PAD
    0x20000010        -       0x00000060   Zero   RW          372    .bss                c_w.l(libspace.o)
    0x20000070        -       0x00000001   Zero   RW           11    .bss.BT_Data        lab_usart_bluetooth.o
    0x20000071        -       0x0000000a   Zero   RW           16    .bss.BT_string      lab_usart_bluetooth.o
    0x2000007b        -       0x00000001   Zero   RW            8    .bss.PWM_PIN1       lab_usart_bluetooth.o
    0x2000007c        -       0x00000004   Zero   RW           15    .bss.bReceive       lab_usart_bluetooth.o
    0x20000080        -       0x0000000a   Zero   RW           14    .bss.buffer         lab_usart_bluetooth.o
    0x2000008a   0x080020e4   0x00000002   PAD
    0x2000008c        -       0x00000004   Zero   RW           13    .bss.idx            lab_usart_bluetooth.o
    0x20000090        -       0x00000004   Zero   RW          196    .bss.msTicks        ecsystick.o
    0x20000094   0x080020e4   0x00000004   PAD
    0x20000098        -       0x00000200   Zero   RW          282    HEAP                startup_stm32f411xe.o
    0x20000298        -       0x00000400   Zero   RW          281    STACK               startup_stm32f411xe.o


==============================================================================

Image component sizes


      Code (inc. data)   RO Data    RW Data    ZI Data      Debug   Object Name

       406          0          0          0          0       3510   ecgpio.o
       164          0          0          0          0       2095   ecpinnames.o
      1594         28          0          0          0       6367   ecpwm.o
       348          0          0          4          0       2307   ecrcc.o
        24          0          0          0          4       4440   ecsystick.o
       746          0          0          0          0       6442   ectim.o
      1248          0          0          0          0       7842   ecuart.o
       818          8          3          5         30       2725   lab_usart_bluetooth.o
        64         26        408          0       1536        908   startup_stm32f411xe.o
        18          0          0          0          0       2722   system_stm32f4xx.o

    ----------------------------------------------------------------------
      5464         62        444         12       1580      39358   Object Totals
         0          0         32          0          0          0   (incl. Generated)
        34          0          1          3         10          0   (incl. Padding)

    ----------------------------------------------------------------------

      Code (inc. data)   RO Data    RW Data    ZI Data      Debug   Library Member Name

         8          0          0          0          0         68   __main.o
         0          0          0          0          0          0   __rtentry.o
        12          0          0          0          0          0   __rtentry2.o
         6          0          0          0          0          0   __rtentry4.o
        52          8          0          0          0          0   __scatter.o
        26          0          0          0          0          0   __scatter_copy.o
        28          0          0          0          0          0   __scatter_zi.o
        18          0          0          0          0         80   exit.o
         6          0          0          0          0        152   heapauxi.o
         0          0          0          0          0          0   indicate_semi.o
         2          0          0          0          0          0   libinit.o
         6          0          0          0          0          0   libinit2.o
         2          0          0          0          0          0   libshutdown.o
         2          0          0          0          0          0   libshutdown2.o
         8          4          0          0         96         68   libspace.o
       138          0          0          0          0         68   rt_memcpy_v6.o
       100          0          0          0          0         80   rt_memcpy_w.o
         2          0          0          0          0          0   rtexit.o
        10          0          0          0          0          0   rtexit2.o
        12          4          0          0          0         68   sys_exit.o
        74          0          0          0          0         80   sys_stackheap_outer.o
         2          0          0          0          0         68   use_no_semi.o
       812         16          0          0          0        392   daddsub_clz.o
        24          0          0          0          0        116   dcmpi.o
        90          4          0          0          0        140   dfixu.o
       120          4          0          0          0        140   dleqf.o
       156          4          0          0          0        140   dnaninf.o
        12          0          0          0          0        116   dretinf.o
       108          0          0          0          0        128   drleqf.o
       180          4          0          0          0        128   drnd.o
        86          4          0          0          0        132   f2d.o
       140          4          0          0          0        132   fnaninf.o
        26          0          0          0          0        116   fpinit.o
         0          0          0          0          0          0   usenofp.o
       224         30          0          0          0        172   round.o

    ----------------------------------------------------------------------
      2500         86          0          0         96       2584   Library Totals
         8          0          0          0          0          0   (incl. Padding)

    ----------------------------------------------------------------------

      Code (inc. data)   RO Data    RW Data    ZI Data      Debug   Library Name

       514         16          0          0         96        732   c_w.l
      1754         40          0          0          0       1680   fz_wm.l
       224         30          0          0          0        172   m_wm.l

    ----------------------------------------------------------------------
      2500         86          0          0         96       2584   Library Totals

    ----------------------------------------------------------------------

==============================================================================


      Code (inc. data)   RO Data    RW Data    ZI Data      Debug   

      7964        148        444         12       1676      40422   Grand Totals
      7964        148        444         12       1676      40422   ELF Image Totals
      7964        148        444         12          0          0   ROM Totals

==============================================================================

    Total RO  Size (Code + RO Data)                 8408 (   8.21kB)
    Total RW  Size (RW Data + ZI Data)              1688 (   1.65kB)
    Total ROM Size (Code + RO Data + RW Data)       8420 (   8.22kB)

==============================================================================

