<html>
<body>
<pre>
<h1>µVision Build Log</h1>
<h2>Tool Versions:</h2>
IDE-Version: •ÏVision V5.38.0.0
Copyright (C) 2022 ARM Ltd and ARM Germany GmbH. All rights reserved.
License Information: An Gyeonheal, HandongGlobalUniversity, LIC=----
 
Tool Versions:
Toolchain:       MDK-Lite  Version: 5.38.0.0
Toolchain Path:  C:\Keil_v5\ARM\ARMCLANG\Bin
C Compiler:      ArmClang.exe V6.19
Assembler:       Armasm.exe V6.19
Linker/Locator:  ArmLink.exe V6.19
Library Manager: ArmAr.exe V6.19
Hex Converter:   FromElf.exe V6.19
CPU DLL:         SARMCM3.DLL V5.38.0.0
Dialog DLL:      DCM.DLL V1.17.5.0
Target DLL:      STLink\ST-LINKIII-KEIL_SWO.dll V3.1.0.0
Dialog DLL:      TCM.DLL V1.56.4.0
 
<h2>Project:</h2>
C:\Users\hilla\source\repos\Embedded_Control_GH\lab\LAB#9_LineTracingCar\LAB_RC_Car.uvprojx
Project File Date:  11/21/2023

<h2>Output:</h2>
*** Using Compiler 'V6.19', folder: 'C:\Keil_v5\ARM\ARMCLANG\Bin'
Build target 'Target 1'
LAB_RCcar.c(10): warning: In file included from...
../../include\ecSTM32F411.h(19): warning: In file included from...
../../include/ecPinNames.h(142): warning: no newline at end of file [-Wnewline-eof]
#endif
      ^
LAB_RCcar.c(10): warning: In file included from...
../../include\ecSTM32F411.h(22): warning: In file included from...
../../include/ecEXTI.h(34): warning: no newline at end of file [-Wnewline-eof]
#endif
      ^
LAB_RCcar.c(10): warning: In file included from...
../../include\ecSTM32F411.h(23): warning: In file included from...
../../include/ecSysTick.h(25): warning: a function declaration without a prototype is deprecated in all versions of C [-Wstrict-prototypes]
void SysTick_counter();
                    ^
                     void
LAB_RCcar.c(10): warning: In file included from...
../../include/ecSTM32F411.h(28): warning: In file included from...
../../include/ecADC.h(17): warning: 'FALL' macro redefined [-Wmacro-redefined]
#define FALL 2
        ^
../../include/ecEXTI.h(16): note: previous definition is here
#define FALL 0
        ^
LAB_RCcar.c(10): warning: In file included from...
../../include/ecSTM32F411.h(28): warning: In file included from...
../../include/ecADC.h(18): warning: 'BOTH' macro redefined [-Wmacro-redefined]
#define BOTH 3
        ^
../../include/ecEXTI.h(18): note: previous definition is here
#define BOTH 2
        ^
LAB_RCcar.c(15): warning: no previous extern declaration for non-static variable 'PWM_PIN1' [-Wmissing-variable-declarations]
PinName_t PWM_PIN1 = PA_0;
          ^
LAB_RCcar.c(15): note: declare 'static' if the variable is not intended to be used outside of this translation unit
PinName_t PWM_PIN1 = PA_0;
^
LAB_RCcar.c(16): warning: no previous extern declaration for non-static variable 'PWM_PIN2' [-Wmissing-variable-declarations]
PinName_t PWM_PIN2 = PA_1;
          ^
LAB_RCcar.c(16): note: declare 'static' if the variable is not intended to be used outside of this translation unit
PinName_t PWM_PIN2 = PA_1;
^
LAB_RCcar.c(25): warning: no previous extern declaration for non-static variable '_count' [-Wmissing-variable-declarations]
uint32_t _count = 0;
         ^
LAB_RCcar.c(25): note: declare 'static' if the variable is not intended to be used outside of this translation unit
uint32_t _count = 0;
^
LAB_RCcar.c(26): warning: no previous extern declaration for non-static variable 'period' [-Wmissing-variable-declarations]
float period = 6;
      ^
LAB_RCcar.c(26): note: declare 'static' if the variable is not intended to be used outside of this translation unit
float period = 6;
^
LAB_RCcar.c(28): warning: no previous extern declaration for non-static variable 'ovf_cnt' [-Wmissing-variable-declarations]
uint32_t ovf_cnt = 0;
         ^
LAB_RCcar.c(28): note: declare 'static' if the variable is not intended to be used outside of this translation unit
uint32_t ovf_cnt = 0;
^
LAB_RCcar.c(29): warning: no previous extern declaration for non-static variable 'distance' [-Wmissing-variable-declarations]
float distance = 0;
      ^
LAB_RCcar.c(29): note: declare 'static' if the variable is not intended to be used outside of this translation unit
float distance = 0;
^
LAB_RCcar.c(30): warning: no previous extern declaration for non-static variable 'timeInterval' [-Wmissing-variable-declarations]
float timeInterval = 0;
      ^
LAB_RCcar.c(30): note: declare 'static' if the variable is not intended to be used outside of this translation unit
float timeInterval = 0;
^
LAB_RCcar.c(31): warning: no previous extern declaration for non-static variable 'time1' [-Wmissing-variable-declarations]
float time1 = 0;
      ^
LAB_RCcar.c(31): note: declare 'static' if the variable is not intended to be used outside of this translation unit
float time1 = 0;
^
LAB_RCcar.c(32): warning: no previous extern declaration for non-static variable 'time2' [-Wmissing-variable-declarations]
float time2 = 0;
      ^
LAB_RCcar.c(32): note: declare 'static' if the variable is not intended to be used outside of this translation unit
float time2 = 0;
^
LAB_RCcar.c(35): warning: no previous extern declaration for non-static variable 'flag' [-Wmissing-variable-declarations]
int flag = 0;
    ^
LAB_RCcar.c(35): note: declare 'static' if the variable is not intended to be used outside of this translation unit
int flag = 0;
^
LAB_RCcar.c(36): warning: no previous extern declaration for non-static variable 'seqCHn' [-Wmissing-variable-declarations]
PinName_t seqCHn[2] = {PB_0, PB_1};
          ^
LAB_RCcar.c(36): note: declare 'static' if the variable is not intended to be used outside of this translation unit
PinName_t seqCHn[2] = {PB_0, PB_1};
^
LAB_RCcar.c(41): warning: no previous extern declaration for non-static variable 'i' [-Wmissing-variable-declarations]
int i=0;
    ^
LAB_RCcar.c(41): note: declare 'static' if the variable is not intended to be used outside of this translation unit
int i=0;
^
LAB_RCcar.c(43): warning: no previous extern declaration for non-static variable 'vel' [-Wmissing-variable-declarations]
double vel[4] = {v0, v1, v2, v3};
       ^
LAB_RCcar.c(43): note: declare 'static' if the variable is not intended to be used outside of this translation unit
double vel[4] = {v0, v1, v2, v3};
^
LAB_RCcar.c(44): warning: no previous extern declaration for non-static variable 'str_level' [-Wmissing-variable-declarations]
int str_level = 0;
    ^
LAB_RCcar.c(44): note: declare 'static' if the variable is not intended to be used outside of this translation unit
int str_level = 0;
^
LAB_RCcar.c(45): warning: no previous extern declaration for non-static variable 'vel1' [-Wmissing-variable-declarations]
double vel1 = 1;
       ^
LAB_RCcar.c(45): note: declare 'static' if the variable is not intended to be used outside of this translation unit
double vel1 = 1;
^
LAB_RCcar.c(46): warning: no previous extern declaration for non-static variable 'vel2' [-Wmissing-variable-declarations]
double vel2 = 1;
       ^
LAB_RCcar.c(46): note: declare 'static' if the variable is not intended to be used outside of this translation unit
double vel2 = 1;
^
LAB_RCcar.c(50): warning: no previous extern declaration for non-static variable 'dir' [-Wmissing-variable-declarations]
uint8_t dir = 1;
        ^
LAB_RCcar.c(50): note: declare 'static' if the variable is not intended to be used outside of this translation unit
uint8_t dir = 1;
^
LAB_RCcar.c(54): warning: a function declaration without a prototype is deprecated in all versions of C [-Wstrict-prototypes]
void speedUP();
            ^
             void
LAB_RCcar.c(55): warning: a function declaration without a prototype is deprecated in all versions of C [-Wstrict-prototypes]
void speedDOWN();
              ^
               void
LAB_RCcar.c(56): warning: a function declaration without a prototype is deprecated in all versions of C [-Wstrict-prototypes]
void M_right();
            ^
             void
LAB_RCcar.c(57): warning: a function declaration without a prototype is deprecated in all versions of C [-Wstrict-prototypes]
void M_left();
           ^
            void
LAB_RCcar.c(58): warning: a function declaration without a prototype is deprecated in all versions of C [-Wstrict-prototypes]
void M_straight();
               ^
                void
LAB_RCcar.c(59): warning: a function declaration without a prototype is deprecated in all versions of C [-Wstrict-prototypes]
void E_stop();
           ^
            void
LAB_RCcar.c(60): warning: a function declaration without a prototype is deprecated in all versions of C [-Wstrict-prototypes]
void M_back();
           ^
            void
LAB_RCcar.c(61): warning: a function declaration without a prototype is deprecated in all versions of C [-Wstrict-prototypes]
void LED_toggle();
               ^
                void
LAB_RCcar.c(62): warning: a function declaration without a prototype is deprecated in all versions of C [-Wstrict-prototypes]
void main(){
         ^
          void
LAB_RCcar.c(62): warning: return type of 'main' is not 'int' [-Wmain-return-type]
void main(){
^
LAB_RCcar.c(62): note: change return type to 'int'
void main(){
^~~~
int
LAB_RCcar.c(66): warning: implicit conversion loses floating-point precision: 'double' to 'float' [-Wimplicit-float-conversion]
    PWM_duty(PWM_PIN1, vel1);
    ~~~~~~~~           ^~~~
LAB_RCcar.c(67): warning: implicit conversion loses floating-point precision: 'double' to 'float' [-Wimplicit-float-conversion]
    PWM_duty(PWM_PIN2, vel2);
    ~~~~~~~~           ^~~~
LAB_RCcar.c(76): warning: implicit conversion loses floating-point precision: 'double' to 'float' [-Wimplicit-float-conversion]
            distance = (float) timeInterval * 340.0 / 2.0 / 10.0;       // [mm] -> [cm]
                     ~ ~~~~~~~~~~~~~~~~~~~~~~~~~~~~~~~~~~~^~~~~~
LAB_RCcar.c(76): warning: implicit conversion increases floating-point precision: 'float' to 'double' [-Wdouble-promotion]
            distance = (float) timeInterval * 340.0 / 2.0 / 10.0;       // [mm] -> [cm]
                       ^~~~~~~~~~~~~~~~~~~~ ~
LAB_RCcar.c(100): warning: implicit conversion loses floating-point precision: 'double' to 'float' [-Wimplicit-float-conversion]
            PWM_duty(PWM_PIN1, vel1);
            ~~~~~~~~           ^~~~
LAB_RCcar.c(101): warning: implicit conversion loses floating-point precision: 'double' to 'float' [-Wimplicit-float-conversion]
            PWM_duty(PWM_PIN2, vel2);
            ~~~~~~~~           ^~~~
LAB_RCcar.c(62): warning: function 'main' could be declared with attribute 'noreturn' [-Wmissing-noreturn]
void main(){
           ^
LAB_RCcar.c(108): warning: a function declaration without a prototype is deprecated in all versions of C [-Wstrict-prototypes]
void USART1_IRQHandler(){                       // USART2 RX Interrupt : Recommended
                      ^
                       void
LAB_RCcar.c(111): warning: passing 'volatile uint8_t *' (aka 'volatile unsigned char *') to parameter of type 'uint8_t *' (aka 'unsigned char *') discards qualifiers [-Wincompatible-pointer-types-discards-qualifiers]
        USART1_write(&BT_Data,1);
                     ^~~~~~~~
../../include/ecUART.h(47): note: passing argument to parameter 'buffer' here
void USART1_write(uint8_t* buffer, uint32_t nBytes);
                           ^
LAB_RCcar.c(108): warning: no previous prototype for function 'USART1_IRQHandler' [-Wmissing-prototypes]
void USART1_IRQHandler(){                       // USART2 RX Interrupt : Recommended
     ^
LAB_RCcar.c(108): note: declare 'static' if the function is not intended to be used outside of this translation unit
void USART1_IRQHandler(){                       // USART2 RX Interrupt : Recommended
^
static 
LAB_RCcar.c(143): warning: no previous prototype for function 'ADC_IRQHandler' [-Wmissing-prototypes]
void ADC_IRQHandler(void){
     ^
LAB_RCcar.c(143): note: declare 'static' if the function is not intended to be used outside of this translation unit
void ADC_IRQHandler(void){
^
static 
LAB_RCcar.c(163): warning: implicit conversion from 'volatile uint32_t' (aka 'volatile unsigned int') to 'float' may lose precision [-Wimplicit-int-float-conversion]
        time1 = TIM4->CCR1;                                                                     // Capture TimeStart
              ~ ~~~~~~^~~~
LAB_RCcar.c(167): warning: implicit conversion from 'volatile uint32_t' (aka 'volatile unsigned int') to 'float' may lose precision [-Wimplicit-int-float-conversion]
        time2 = TIM4->CCR2;                                                                     // Capture TimeEnd
              ~ ~~~~~~^~~~
LAB_RCcar.c(168): warning: implicit conversion loses floating-point precision: 'double' to 'float' [-Wimplicit-float-conversion]
        timeInterval = ((time2 - time1) + (TIM4->ARR+1) * ovf_cnt) * 0.01;      // (10us * counter pulse -> [msec] unit) Total time of echo pulse
                     ~ ~~~~~~~~~~~~~~~~~~~~~~~~~~~~~~~~~~~~~~~~~~~~^~~~~~
LAB_RCcar.c(168): warning: implicit conversion increases floating-point precision: 'float' to 'double' [-Wdouble-promotion]
        timeInterval = ((time2 - time1) + (TIM4->ARR+1) * ovf_cnt) * 0.01;      // (10us * counter pulse -> [msec] unit) Total time of echo pulse
                        ~~~~~~~~~~~~~~~~^~~~~~~~~~~~~~~~~~~~~~~~~  ~
LAB_RCcar.c(168): warning: implicit conversion from 'unsigned int' to 'float' may lose precision [-Wimplicit-int-float-conversion]
        timeInterval = ((time2 - time1) + (TIM4->ARR+1) * ovf_cnt) * 0.01;      // (10us * counter pulse -> [msec] unit) Total time of echo pulse
                                        ~ ~~~~~~~~~~~~~~^~~~~~~~~
LAB_RCcar.c(156): warning: no previous prototype for function 'TIM4_IRQHandler' [-Wmissing-prototypes]
void TIM4_IRQHandler(void){
     ^
LAB_RCcar.c(156): note: declare 'static' if the function is not intended to be used outside of this translation unit
void TIM4_IRQHandler(void){
^
static 
LAB_RCcar.c(174): warning: a function declaration without a prototype is deprecated in all versions of C [-Wstrict-prototypes]
void speedUP(){
            ^
             void
LAB_RCcar.c(174): warning: no previous prototype for function 'speedUP' [-Wmissing-prototypes]
void speedUP(){
     ^
LAB_RCcar.c(54): note: this declaration is not a prototype; add 'void' to make it a prototype for a zero-parameter function
void speedUP();
     ^
             void
LAB_RCcar.c(181): warning: a function declaration without a prototype is deprecated in all versions of C [-Wstrict-prototypes]
void speedDOWN(){
              ^
               void
LAB_RCcar.c(181): warning: no previous prototype for function 'speedDOWN' [-Wmissing-prototypes]
void speedDOWN(){
     ^
LAB_RCcar.c(55): note: this declaration is not a prototype; add 'void' to make it a prototype for a zero-parameter function
void speedDOWN();
     ^
               void
LAB_RCcar.c(188): warning: a function declaration without a prototype is deprecated in all versions of C [-Wstrict-prototypes]
void M_right(){
            ^
             void
LAB_RCcar.c(188): warning: no previous prototype for function 'M_right' [-Wmissing-prototypes]
void M_right(){
     ^
LAB_RCcar.c(56): note: this declaration is not a prototype; add 'void' to make it a prototype for a zero-parameter function
void M_right();
     ^
             void
LAB_RCcar.c(193): warning: a function declaration without a prototype is deprecated in all versions of C [-Wstrict-prototypes]
void M_left(){
           ^
            void
LAB_RCcar.c(193): warning: no previous prototype for function 'M_left' [-Wmissing-prototypes]
void M_left(){
     ^
LAB_RCcar.c(57): note: this declaration is not a prototype; add 'void' to make it a prototype for a zero-parameter function
void M_left();
     ^
            void
LAB_RCcar.c(198): warning: a function declaration without a prototype is deprecated in all versions of C [-Wstrict-prototypes]
void M_straight(){
               ^
                void
LAB_RCcar.c(198): warning: no previous prototype for function 'M_straight' [-Wmissing-prototypes]
void M_straight(){
     ^
LAB_RCcar.c(58): note: this declaration is not a prototype; add 'void' to make it a prototype for a zero-parameter function
void M_straight();
     ^
                void
LAB_RCcar.c(207): warning: a function declaration without a prototype is deprecated in all versions of C [-Wstrict-prototypes]
void M_back(){
           ^
            void
LAB_RCcar.c(207): warning: no previous prototype for function 'M_back' [-Wmissing-prototypes]
void M_back(){
     ^
LAB_RCcar.c(60): note: this declaration is not a prototype; add 'void' to make it a prototype for a zero-parameter function
void M_back();
     ^
            void
LAB_RCcar.c(214): warning: a function declaration without a prototype is deprecated in all versions of C [-Wstrict-prototypes]
void E_stop(){
           ^
            void
LAB_RCcar.c(214): warning: no previous prototype for function 'E_stop' [-Wmissing-prototypes]
void E_stop(){
     ^
LAB_RCcar.c(59): note: this declaration is not a prototype; add 'void' to make it a prototype for a zero-parameter function
void E_stop();
     ^
            void
LAB_RCcar.c(220): warning: declaration shadows a variable in the global scope [-Wshadow]
double str_angle(int str_level){
                     ^
LAB_RCcar.c(44): note: previous declaration is here
int str_level = 0;
    ^
LAB_RCcar.c(248): warning: non-void function does not return a value [-Wreturn-type]
}
^
LAB_RCcar.c(250): warning: no previous prototype for function 'LED_toggle' [-Wmissing-prototypes]
void LED_toggle(void){
     ^
LAB_RCcar.c(61): note: this declaration is not a prototype; add 'void' to make it a prototype for a zero-parameter function
void LED_toggle();
     ^
                void
LAB_RCcar.c(285): warning: implicit conversion turns floating-point number into integer: 'float' to 'uint32_t' (aka 'unsigned int') [-Wfloat-conversion]
    PWM_period_ms(PWM_PIN1, period);
    ~~~~~~~~~~~~~           ^~~~~~
LAB_RCcar.c(289): warning: implicit conversion turns floating-point number into integer: 'float' to 'uint32_t' (aka 'unsigned int') [-Wfloat-conversion]
    PWM_period_ms(PWM_PIN2, period);
    ~~~~~~~~~~~~~           ^~~~~~
LAB_RCcar.c(302): warning: no newline at end of file [-Wnewline-eof]
}
 ^
LAB_RCcar.c(34): warning: no previous extern declaration for non-static variable 'value1' [-Wmissing-variable-declarations]
uint32_t value1, value2;
         ^
LAB_RCcar.c(34): note: declare 'static' if the variable is not intended to be used outside of this translation unit
uint32_t value1, value2;
^
LAB_RCcar.c(34): warning: no previous extern declaration for non-static variable 'value2' [-Wmissing-variable-declarations]
uint32_t value1, value2;
                 ^
LAB_RCcar.c(34): note: declare 'static' if the variable is not intended to be used outside of this translation unit
uint32_t value1, value2;
^
LAB_RCcar.c(42): warning: no previous extern declaration for non-static variable 'mode' [-Wmissing-variable-declarations]
char mode;
     ^
LAB_RCcar.c(42): note: declare 'static' if the variable is not intended to be used outside of this translation unit
char mode;
^
LAB_RCcar.c(47): warning: no previous extern declaration for non-static variable 'DIR' [-Wmissing-variable-declarations]
char DIR;
     ^
LAB_RCcar.c(47): note: declare 'static' if the variable is not intended to be used outside of this translation unit
char DIR;
^
LAB_RCcar.c(48): warning: no previous extern declaration for non-static variable 'VEL' [-Wmissing-variable-declarations]
char VEL;
     ^
LAB_RCcar.c(48): note: declare 'static' if the variable is not intended to be used outside of this translation unit
char VEL;
^
LAB_RCcar.c(49): warning: no previous extern declaration for non-static variable 'STR' [-Wmissing-variable-declarations]
char STR;
     ^
LAB_RCcar.c(49): note: declare 'static' if the variable is not intended to be used outside of this translation unit
char STR;
^
LAB_RCcar.c(38): warning: unused variable 'PC_Data' [-Wunused-variable]
static volatile uint8_t PC_Data = 0;
                        ^
76 warnings generated.
compiling LAB_RCcar.c...
linking...
Program Size: Code=21460 RO-data=1000 RW-data=64 ZI-data=1704  
FromELF: creating hex file...
".\Objects\LAB_RC_Car.axf" - 0 Error(s), 76 Warning(s).

<h2>Software Packages used:</h2>

Package Vendor: ARM
                http://www.keil.com/pack/ARM.CMSIS.5.9.0.pack
                ARM.CMSIS.5.9.0
                CMSIS (Common Microcontroller Software Interface Standard)
   * Component: CORE Version: 5.6.0

Package Vendor: Keil
                https://www.keil.com/pack/Keil.STM32F4xx_DFP.2.17.1.pack
                Keil.STM32F4xx_DFP.2.17.1
                STMicroelectronics STM32F4 Series Device Support, Drivers and Examples
   * Component: Startup Version: 2.6.3

<h2>Collection of Component include folders:</h2>
  ./RTE/_Target_1
  C:/Users/hilla/AppData/Local/Arm/Packs/ARM/CMSIS/5.9.0/CMSIS/Core/Include
  C:/Users/hilla/AppData/Local/Arm/Packs/Keil/STM32F4xx_DFP/2.17.1/Drivers/CMSIS/Device/ST/STM32F4xx/Include

<h2>Collection of Component Files used:</h2>

   * Component: ARM::CMSIS:CORE:5.6.0

   * Component: Keil::Device:Startup:2.6.3
      Include file:  Drivers/CMSIS/Device/ST/STM32F4xx/Include/stm32f4xx.h
      Source file:   Drivers/CMSIS/Device/ST/STM32F4xx/Source/Templates/arm/startup_stm32f411xe.s
      Source file:   MDK/Device/Source/ARM/STM32F4xx_OTP.s
      Source file:   MDK/Device/Source/ARM/STM32F411xx_OPT.s
      Source file:   Drivers/CMSIS/Device/ST/STM32F4xx/Source/Templates/system_stm32f4xx.c
Build Time Elapsed:  00:00:02
</pre>
</body>
</html>
