Component: Arm Compiler for Embedded 6.19 Tool: armlink [5e73cb00]

==============================================================================

Section Cross References

    final_excavator.o(.text.main) refers to final_excavator.o(.text.setup) for setup
    final_excavator.o(.text.main) refers to final_excavator.o(.text.motor_init) for motor_init
    final_excavator.o(.text.main) refers to final_excavator.o(.bss.mode) for mode
    final_excavator.o(.text.main) refers to final_excavator.o(.bss.timeInterval) for timeInterval
    final_excavator.o(.text.main) refers to f2d.o(x$fpl$f2d) for __aeabi_f2d
    final_excavator.o(.text.main) refers to dmul.o(x$fpl$dmul) for __aeabi_dmul
    final_excavator.o(.text.main) refers to ddiv.o(x$fpl$ddiv) for __aeabi_ddiv
    final_excavator.o(.text.main) refers to d2f.o(x$fpl$d2f) for __aeabi_d2f
    final_excavator.o(.text.main) refers to final_excavator.o(.bss.distance) for distance
    final_excavator.o(.text.main) refers to final_excavator.o(.text.motor_operate) for motor_operate
    final_excavator.o(.text.main) refers to final_excavator.o(.text.motor_stop) for motor_stop
    final_excavator.o(.text.main) refers to final_excavator.o(.bss.temp) for temp
    final_excavator.o(.text.main) refers to ecsystick.o(.text.delay_ms) for delay_ms
    final_excavator.o(.text.main) refers to final_excavator.o(.bss.flag) for flag
    final_excavator.o(.text.main) refers to final_excavator.o(.bss.count) for count
    final_excavator.o(.text.main) refers to ecstepper.o(.text.Stepper_step) for Stepper_step
    final_excavator.o(.text.main) refers to final_excavator.o(.bss.dir1) for dir1
    final_excavator.o(.text.main) refers to ecgpio.o(.text.GPIO_write) for GPIO_write
    final_excavator.o(.text.main) refers to final_excavator.o(.bss.PWM_PIN1) for PWM_PIN1
    final_excavator.o(.text.main) refers to final_excavator.o(.bss.duty1) for duty1
    final_excavator.o(.text.main) refers to ecpwm.o(.text.PWM_duty) for PWM_duty
    final_excavator.o(.text.main) refers to final_excavator.o(.bss.dir2) for dir2
    final_excavator.o(.text.main) refers to final_excavator.o(.data.PWM_PIN2) for PWM_PIN2
    final_excavator.o(.text.main) refers to final_excavator.o(.bss.duty2) for duty2
    final_excavator.o(.text.main) refers to final_excavator.o(.bss.dir3) for dir3
    final_excavator.o(.text.main) refers to final_excavator.o(.data.PWM_PIN3) for PWM_PIN3
    final_excavator.o(.text.main) refers to final_excavator.o(.bss.duty3) for duty3
    final_excavator.o(.text.main) refers to final_excavator.o(.text.printState) for printState
    final_excavator.o(.ARM.exidx.text.main) refers to final_excavator.o(.text.main) for [Anonymous Symbol]
    final_excavator.o(.text.setup) refers to ecrcc.o(.text.RCC_PLL_init) for RCC_PLL_init
    final_excavator.o(.text.setup) refers to ecsystick.o(.text.SysTick_init) for SysTick_init
    final_excavator.o(.text.setup) refers to ecuart.o(.text.UART1_init) for UART1_init
    final_excavator.o(.text.setup) refers to ecuart.o(.text.UART1_baud) for UART1_baud
    final_excavator.o(.text.setup) refers to ecuart.o(.text.UART2_init) for UART2_init
    final_excavator.o(.text.setup) refers to ecgpio.o(.text.GPIO_init) for GPIO_init
    final_excavator.o(.text.setup) refers to ecgpio.o(.text.GPIO_otype) for GPIO_otype
    final_excavator.o(.text.setup) refers to ecstepper.o(.text.Stepper_init) for Stepper_init
    final_excavator.o(.text.setup) refers to final_excavator.o(.data.RPM) for RPM
    final_excavator.o(.text.setup) refers to ecstepper.o(.text.Stepper_setSpeed) for Stepper_setSpeed
    final_excavator.o(.text.setup) refers to ectim.o(.text.TIM_UI_init) for TIM_UI_init
    final_excavator.o(.text.setup) refers to final_excavator.o(.bss.PWM_PIN1) for PWM_PIN1
    final_excavator.o(.text.setup) refers to ecpwm.o(.text.PWM_init) for PWM_init
    final_excavator.o(.text.setup) refers to final_excavator.o(.data.period) for period
    final_excavator.o(.text.setup) refers to ecpwm.o(.text.PWM_period_ms) for PWM_period_ms
    final_excavator.o(.text.setup) refers to final_excavator.o(.data.PWM_PIN2) for PWM_PIN2
    final_excavator.o(.text.setup) refers to final_excavator.o(.data.PWM_PIN3) for PWM_PIN3
    final_excavator.o(.text.setup) refers to ecicap.o(.text.ICAP_init) for ICAP_init
    final_excavator.o(.text.setup) refers to ecicap.o(.text.ICAP_counter_us) for ICAP_counter_us
    final_excavator.o(.text.setup) refers to ecicap.o(.text.ICAP_setup) for ICAP_setup
    final_excavator.o(.ARM.exidx.text.setup) refers to final_excavator.o(.text.setup) for [Anonymous Symbol]
    final_excavator.o(.text.motor_init) refers to ecgpio.o(.text.GPIO_write) for GPIO_write
    final_excavator.o(.text.motor_init) refers to final_excavator.o(.bss.PWM_PIN1) for PWM_PIN1
    final_excavator.o(.text.motor_init) refers to ecpwm.o(.text.PWM_duty) for PWM_duty
    final_excavator.o(.text.motor_init) refers to final_excavator.o(.data.PWM_PIN2) for PWM_PIN2
[...]
    [Anonymous Symbol]                       0x08001f9c   Section        0  ecpwm.o(.text.PWM_period_ms)
    [Anonymous Symbol]                       0x08001fcc   Section        0  ecpwm.o(.text.PWM_pinmap)
    [Anonymous Symbol]                       0x080021e8   Section        0  ecrcc.o(.text.RCC_GPIOA_enable)
    [Anonymous Symbol]                       0x080021fc   Section        0  ecrcc.o(.text.RCC_GPIOB_enable)
    [Anonymous Symbol]                       0x08002210   Section        0  ecrcc.o(.text.RCC_GPIOC_enable)
    [Anonymous Symbol]                       0x08002224   Section        0  ecrcc.o(.text.RCC_GPIOD_enable)
    [Anonymous Symbol]                       0x08002238   Section        0  ecrcc.o(.text.RCC_PLL_init)
    [Anonymous Symbol]                       0x0800234c   Section        0  ecstepper.o(.text.Stepper_init)
    [Anonymous Symbol]                       0x080023fc   Section        0  ecstepper.o(.text.Stepper_pinOut)
    [Anonymous Symbol]                       0x0800250c   Section        0  ecstepper.o(.text.Stepper_setSpeed)
    [Anonymous Symbol]                       0x08002538   Section        0  ecstepper.o(.text.Stepper_step)
    [Anonymous Symbol]                       0x080025dc   Section        0  ecsystick.o(.text.SysTick_Handler)
    [Anonymous Symbol]                       0x080025e4   Section        0  ecsystick.o(.text.SysTick_counter)
    [Anonymous Symbol]                       0x080025f4   Section        0  ecsystick.o(.text.SysTick_init)
    [Anonymous Symbol]                       0x08002650   Section        0  system_stm32f4xx.o(.text.SystemInit)
    [Anonymous Symbol]                       0x08002664   Section        0  final_excavator.o(.text.TIM3_IRQHandler)
    [Anonymous Symbol]                       0x080026c8   Section        0  final_excavator.o(.text.TIM4_IRQHandler)
    [Anonymous Symbol]                       0x080027f8   Section        0  ectim.o(.text.TIM_UI_enable)
    [Anonymous Symbol]                       0x0800280c   Section        0  ectim.o(.text.TIM_UI_init)
    [Anonymous Symbol]                       0x080028f4   Section        0  ectim.o(.text.TIM_init)
    [Anonymous Symbol]                       0x08002a10   Section        0  ectim.o(.text.TIM_period_ms)
    [Anonymous Symbol]                       0x08002b00   Section        0  ecuart.o(.text.UART1_baud)
    [Anonymous Symbol]                       0x08002b18   Section        0  ecuart.o(.text.UART1_init)
    [Anonymous Symbol]                       0x08002b44   Section        0  ecuart.o(.text.UART2_init)
    [Anonymous Symbol]                       0x08002b70   Section        0  ecuart.o(.text.UART_baud)
    [Anonymous Symbol]                       0x08002c28   Section        0  final_excavator.o(.text.USART1_IRQHandler)
    [Anonymous Symbol]                       0x08002eb0   Section        0  ecuart.o(.text.USART1_read)
    [Anonymous Symbol]                       0x08002ec0   Section        0  ecuart.o(.text.USART1_write)
    [Anonymous Symbol]                       0x08002edc   Section        0  ecuart.o(.text.USART_delay)
    [Anonymous Symbol]                       0x08002f10   Section        0  ecuart.o(.text.USART_read)
    [Anonymous Symbol]                       0x08002f30   Section        0  ecuart.o(.text.USART_setting)
    [Anonymous Symbol]                       0x080031a4   Section        0  ecuart.o(.text.USART_write)
    __NVIC_EnableIRQ                         0x08003209   Thumb Code    48  ecsystick.o(.text.__NVIC_EnableIRQ)
    [Anonymous Symbol]                       0x08003208   Section        0  ecsystick.o(.text.__NVIC_EnableIRQ)
    __NVIC_EnableIRQ                         0x08003239   Thumb Code    48  ectim.o(.text.__NVIC_EnableIRQ)
    [Anonymous Symbol]                       0x08003238   Section        0  ectim.o(.text.__NVIC_EnableIRQ)
    __NVIC_EnableIRQ                         0x08003269   Thumb Code    48  ecuart.o(.text.__NVIC_EnableIRQ)
    [Anonymous Symbol]                       0x08003268   Section        0  ecuart.o(.text.__NVIC_EnableIRQ)
    __NVIC_SetPriority                       0x08003299   Thumb Code    66  ecsystick.o(.text.__NVIC_SetPriority)
    [Anonymous Symbol]                       0x08003298   Section        0  ecsystick.o(.text.__NVIC_SetPriority)
    __NVIC_SetPriority                       0x080032dd   Thumb Code    66  ectim.o(.text.__NVIC_SetPriority)
    [Anonymous Symbol]                       0x080032dc   Section        0  ectim.o(.text.__NVIC_SetPriority)
    __NVIC_SetPriority                       0x08003321   Thumb Code    66  ecuart.o(.text.__NVIC_SetPriority)
    [Anonymous Symbol]                       0x08003320   Section        0  ecuart.o(.text.__NVIC_SetPriority)
    [Anonymous Symbol]                       0x08003364   Section        0  ecicap.o(.text.clear_CCIF)
    [Anonymous Symbol]                       0x08003380   Section        0  ectim.o(.text.clear_UIF)
    [Anonymous Symbol]                       0x08003394   Section        0  ecsystick.o(.text.delay_ms)
    [Anonymous Symbol]                       0x080033d0   Section        0  ecpinnames.o(.text.ecPinmap)
    [Anonymous Symbol]                       0x08003474   Section        0  ecicap.o(.text.is_CCIF)
    [Anonymous Symbol]                       0x0800348c   Section        0  ectim.o(.text.is_UIF)
    [Anonymous Symbol]                       0x0800349c   Section        0  ecuart.o(.text.is_USART1_RXNE)
    [Anonymous Symbol]                       0x080034ac   Section        0  ecuart.o(.text.is_USART_RXNE)
    [Anonymous Symbol]                       0x080034c0   Section        0  final_excavator.o(.text.main)
    [Anonymous Symbol]                       0x08003798   Section        0  final_excavator.o(.text.motor_init)
    [Anonymous Symbol]                       0x0800380c   Section        0  final_excavator.o(.text.motor_operate)
    [Anonymous Symbol]                       0x080038ac   Section        0  final_excavator.o(.text.motor_stop)
    [Anonymous Symbol]                       0x08003930   Section        0  final_excavator.o(.text.printState)
    [Anonymous Symbol]                       0x08003988   Section        0  final_excavator.o(.text.setup)
    CL$$btod_d2e                             0x08003ae0   Section       62  btod.o(CL$$btod_d2e)
    CL$$btod_d2e_denorm_low                  0x08003b1e   Section       70  btod.o(CL$$btod_d2e_denorm_low)
    CL$$btod_d2e_norm_op1                    0x08003b64   Section       96  btod.o(CL$$btod_d2e_norm_op1)
    CL$$btod_div_common                      0x08003bc4   Section      824  btod.o(CL$$btod_div_common)
    CL$$btod_e2e                             0x08003efc   Section      220  btod.o(CL$$btod_e2e)
    CL$$btod_ediv                            0x08003fd8   Section       42  btod.o(CL$$btod_ediv)
    CL$$btod_emul                            0x08004002   Section       42  btod.o(CL$$btod_emul)
    CL$$btod_mult_common                     0x0800402c   Section      580  btod.o(CL$$btod_mult_common)
    i.__ARM_fpclassify                       0x08004270   Section        0  fpclassify.o(i.__ARM_fpclassify)
    i.__hardfp_round                         0x080042a0   Section        0  round.o(i.__hardfp_round)
    i._is_digit                              0x08004380   Section        0  __printf_wp.o(i._is_digit)
    locale$$code                             0x08004390   Section       44  lc_numeric_c.o(locale$$code)
    locale$$code                             0x080043bc   Section       44  lc_ctype_c.o(locale$$code)
    $v0                                      0x080043e8   Number         0  d2f.o(x$fpl$d2f)
    x$fpl$d2f                                0x080043e8   Section       98  d2f.o(x$fpl$d2f)
    $v0                                      0x0800444c   Number         0  daddsub_clz.o(x$fpl$dadd)
    x$fpl$dadd                               0x0800444c   Section      336  daddsub_clz.o(x$fpl$dadd)
    _dadd1                                   0x0800445d   Thumb Code     0  daddsub_clz.o(x$fpl$dadd)
    $v0                                      0x0800459c   Number         0  dcmpi.o(x$fpl$dcmpinf)
    x$fpl$dcmpinf                            0x0800459c   Section       24  dcmpi.o(x$fpl$dcmpinf)
    $v0                                      0x080045b4   Number         0  ddiv.o(x$fpl$ddiv)
    x$fpl$ddiv                               0x080045b4   Section      692  ddiv.o(x$fpl$ddiv)
    ddiv_entry                               0x080045bb   Thumb Code     0  ddiv.o(x$fpl$ddiv)
    $v0                                      0x08004868   Number         0  dfixu.o(x$fpl$dfixu)
    x$fpl$dfixu                              0x08004868   Section       90  dfixu.o(x$fpl$dfixu)
    $v0                                      0x080048c4   Number         0  dleqf.o(x$fpl$dleqf)
    x$fpl$dleqf                              0x080048c4   Section      120  dleqf.o(x$fpl$dleqf)
    $v0                                      0x0800493c   Number         0  dmul.o(x$fpl$dmul)
    x$fpl$dmul                               0x0800493c   Section      340  dmul.o(x$fpl$dmul)
    $v0                                      0x08004a90   Number         0  dnaninf.o(x$fpl$dnaninf)
    x$fpl$dnaninf                            0x08004a90   Section      156  dnaninf.o(x$fpl$dnaninf)
    $v0                                      0x08004b2c   Number         0  dretinf.o(x$fpl$dretinf)
    x$fpl$dretinf                            0x08004b2c   Section       12  dretinf.o(x$fpl$dretinf)
    $v0                                      0x08004b38   Number         0  drleqf.o(x$fpl$drleqf)
    x$fpl$drleqf                             0x08004b38   Section      108  drleqf.o(x$fpl$drleqf)
    $v0                                      0x08004ba4   Number         0  drnd.o(x$fpl$drnd)
    x$fpl$drnd                               0x08004ba4   Section      180  drnd.o(x$fpl$drnd)
    $v0                                      0x08004c58   Number         0  daddsub_clz.o(x$fpl$dsub)
    x$fpl$dsub                               0x08004c58   Section      476  daddsub_clz.o(x$fpl$dsub)
    _dsub1                                   0x08004c69   Thumb Code     0  daddsub_clz.o(x$fpl$dsub)
    $v0                                      0x08004e34   Number         0  f2d.o(x$fpl$f2d)
    x$fpl$f2d                                0x08004e34   Section       86  f2d.o(x$fpl$f2d)
    $v0                                      0x08004e8a   Number         0  fnaninf.o(x$fpl$fnaninf)
    x$fpl$fnaninf                            0x08004e8a   Section      140  fnaninf.o(x$fpl$fnaninf)
    $v0                                      0x08004f16   Number         0  fpinit.o(x$fpl$fpinit)
    x$fpl$fpinit                             0x08004f16   Section       26  fpinit.o(x$fpl$fpinit)
    $v0                                      0x08004f30   Number         0  fretinf.o(x$fpl$fretinf)
    x$fpl$fretinf                            0x08004f30   Section       10  fretinf.o(x$fpl$fretinf)
    $v0                                      0x08004f3a   Number         0  printf1.o(x$fpl$printf1)
    x$fpl$printf1                            0x08004f3a   Section        4  printf1.o(x$fpl$printf1)
    $v0                                      0x08004f3e   Number         0  printf2.o(x$fpl$printf2)
    x$fpl$printf2                            0x08004f3e   Section        4  printf2.o(x$fpl$printf2)
    x$fpl$usenofp                            0x08004f42   Section        0  usenofp.o(x$fpl$usenofp)
    initial_mbstate                          0x08004f44   Data           8  _printf_wctomb.o(.constdata)
    .constdata                               0x08004f44   Section        8  _printf_wctomb.o(.constdata)
    uc_hextab                                0x08004f4c   Data          20  _printf_hex_int_ll_ptr.o(.constdata)
    .constdata                               0x08004f4c   Section       40  _printf_hex_int_ll_ptr.o(.constdata)
    lc_hextab                                0x08004f60   Data          20  _printf_hex_int_ll_ptr.o(.constdata)
    maptable                                 0x08004f74   Data          17  __printf_flags_ss_wp.o(.constdata)
    .constdata                               0x08004f74   Section       17  __printf_flags_ss_wp.o(.constdata)
    lc_hextab                                0x08004f85   Data          19  _printf_fp_hex.o(.constdata)
    .constdata                               0x08004f85   Section       38  _printf_fp_hex.o(.constdata)
    uc_hextab                                0x08004f98   Data          19  _printf_fp_hex.o(.constdata)
    tenpwrs_x                                0x08004fac   Data          60  bigflt0.o(.constdata)
    .constdata                               0x08004fac   Section      148  bigflt0.o(.constdata)
    tenpwrs_i                                0x08004fe8   Data          64  bigflt0.o(.constdata)
    .L.str.2                                 0x08005040   Data           3  final_excavator.o(.rodata.str1.1)
    [Anonymous Symbol]                       0x08005040   Section        0  final_excavator.o(.rodata.str1.1)
    .L.str.1                                 0x08005043   Data          13  final_excavator.o(.rodata.str1.1)
    .L.str                                   0x08005050   Data           3  final_excavator.o(.rodata.str1.1)
    locale$$data                             0x08005074   Section       28  lc_numeric_c.o(locale$$data)
    __lcnum_c_name                           0x08005078   Data           2  lc_numeric_c.o(locale$$data)
    __lcnum_c_start                          0x08005080   Data           0  lc_numeric_c.o(locale$$data)
    __lcnum_c_point                          0x0800508c   Data           0  lc_numeric_c.o(locale$$data)
    __lcnum_c_thousands                      0x0800508e   Data           0  lc_numeric_c.o(locale$$data)
    __lcnum_c_grouping                       0x0800508f   Data           0  lc_numeric_c.o(locale$$data)
    __lcnum_c_end                            0x08005090   Data           0  lc_numeric_c.o(locale$$data)
    locale$$data                             0x08005090   Section      272  lc_ctype_c.o(locale$$data)
    __lcctype_c_name                         0x08005094   Data           2  lc_ctype_c.o(locale$$data)
    __lcctype_c_start                        0x0800509c   Data           0  lc_ctype_c.o(locale$$data)
    __lcctype_c_end                          0x080051a0   Data           0  lc_ctype_c.o(locale$$data)
    .bss                                     0x200000a8   Section       96  libspace.o(.bss)
    BT_Data                                  0x20000108   Data           1  final_excavator.o(.bss.BT_Data)
    [Anonymous Symbol]                       0x20000108   Section        0  final_excavator.o(.bss.BT_Data)
    Heap_Mem                                 0x20000180   Data         512  startup_stm32f411xe.o(HEAP)
    HEAP                                     0x20000180   Section      512  startup_stm32f411xe.o(HEAP)
    Stack_Mem                                0x20000380   Data        1024  startup_stm32f411xe.o(STACK)
    STACK                                    0x20000380   Section     1024  startup_stm32f411xe.o(STACK)
    __initial_sp                             0x20000780   Data           0  startup_stm32f411xe.o(STACK)

    Global Symbols

    Symbol Name                              Value     Ov Type        Size  Object(Section)

    BuildAttributes$$THM_ISAv4$E$P$D$K$B$S$7EM$VFPi3$EXTD16$VFPS$VFMA$PE$A:L22UL41UL21$X:L11$S22US41US21$IEEE1$IW$~IW$USESV6$~STKCKD$USESV7$~SHL$OTIME$ROPI$IEEEJ$EBA8$UX$STANDARDLIB$REQ8$PRES8$EABIv2 0x00000000   Number         0  anon$$obj.o ABSOLUTE
    _printf_flags                            0x00000000   Number         0  printf_stubs.o ABSOLUTE
    _printf_return_value                     0x00000000   Number         0  printf_stubs.o ABSOLUTE
    _printf_sizespec                         0x00000000   Number         0  printf_stubs.o ABSOLUTE
    _printf_widthprec                        0x00000000   Number         0  printf_stubs.o ABSOLUTE
    __ARM_exceptions_init                     - Undefined Weak Reference
    __alloca_initialize                       - Undefined Weak Reference
    __arm_preinit_                            - Undefined Weak Reference
    __arm_relocate_pie_                       - Undefined Weak Reference
    __cpp_initialize__aeabi_                  - Undefined Weak Reference
    __cxa_finalize                            - Undefined Weak Reference
    __sigvec_lookup                           - Undefined Weak Reference
    _atexit_init                              - Undefined Weak Reference
    _call_atexit_fns                          - Undefined Weak Reference
    _clock_init                               - Undefined Weak Reference
    _fp_trap_init                             - Undefined Weak Reference
    _fp_trap_shutdown                         - Undefined Weak Reference
    _get_lc_collate                           - Undefined Weak Reference
    _get_lc_monetary                          - Undefined Weak Reference
    _get_lc_time                              - Undefined Weak Reference
    _getenv_init                              - Undefined Weak Reference
    _handle_redirection                       - Undefined Weak Reference
    _init_alloc                               - Undefined Weak Reference
    _init_user_alloc                          - Undefined Weak Reference
    _initio                                   - Undefined Weak Reference
    _printf_mbtowc                            - Undefined Weak Reference
    _printf_wc                                - Undefined Weak Reference
    _rand_init                                - Undefined Weak Reference
    _signal_finish                            - Undefined Weak Reference
    _signal_init                              - Undefined Weak Reference
    _terminate_alloc                          - Undefined Weak Reference
    _terminate_user_alloc                     - Undefined Weak Reference
    _terminateio                              - Undefined Weak Reference
    __Vectors_Size                           0x00000198   Number         0  startup_stm32f411xe.o ABSOLUTE
    __Vectors                                0x08000000   Data           4  startup_stm32f411xe.o(RESET)
    __Vectors_End                            0x08000198   Data           0  startup_stm32f411xe.o(RESET)
    __main                                   0x08000199   Thumb Code     8  __main.o(!!!main)
    __scatterload                            0x080001a1   Thumb Code     0  __scatter.o(!!!scatter)
    __scatterload_rt2                        0x080001a1   Thumb Code    44  __scatter.o(!!!scatter)
    __scatterload_rt2_thumb_only             0x080001a1   Thumb Code     0  __scatter.o(!!!scatter)
    __scatterload_null                       0x080001af   Thumb Code     0  __scatter.o(!!!scatter)
    __scatterload_copy                       0x080001d5   Thumb Code    26  __scatter_copy.o(!!handler_copy)
    __scatterload_zeroinit                   0x080001f1   Thumb Code    28  __scatter_zi.o(!!handler_zi)
    _printf_n                                0x0800020d   Thumb Code     0  _printf_n.o(.ARM.Collect$$_printf_percent$$00000001)
    _printf_percent                          0x0800020d   Thumb Code     0  _printf_percent.o(.ARM.Collect$$_printf_percent$$00000000)
    _printf_p                                0x08000213   Thumb Code     0  _printf_p.o(.ARM.Collect$$_printf_percent$$00000002)
    _printf_f                                0x08000219   Thumb Code     0  _printf_f.o(.ARM.Collect$$_printf_percent$$00000003)
    _printf_e                                0x0800021f   Thumb Code     0  _printf_e.o(.ARM.Collect$$_printf_percent$$00000004)
    _printf_g                                0x08000225   Thumb Code     0  _printf_g.o(.ARM.Collect$$_printf_percent$$00000005)
    _printf_a                                0x0800022b   Thumb Code     0  _printf_a.o(.ARM.Collect$$_printf_percent$$00000006)
    _printf_ll                               0x08000231   Thumb Code     0  _printf_ll.o(.ARM.Collect$$_printf_percent$$00000007)
    _printf_i                                0x0800023b   Thumb Code     0  _printf_i.o(.ARM.Collect$$_printf_percent$$00000008)
    _printf_d                                0x08000241   Thumb Code     0  _printf_d.o(.ARM.Collect$$_printf_percent$$00000009)
    _printf_u                                0x08000247   Thumb Code     0  _printf_u.o(.ARM.Collect$$_printf_percent$$0000000A)
    _printf_o                                0x0800024d   Thumb Code     0  _printf_o.o(.ARM.Collect$$_printf_percent$$0000000B)
    _printf_x                                0x08000253   Thumb Code     0  _printf_x.o(.ARM.Collect$$_printf_percent$$0000000C)
    _printf_lli                              0x08000259   Thumb Code     0  _printf_lli.o(.ARM.Collect$$_printf_percent$$0000000D)
    _printf_lld                              0x0800025f   Thumb Code     0  _printf_lld.o(.ARM.Collect$$_printf_percent$$0000000E)
    _printf_llu                              0x08000265   Thumb Code     0  _printf_llu.o(.ARM.Collect$$_printf_percent$$0000000F)
    _printf_llo                              0x0800026b   Thumb Code     0  _printf_llo.o(.ARM.Collect$$_printf_percent$$00000010)
    _printf_llx                              0x08000271   Thumb Code     0  _printf_llx.o(.ARM.Collect$$_printf_percent$$00000011)
    _printf_l                                0x08000277   Thumb Code     0  _printf_l.o(.ARM.Collect$$_printf_percent$$00000012)
    _printf_c                                0x08000281   Thumb Code     0  _printf_c.o(.ARM.Collect$$_printf_percent$$00000013)
    _printf_s                                0x08000287   Thumb Code     0  _printf_s.o(.ARM.Collect$$_printf_percent$$00000014)
    _printf_lc                               0x0800028d   Thumb Code     0  _printf_lc.o(.ARM.Collect$$_printf_percent$$00000015)
    _printf_ls                               0x08000293   Thumb Code     0  _printf_ls.o(.ARM.Collect$$_printf_percent$$00000016)
    _printf_percent_end                      0x08000299   Thumb Code     0  _printf_percent_end.o(.ARM.Collect$$_printf_percent$$00000017)
    __rt_lib_init                            0x0800029d   Thumb Code     0  libinit.o(.ARM.Collect$$libinit$$00000000)
    __rt_lib_init_fp_1                       0x0800029f   Thumb Code     0  libinit2.o(.ARM.Collect$$libinit$$00000001)
    __rt_lib_init_heap_1                     0x080002a3   Thumb Code     0  libinit2.o(.ARM.Collect$$libinit$$0000000C)
    __rt_lib_init_lc_common                  0x080002a3   Thumb Code     0  libinit2.o(.ARM.Collect$$libinit$$00000011)
    __rt_lib_init_preinit_1                  0x080002a3   Thumb Code     0  libinit2.o(.ARM.Collect$$libinit$$00000006)
    __rt_lib_init_rand_1                     0x080002a3   Thumb Code     0  libinit2.o(.ARM.Collect$$libinit$$00000010)
    __rt_lib_init_relocate_pie_1             0x080002a3   Thumb Code     0  libinit2.o(.ARM.Collect$$libinit$$00000004)
    __rt_lib_init_user_alloc_1               0x080002a3   Thumb Code     0  libinit2.o(.ARM.Collect$$libinit$$0000000E)
    __rt_lib_init_lc_collate_1               0x080002a9   Thumb Code     0  libinit2.o(.ARM.Collect$$libinit$$00000013)
    __rt_lib_init_lc_ctype_2                 0x080002a9   Thumb Code     0  libinit2.o(.ARM.Collect$$libinit$$00000014)
    __rt_lib_init_lc_ctype_1                 0x080002b5   Thumb Code     0  libinit2.o(.ARM.Collect$$libinit$$00000015)
    __rt_lib_init_lc_monetary_1              0x080002b5   Thumb Code     0  libinit2.o(.ARM.Collect$$libinit$$00000017)
    __rt_lib_init_lc_numeric_2               0x080002b5   Thumb Code     0  libinit2.o(.ARM.Collect$$libinit$$00000018)
    __rt_lib_init_alloca_1                   0x080002bf   Thumb Code     0  libinit2.o(.ARM.Collect$$libinit$$00000030)
    __rt_lib_init_argv_1                     0x080002bf   Thumb Code     0  libinit2.o(.ARM.Collect$$libinit$$0000002E)
    __rt_lib_init_atexit_1                   0x080002bf   Thumb Code     0  libinit2.o(.ARM.Collect$$libinit$$0000001D)
    __rt_lib_init_clock_1                    0x080002bf   Thumb Code     0  libinit2.o(.ARM.Collect$$libinit$$00000023)
    __rt_lib_init_cpp_1                      0x080002bf   Thumb Code     0  libinit2.o(.ARM.Collect$$libinit$$00000034)
    __rt_lib_init_exceptions_1               0x080002bf   Thumb Code     0  libinit2.o(.ARM.Collect$$libinit$$00000032)
    __rt_lib_init_fp_trap_1                  0x080002bf   Thumb Code     0  libinit2.o(.ARM.Collect$$libinit$$00000021)
    __rt_lib_init_getenv_1                   0x080002bf   Thumb Code     0  libinit2.o(.ARM.Collect$$libinit$$00000025)
    __rt_lib_init_lc_numeric_1               0x080002bf   Thumb Code     0  libinit2.o(.ARM.Collect$$libinit$$00000019)
    __rt_lib_init_lc_time_1                  0x080002bf   Thumb Code     0  libinit2.o(.ARM.Collect$$libinit$$0000001B)
    __rt_lib_init_return                     0x080002bf   Thumb Code     0  libinit2.o(.ARM.Collect$$libinit$$00000035)
    __rt_lib_init_signal_1                   0x080002bf   Thumb Code     0  libinit2.o(.ARM.Collect$$libinit$$0000001F)
    __rt_lib_init_stdio_1                    0x080002bf   Thumb Code     0  libinit2.o(.ARM.Collect$$libinit$$00000027)
    __rt_lib_shutdown                        0x080002c1   Thumb Code     0  libshutdown.o(.ARM.Collect$$libshutdown$$00000000)
    __rt_lib_shutdown_cpp_1                  0x080002c3   Thumb Code     0  libshutdown2.o(.ARM.Collect$$libshutdown$$00000002)
    __rt_lib_shutdown_fp_trap_1              0x080002c3   Thumb Code     0  libshutdown2.o(.ARM.Collect$$libshutdown$$00000007)
    __rt_lib_shutdown_heap_1                 0x080002c3   Thumb Code     0  libshutdown2.o(.ARM.Collect$$libshutdown$$0000000F)
    __rt_lib_shutdown_return                 0x080002c3   Thumb Code     0  libshutdown2.o(.ARM.Collect$$libshutdown$$00000010)
    __rt_lib_shutdown_signal_1               0x080002c3   Thumb Code     0  libshutdown2.o(.ARM.Collect$$libshutdown$$0000000A)
    __rt_lib_shutdown_stdio_1                0x080002c3   Thumb Code     0  libshutdown2.o(.ARM.Collect$$libshutdown$$00000004)
    __rt_lib_shutdown_user_alloc_1           0x080002c3   Thumb Code     0  libshutdown2.o(.ARM.Collect$$libshutdown$$0000000C)
    __rt_entry                               0x080002c5   Thumb Code     0  __rtentry.o(.ARM.Collect$$rtentry$$00000000)
    __rt_entry_presh_1                       0x080002c5   Thumb Code     0  __rtentry2.o(.ARM.Collect$$rtentry$$00000002)
    __rt_entry_sh                            0x080002c5   Thumb Code     0  __rtentry4.o(.ARM.Collect$$rtentry$$00000004)
    __rt_entry_li                            0x080002cb   Thumb Code     0  __rtentry2.o(.ARM.Collect$$rtentry$$0000000A)
    __rt_entry_postsh_1                      0x080002cb   Thumb Code     0  __rtentry2.o(.ARM.Collect$$rtentry$$00000009)
    __rt_entry_main                          0x080002cf   Thumb Code     0  __rtentry2.o(.ARM.Collect$$rtentry$$0000000D)
    __rt_entry_postli_1                      0x080002cf   Thumb Code     0  __rtentry2.o(.ARM.Collect$$rtentry$$0000000C)
    __rt_exit                                0x080002d7   Thumb Code     0  rtexit.o(.ARM.Collect$$rtexit$$00000000)
    __rt_exit_ls                             0x080002d9   Thumb Code     0  rtexit2.o(.ARM.Collect$$rtexit$$00000003)
    __rt_exit_prels_1                        0x080002d9   Thumb Code     0  rtexit2.o(.ARM.Collect$$rtexit$$00000002)
    __rt_exit_exit                           0x080002dd   Thumb Code     0  rtexit2.o(.ARM.Collect$$rtexit$$00000004)
    Reset_Handler                            0x080002e5   Thumb Code     8  startup_stm32f411xe.o(.text)
    NMI_Handler                              0x080002ed   Thumb Code     2  startup_stm32f411xe.o(.text)
    HardFault_Handler                        0x080002ef   Thumb Code     2  startup_stm32f411xe.o(.text)
    MemManage_Handler                        0x080002f1   Thumb Code     2  startup_stm32f411xe.o(.text)
    BusFault_Handler                         0x080002f3   Thumb Code     2  startup_stm32f411xe.o(.text)
    UsageFault_Handler                       0x080002f5   Thumb Code     2  startup_stm32f411xe.o(.text)
    SVC_Handler                              0x080002f7   Thumb Code     2  startup_stm32f411xe.o(.text)
    DebugMon_Handler                         0x080002f9   Thumb Code     2  startup_stm32f411xe.o(.text)
    PendSV_Handler                           0x080002fb   Thumb Code     2  startup_stm32f411xe.o(.text)
    ADC_IRQHandler                           0x080002ff   Thumb Code     0  startup_stm32f411xe.o(.text)
    DMA1_Stream0_IRQHandler                  0x080002ff   Thumb Code     0  startup_stm32f411xe.o(.text)
    DMA1_Stream1_IRQHandler                  0x080002ff   Thumb Code     0  startup_stm32f411xe.o(.text)
    DMA1_Stream2_IRQHandler                  0x080002ff   Thumb Code     0  startup_stm32f411xe.o(.text)
    DMA1_Stream3_IRQHandler                  0x080002ff   Thumb Code     0  startup_stm32f411xe.o(.text)
    DMA1_Stream4_IRQHandler                  0x080002ff   Thumb Code     0  startup_stm32f411xe.o(.text)
    DMA1_Stream5_IRQHandler                  0x080002ff   Thumb Code     0  startup_stm32f411xe.o(.text)
    DMA1_Stream6_IRQHandler                  0x080002ff   Thumb Code     0  startup_stm32f411xe.o(.text)
    DMA1_Stream7_IRQHandler                  0x080002ff   Thumb Code     0  startup_stm32f411xe.o(.text)
    DMA2_Stream0_IRQHandler                  0x080002ff   Thumb Code     0  startup_stm32f411xe.o(.text)
    DMA2_Stream1_IRQHandler                  0x080002ff   Thumb Code     0  startup_stm32f411xe.o(.text)
    DMA2_Stream2_IRQHandler                  0x080002ff   Thumb Code     0  startup_stm32f411xe.o(.text)
    DMA2_Stream3_IRQHandler                  0x080002ff   Thumb Code     0  startup_stm32f411xe.o(.text)
    DMA2_Stream4_IRQHandler                  0x080002ff   Thumb Code     0  startup_stm32f411xe.o(.text)
    DMA2_Stream5_IRQHandler                  0x080002ff   Thumb Code     0  startup_stm32f411xe.o(.text)
    DMA2_Stream6_IRQHandler                  0x080002ff   Thumb Code     0  startup_stm32f411xe.o(.text)
    DMA2_Stream7_IRQHandler                  0x080002ff   Thumb Code     0  startup_stm32f411xe.o(.text)
    EXTI0_IRQHandler                         0x080002ff   Thumb Code     0  startup_stm32f411xe.o(.text)
    EXTI15_10_IRQHandler                     0x080002ff   Thumb Code     0  startup_stm32f411xe.o(.text)
    EXTI1_IRQHandler                         0x080002ff   Thumb Code     0  startup_stm32f411xe.o(.text)
    EXTI2_IRQHandler                         0x080002ff   Thumb Code     0  startup_stm32f411xe.o(.text)
    EXTI3_IRQHandler                         0x080002ff   Thumb Code     0  startup_stm32f411xe.o(.text)
    EXTI4_IRQHandler                         0x080002ff   Thumb Code     0  startup_stm32f411xe.o(.text)
    EXTI9_5_IRQHandler                       0x080002ff   Thumb Code     0  startup_stm32f411xe.o(.text)
    FLASH_IRQHandler                         0x080002ff   Thumb Code     0  startup_stm32f411xe.o(.text)
    FPU_IRQHandler                           0x080002ff   Thumb Code     0  startup_stm32f411xe.o(.text)
    I2C1_ER_IRQHandler                       0x080002ff   Thumb Code     0  startup_stm32f411xe.o(.text)
    I2C1_EV_IRQHandler                       0x080002ff   Thumb Code     0  startup_stm32f411xe.o(.text)
    I2C2_ER_IRQHandler                       0x080002ff   Thumb Code     0  startup_stm32f411xe.o(.text)
    I2C2_EV_IRQHandler                       0x080002ff   Thumb Code     0  startup_stm32f411xe.o(.text)
    I2C3_ER_IRQHandler                       0x080002ff   Thumb Code     0  startup_stm32f411xe.o(.text)
    I2C3_EV_IRQHandler                       0x080002ff   Thumb Code     0  startup_stm32f411xe.o(.text)
    OTG_FS_IRQHandler                        0x080002ff   Thumb Code     0  startup_stm32f411xe.o(.text)
    OTG_FS_WKUP_IRQHandler                   0x080002ff   Thumb Code     0  startup_stm32f411xe.o(.text)
    PVD_IRQHandler                           0x080002ff   Thumb Code     0  startup_stm32f411xe.o(.text)
    RCC_IRQHandler                           0x080002ff   Thumb Code     0  startup_stm32f411xe.o(.text)
    RTC_Alarm_IRQHandler                     0x080002ff   Thumb Code     0  startup_stm32f411xe.o(.text)
    RTC_WKUP_IRQHandler                      0x080002ff   Thumb Code     0  startup_stm32f411xe.o(.text)
    SDIO_IRQHandler                          0x080002ff   Thumb Code     0  startup_stm32f411xe.o(.text)
    SPI1_IRQHandler                          0x080002ff   Thumb Code     0  startup_stm32f411xe.o(.text)
    SPI2_IRQHandler                          0x080002ff   Thumb Code     0  startup_stm32f411xe.o(.text)
    SPI3_IRQHandler                          0x080002ff   Thumb Code     0  startup_stm32f411xe.o(.text)
    SPI4_IRQHandler                          0x080002ff   Thumb Code     0  startup_stm32f411xe.o(.text)
    SPI5_IRQHandler                          0x080002ff   Thumb Code     0  startup_stm32f411xe.o(.text)
    TAMP_STAMP_IRQHandler                    0x080002ff   Thumb Code     0  startup_stm32f411xe.o(.text)
    TIM1_BRK_TIM9_IRQHandler                 0x080002ff   Thumb Code     0  startup_stm32f411xe.o(.text)
    TIM1_CC_IRQHandler                       0x080002ff   Thumb Code     0  startup_stm32f411xe.o(.text)
    TIM1_TRG_COM_TIM11_IRQHandler            0x080002ff   Thumb Code     0  startup_stm32f411xe.o(.text)
    TIM1_UP_TIM10_IRQHandler                 0x080002ff   Thumb Code     0  startup_stm32f411xe.o(.text)
    TIM2_IRQHandler                          0x080002ff   Thumb Code     0  startup_stm32f411xe.o(.text)
    TIM5_IRQHandler                          0x080002ff   Thumb Code     0  startup_stm32f411xe.o(.text)
    USART2_IRQHandler                        0x080002ff   Thumb Code     0  startup_stm32f411xe.o(.text)
    USART6_IRQHandler                        0x080002ff   Thumb Code     0  startup_stm32f411xe.o(.text)
    WWDG_IRQHandler                          0x080002ff   Thumb Code     0  startup_stm32f411xe.o(.text)
    __user_initial_stackheap                 0x08000301   Thumb Code     0  startup_stm32f411xe.o(.text)
    sprintf                                  0x08000325   Thumb Code    38  sprintf.o(.text)
    __use_two_region_memory                  0x08000351   Thumb Code     2  heapauxi.o(.text)
    __rt_heap_escrow$2region                 0x08000353   Thumb Code     2  heapauxi.o(.text)
    __rt_heap_expand$2region                 0x08000355   Thumb Code     2  heapauxi.o(.text)
    _printf_pre_padding                      0x08000357   Thumb Code    44  _printf_pad.o(.text)
    _printf_post_padding                     0x08000383   Thumb Code    34  _printf_pad.o(.text)
    _printf_truncate_signed                  0x080003a5   Thumb Code    18  _printf_truncate.o(.text)
    _printf_truncate_unsigned                0x080003b7   Thumb Code    18  _printf_truncate.o(.text)
    _printf_str                              0x080003c9   Thumb Code    82  _printf_str.o(.text)
    _printf_int_dec                          0x0800041d   Thumb Code   104  _printf_dec.o(.text)
    _printf_charcount                        0x08000495   Thumb Code    40  _printf_charcount.o(.text)
    _printf_char_common                      0x080004c7   Thumb Code    32  _printf_char_common.o(.text)
    _sputc                                   0x080004ed   Thumb Code    10  _sputc.o(.text)
    _printf_wctomb                           0x080004f9   Thumb Code   182  _printf_wctomb.o(.text)
    _printf_longlong_dec                     0x080005b5   Thumb Code   108  _printf_longlong_dec.o(.text)
    _printf_longlong_oct                     0x08000631   Thumb Code    68  _printf_oct_int_ll.o(.text)
    _printf_int_oct                          0x08000675   Thumb Code    24  _printf_oct_int_ll.o(.text)
    _printf_ll_oct                           0x0800068d   Thumb Code    12  _printf_oct_int_ll.o(.text)
    _printf_longlong_hex                     0x080006a1   Thumb Code    86  _printf_hex_int_ll_ptr.o(.text)
    _printf_int_hex                          0x080006f7   Thumb Code    28  _printf_hex_int_ll_ptr.o(.text)
    _printf_ll_hex                           0x08000713   Thumb Code    12  _printf_hex_int_ll_ptr.o(.text)
    _printf_hex_ptr                          0x0800071f   Thumb Code    18  _printf_hex_int_ll_ptr.o(.text)
    __printf                                 0x08000735   Thumb Code   388  __printf_flags_ss_wp.o(.text)
    _ll_udiv10                               0x080008bd   Thumb Code   138  lludiv10.o(.text)
    _printf_int_common                       0x08000947   Thumb Code   178  _printf_intcommon.o(.text)
    _printf_fp_dec_real                      0x08000ba9   Thumb Code   620  _printf_fp_dec.o(.text)
    _printf_fp_hex_real                      0x08000e15   Thumb Code   756  _printf_fp_hex.o(.text)
    _printf_cs_common                        0x08001111   Thumb Code    20  _printf_char.o(.text)
    _printf_char                             0x08001125   Thumb Code    16  _printf_char.o(.text)
    _printf_string                           0x08001135   Thumb Code     8  _printf_char.o(.text)
    _printf_lcs_common                       0x0800113d   Thumb Code    20  _printf_wchar.o(.text)
    _printf_wchar                            0x08001151   Thumb Code    16  _printf_wchar.o(.text)
    _printf_wstring                          0x08001161   Thumb Code     8  _printf_wchar.o(.text)
    _c16rtomb                                0x08001169   Thumb Code    72  _c16rtomb.o(.text)
    _wcrtomb                                 0x08001169   Thumb Code     0  _c16rtomb.o(.text)
    __user_setup_stackheap                   0x080011b1   Thumb Code    74  sys_stackheap_outer.o(.text)
    __rt_ctype_table                         0x080011fd   Thumb Code    16  rt_ctype_table.o(.text)
    __rt_locale                              0x0800120d   Thumb Code     8  rt_locale_intlibspace.o(.text)
    _printf_fp_infnan                        0x08001215   Thumb Code   112  _printf_fp_infnan.o(.text)
    _btod_etento                             0x08001295   Thumb Code   224  bigflt0.o(.text)
    exit                                     0x08001379   Thumb Code    18  exit.o(.text)
    __user_libspace                          0x0800138d   Thumb Code     8  libspace.o(.text)
    __user_perproc_libspace                  0x0800138d   Thumb Code     0  libspace.o(.text)
    __user_perthread_libspace                0x0800138d   Thumb Code     0  libspace.o(.text)
    strcmp                                   0x08001399   Thumb Code   124  strcmpv7em.o(.text)
    _sys_exit                                0x08001415   Thumb Code     8  sys_exit.o(.text)
    __I$use$semihosting                      0x08001421   Thumb Code     0  use_no_semi.o(.text)
    __use_no_semihosting_swi                 0x08001421   Thumb Code     2  use_no_semi.o(.text)
    __semihosting_library_function           0x08001423   Thumb Code     0  indicate_semi.o(.text)
    GPIO                                     0x08001425   Thumb Code    64  ecgpio.o(.text.GPIO)
    GPIO_init                                0x08001465   Thumb Code   110  ecgpio.o(.text.GPIO_init)
    GPIO_mode                                0x080014d5   Thumb Code    48  ecgpio.o(.text.GPIO_mode)
    GPIO_ospeed                              0x08001505   Thumb Code    48  ecgpio.o(.text.GPIO_ospeed)
    GPIO_otype                               0x08001535   Thumb Code    44  ecgpio.o(.text.GPIO_otype)
    GPIO_pupd                                0x08001561   Thumb Code    48  ecgpio.o(.text.GPIO_pupd)
    GPIO_write                               0x08001591   Thumb Code    44  ecgpio.o(.text.GPIO_write)
    ICAP_counter_us                          0x080015bd   Thumb Code    58  ecicap.o(.text.ICAP_counter_us)
    ICAP_init                                0x080015f9   Thumb Code   462  ecicap.o(.text.ICAP_init)
    ICAP_pinmap                              0x080017c9   Thumb Code   538  ecicap.o(.text.ICAP_pinmap)
    ICAP_setup                               0x080019e5   Thumb Code   450  ecicap.o(.text.ICAP_setup)
    PWM_duty                                 0x08001ba9   Thumb Code   176  ecpwm.o(.text.PWM_duty)
    PWM_init                                 0x08001c59   Thumb Code   834  ecpwm.o(.text.PWM_init)
    PWM_period_ms                            0x08001f9d   Thumb Code    46  ecpwm.o(.text.PWM_period_ms)
    PWM_pinmap                               0x08001fcd   Thumb Code   538  ecpwm.o(.text.PWM_pinmap)
    RCC_GPIOA_enable                         0x080021e9   Thumb Code    18  ecrcc.o(.text.RCC_GPIOA_enable)
    RCC_GPIOB_enable                         0x080021fd   Thumb Code    18  ecrcc.o(.text.RCC_GPIOB_enable)
    RCC_GPIOC_enable                         0x08002211   Thumb Code    18  ecrcc.o(.text.RCC_GPIOC_enable)
    RCC_GPIOD_enable                         0x08002225   Thumb Code    18  ecrcc.o(.text.RCC_GPIOD_enable)
    RCC_PLL_init                             0x08002239   Thumb Code   276  ecrcc.o(.text.RCC_PLL_init)
    Stepper_init                             0x0800234d   Thumb Code   176  ecstepper.o(.text.Stepper_init)
    Stepper_pinOut                           0x080023fd   Thumb Code   272  ecstepper.o(.text.Stepper_pinOut)
    Stepper_setSpeed                         0x0800250d   Thumb Code    42  ecstepper.o(.text.Stepper_setSpeed)
    Stepper_step                             0x08002539   Thumb Code   162  ecstepper.o(.text.Stepper_step)
    SysTick_Handler                          0x080025dd   Thumb Code     8  ecsystick.o(.text.SysTick_Handler)
    SysTick_counter                          0x080025e5   Thumb Code    16  ecsystick.o(.text.SysTick_counter)
    SysTick_init                             0x080025f5   Thumb Code    90  ecsystick.o(.text.SysTick_init)
    SystemInit                               0x08002651   Thumb Code    18  system_stm32f4xx.o(.text.SystemInit)
    TIM3_IRQHandler                          0x08002665   Thumb Code    98  final_excavator.o(.text.TIM3_IRQHandler)
    TIM4_IRQHandler                          0x080026c9   Thumb Code   304  final_excavator.o(.text.TIM4_IRQHandler)
    TIM_UI_enable                            0x080027f9   Thumb Code    18  ectim.o(.text.TIM_UI_enable)
    TIM_UI_init                              0x0800280d   Thumb Code   230  ectim.o(.text.TIM_UI_init)
    TIM_init                                 0x080028f5   Thumb Code   282  ectim.o(.text.TIM_init)
    TIM_period_ms                            0x08002a11   Thumb Code   240  ectim.o(.text.TIM_period_ms)
    UART1_baud                               0x08002b01   Thumb Code    24  ecuart.o(.text.UART1_baud)
    UART1_init                               0x08002b19   Thumb Code    42  ecuart.o(.text.UART1_init)
    UART2_init                               0x08002b45   Thumb Code    42  ecuart.o(.text.UART2_init)
    UART_baud                                0x08002b71   Thumb Code   184  ecuart.o(.text.UART_baud)
    USART1_IRQHandler                        0x08002c29   Thumb Code   648  final_excavator.o(.text.USART1_IRQHandler)
    USART1_read                              0x08002eb1   Thumb Code    16  ecuart.o(.text.USART1_read)
    USART1_write                             0x08002ec1   Thumb Code    28  ecuart.o(.text.USART1_write)
    USART_delay                              0x08002edd   Thumb Code    50  ecuart.o(.text.USART_delay)
    USART_read                               0x08002f11   Thumb Code    32  ecuart.o(.text.USART_read)
    USART_setting                            0x08002f31   Thumb Code   626  ecuart.o(.text.USART_setting)
    USART_write                              0x080031a5   Thumb Code   100  ecuart.o(.text.USART_write)
    clear_CCIF                               0x08003365   Thumb Code    26  ecicap.o(.text.clear_CCIF)
    clear_UIF                                0x08003381   Thumb Code    18  ectim.o(.text.clear_UIF)
    delay_ms                                 0x08003395   Thumb Code    58  ecsystick.o(.text.delay_ms)
    ecPinmap                                 0x080033d1   Thumb Code   164  ecpinnames.o(.text.ecPinmap)
    is_CCIF                                  0x08003475   Thumb Code    22  ecicap.o(.text.is_CCIF)
    is_UIF                                   0x0800348d   Thumb Code    16  ectim.o(.text.is_UIF)
    is_USART1_RXNE                           0x0800349d   Thumb Code    16  ecuart.o(.text.is_USART1_RXNE)
    is_USART_RXNE                            0x080034ad   Thumb Code    16  ecuart.o(.text.is_USART_RXNE)
    main                                     0x080034c1   Thumb Code   728  final_excavator.o(.text.main)
    motor_init                               0x08003799   Thumb Code   116  final_excavator.o(.text.motor_init)
    motor_operate                            0x0800380d   Thumb Code   160  final_excavator.o(.text.motor_operate)
    motor_stop                               0x080038ad   Thumb Code   132  final_excavator.o(.text.motor_stop)
    printState                               0x08003931   Thumb Code    88  final_excavator.o(.text.printState)
    setup                                    0x08003989   Thumb Code   344  final_excavator.o(.text.setup)
    _btod_d2e                                0x08003ae1   Thumb Code    62  btod.o(CL$$btod_d2e)
    _d2e_denorm_low                          0x08003b1f   Thumb Code    70  btod.o(CL$$btod_d2e_denorm_low)
    _d2e_norm_op1                            0x08003b65   Thumb Code    96  btod.o(CL$$btod_d2e_norm_op1)
    __btod_div_common                        0x08003bc5   Thumb Code   696  btod.o(CL$$btod_div_common)
    _e2e                                     0x08003efd   Thumb Code   220  btod.o(CL$$btod_e2e)
    _btod_ediv                               0x08003fd9   Thumb Code    42  btod.o(CL$$btod_ediv)
    _btod_emul                               0x08004003   Thumb Code    42  btod.o(CL$$btod_emul)
    __btod_mult_common                       0x0800402d   Thumb Code   580  btod.o(CL$$btod_mult_common)
    __ARM_fpclassify                         0x08004271   Thumb Code    48  fpclassify.o(i.__ARM_fpclassify)
    __hardfp_round                           0x080042a1   Thumb Code   194  round.o(i.__hardfp_round)
    _is_digit                                0x08004381   Thumb Code    14  __printf_wp.o(i._is_digit)
    _get_lc_numeric                          0x08004391   Thumb Code    44  lc_numeric_c.o(locale$$code)
    _get_lc_ctype                            0x080043bd   Thumb Code    44  lc_ctype_c.o(locale$$code)
    __aeabi_d2f                              0x080043e9   Thumb Code     0  d2f.o(x$fpl$d2f)
    _d2f                                     0x080043e9   Thumb Code    98  d2f.o(x$fpl$d2f)
    __aeabi_dadd                             0x0800444d   Thumb Code     0  daddsub_clz.o(x$fpl$dadd)
    _dadd                                    0x0800444d   Thumb Code   332  daddsub_clz.o(x$fpl$dadd)
    __fpl_dcmp_Inf                           0x0800459d   Thumb Code    24  dcmpi.o(x$fpl$dcmpinf)
    __aeabi_ddiv                             0x080045b5   Thumb Code     0  ddiv.o(x$fpl$ddiv)
    _ddiv                                    0x080045b5   Thumb Code   556  ddiv.o(x$fpl$ddiv)
    __aeabi_d2uiz                            0x08004869   Thumb Code     0  dfixu.o(x$fpl$dfixu)
    _dfixu                                   0x08004869   Thumb Code    90  dfixu.o(x$fpl$dfixu)
    __aeabi_cdcmple                          0x080048c5   Thumb Code     0  dleqf.o(x$fpl$dleqf)
    _dcmple                                  0x080048c5   Thumb Code   120  dleqf.o(x$fpl$dleqf)
    __fpl_dcmple_InfNaN                      0x08004927   Thumb Code     0  dleqf.o(x$fpl$dleqf)
    __aeabi_dmul                             0x0800493d   Thumb Code     0  dmul.o(x$fpl$dmul)
    _dmul                                    0x0800493d   Thumb Code   332  dmul.o(x$fpl$dmul)
    __fpl_dnaninf                            0x08004a91   Thumb Code   156  dnaninf.o(x$fpl$dnaninf)
    __fpl_dretinf                            0x08004b2d   Thumb Code    12  dretinf.o(x$fpl$dretinf)
    __aeabi_cdrcmple                         0x08004b39   Thumb Code     0  drleqf.o(x$fpl$drleqf)
    _drcmple                                 0x08004b39   Thumb Code   108  drleqf.o(x$fpl$drleqf)
    _drnd                                    0x08004ba5   Thumb Code   180  drnd.o(x$fpl$drnd)
    __aeabi_dsub                             0x08004c59   Thumb Code     0  daddsub_clz.o(x$fpl$dsub)
    _dsub                                    0x08004c59   Thumb Code   472  daddsub_clz.o(x$fpl$dsub)
    __aeabi_f2d                              0x08004e35   Thumb Code     0  f2d.o(x$fpl$f2d)
    _f2d                                     0x08004e35   Thumb Code    86  f2d.o(x$fpl$f2d)
    __fpl_fnaninf                            0x08004e8b   Thumb Code   140  fnaninf.o(x$fpl$fnaninf)
    _fp_init                                 0x08004f17   Thumb Code    26  fpinit.o(x$fpl$fpinit)
    __fplib_config_fpu_vfp                   0x08004f2f   Thumb Code     0  fpinit.o(x$fpl$fpinit)
    __fplib_config_pureend_doubles           0x08004f2f   Thumb Code     0  fpinit.o(x$fpl$fpinit)
    __fpl_fretinf                            0x08004f31   Thumb Code    10  fretinf.o(x$fpl$fretinf)
    _printf_fp_dec                           0x08004f3b   Thumb Code     4  printf1.o(x$fpl$printf1)
    _printf_fp_hex                           0x08004f3f   Thumb Code     4  printf2.o(x$fpl$printf2)
    __I$use$fp                               0x08004f42   Number         0  usenofp.o(x$fpl$usenofp)
    Region$$Table$$Base                      0x08005054   Number         0  anon$$obj.o(Region$$Table)
    Region$$Table$$Limit                     0x08005074   Number         0  anon$$obj.o(Region$$Table)
    __ctype                                  0x0800509d   Data           0  lc_ctype_c.o(locale$$data)
    EC_SYSCLK                                0x20000000   Data           4  ecrcc.o(.data.EC_SYSCLK)
    FSM_full                                 0x20000004   Data          48  ecstepper.o(.data.FSM_full)
    FSM_half                                 0x20000034   Data          96  ecstepper.o(.data.FSM_half)
    PWM_PIN2                                 0x20000094   Data           1  final_excavator.o(.data.PWM_PIN2)
    PWM_PIN3                                 0x20000095   Data           1  final_excavator.o(.data.PWM_PIN3)
    RPM                                      0x20000098   Data           4  final_excavator.o(.data.RPM)
    period                                   0x2000009c   Data           4  final_excavator.o(.data.period)
    step_delay                               0x200000a0   Data           4  ecstepper.o(.data.step_delay)
    step_per_rev                             0x200000a4   Data           4  ecstepper.o(.data.step_per_rev)
    __libspace_start                         0x200000a8   Data          96  libspace.o(.bss)
    __temporary_stack_top$libspace           0x20000108   Data           0  libspace.o(.bss)
    PWM_PIN1                                 0x20000109   Data           1  final_excavator.o(.bss.PWM_PIN1)
    count                                    0x2000010c   Data           4  final_excavator.o(.bss.count)
    dir1                                     0x20000110   Data           4  final_excavator.o(.bss.dir1)
    dir2                                     0x20000114   Data           4  final_excavator.o(.bss.dir2)
    dir3                                     0x20000118   Data           4  final_excavator.o(.bss.dir3)
    dis                                      0x2000011c   Data           4  final_excavator.o(.bss.dis)
    distance                                 0x20000120   Data           4  final_excavator.o(.bss.distance)
    duty1                                    0x20000124   Data           4  final_excavator.o(.bss.duty1)
    duty2                                    0x20000128   Data           4  final_excavator.o(.bss.duty2)
    duty3                                    0x2000012c   Data           4  final_excavator.o(.bss.duty3)
    flag                                     0x20000130   Data           4  final_excavator.o(.bss.flag)
    input                                    0x20000134   Data           4  final_excavator.o(.bss.input)
    mode                                     0x20000138   Data           1  final_excavator.o(.bss.mode)
    msTicks                                  0x2000013c   Data           4  ecsystick.o(.bss.msTicks)
    myStepper                                0x20000140   Data          36  ecstepper.o(.bss.myStepper)
    ovf_cnt                                  0x20000164   Data           4  final_excavator.o(.bss.ovf_cnt)
    start                                    0x20000168   Data           1  final_excavator.o(.bss.start)
    temp                                     0x2000016c   Data           4  final_excavator.o(.bss.temp)
    time1                                    0x20000170   Data           4  final_excavator.o(.bss.time1)
    time2                                    0x20000174   Data           4  final_excavator.o(.bss.time2)
    timeInterval                             0x20000178   Data           4  final_excavator.o(.bss.timeInterval)



==============================================================================

Memory Map of the image

  Image Entry point : 0x08000199

  Load Region LR_IROM1 (Base: 0x08000000, Size: 0x00005248, Max: 0x00080000, ABSOLUTE)

    Execution Region ER_IROM1 (Exec base: 0x08000000, Load base: 0x08000000, Size: 0x000051a0, Max: 0x00080000, ABSOLUTE)

    Exec Addr    Load Addr    Size         Type   Attr      Idx    E Section Name        Object

    0x08000000   0x08000000   0x00000198   Data   RO          349    RESET               startup_stm32f411xe.o
    0x08000198   0x08000198   0x00000008   Code   RO          376  * !!!main             c_w.l(__main.o)
    0x080001a0   0x080001a0   0x00000034   Code   RO          753    !!!scatter          c_w.l(__scatter.o)
    0x080001d4   0x080001d4   0x0000001a   Code   RO          755    !!handler_copy      c_w.l(__scatter_copy.o)
    0x080001ee   0x080001ee   0x00000002   PAD
    0x080001f0   0x080001f0   0x0000001c   Code   RO          757    !!handler_zi        c_w.l(__scatter_zi.o)
    0x0800020c   0x0800020c   0x00000000   Code   RO          478    .ARM.Collect$$_printf_percent$$00000000  c_w.l(_printf_percent.o)
    0x0800020c   0x0800020c   0x00000006   Code   RO          467    .ARM.Collect$$_printf_percent$$00000001  c_w.l(_printf_n.o)
    0x08000212   0x08000212   0x00000006   Code   RO          469    .ARM.Collect$$_printf_percent$$00000002  c_w.l(_printf_p.o)
    0x08000218   0x08000218   0x00000006   Code   RO          474    .ARM.Collect$$_printf_percent$$00000003  c_w.l(_printf_f.o)
    0x0800021e   0x0800021e   0x00000006   Code   RO          475    .ARM.Collect$$_printf_percent$$00000004  c_w.l(_printf_e.o)
    0x08000224   0x08000224   0x00000006   Code   RO          476    .ARM.Collect$$_printf_percent$$00000005  c_w.l(_printf_g.o)
    0x0800022a   0x0800022a   0x00000006   Code   RO          477    .ARM.Collect$$_printf_percent$$00000006  c_w.l(_printf_a.o)
    0x08000230   0x08000230   0x0000000a   Code   RO          482    .ARM.Collect$$_printf_percent$$00000007  c_w.l(_printf_ll.o)
    0x0800023a   0x0800023a   0x00000006   Code   RO          471    .ARM.Collect$$_printf_percent$$00000008  c_w.l(_printf_i.o)
    0x08000240   0x08000240   0x00000006   Code   RO          472    .ARM.Collect$$_printf_percent$$00000009  c_w.l(_printf_d.o)
    0x08000246   0x08000246   0x00000006   Code   RO          473    .ARM.Collect$$_printf_percent$$0000000A  c_w.l(_printf_u.o)
    0x0800024c   0x0800024c   0x00000006   Code   RO          470    .ARM.Collect$$_printf_percent$$0000000B  c_w.l(_printf_o.o)
    0x08000252   0x08000252   0x00000006   Code   RO          468    .ARM.Collect$$_printf_percent$$0000000C  c_w.l(_printf_x.o)
    0x08000258   0x08000258   0x00000006   Code   RO          479    .ARM.Collect$$_printf_percent$$0000000D  c_w.l(_printf_lli.o)
    0x0800025e   0x0800025e   0x00000006   Code   RO          480    .ARM.Collect$$_printf_percent$$0000000E  c_w.l(_printf_lld.o)
    0x08000264   0x08000264   0x00000006   Code   RO          481    .ARM.Collect$$_printf_percent$$0000000F  c_w.l(_printf_llu.o)
    0x0800026a   0x0800026a   0x00000006   Code   RO          486    .ARM.Collect$$_printf_percent$$00000010  c_w.l(_printf_llo.o)
    0x08000270   0x08000270   0x00000006   Code   RO          487    .ARM.Collect$$_printf_percent$$00000011  c_w.l(_printf_llx.o)
    0x08000276   0x08000276   0x0000000a   Code   RO          483    .ARM.Collect$$_printf_percent$$00000012  c_w.l(_printf_l.o)
    0x08000280   0x08000280   0x00000006   Code   RO          465    .ARM.Collect$$_printf_percent$$00000013  c_w.l(_printf_c.o)
    0x08000286   0x08000286   0x00000006   Code   RO          466    .ARM.Collect$$_printf_percent$$00000014  c_w.l(_printf_s.o)
    0x0800028c   0x0800028c   0x00000006   Code   RO          484    .ARM.Collect$$_printf_percent$$00000015  c_w.l(_printf_lc.o)
    0x08000292   0x08000292   0x00000006   Code   RO          485    .ARM.Collect$$_printf_percent$$00000016  c_w.l(_printf_ls.o)
    0x08000298   0x08000298   0x00000004   Code   RO          549    .ARM.Collect$$_printf_percent$$00000017  c_w.l(_printf_percent_end.o)
    0x0800029c   0x0800029c   0x00000002   Code   RO          602    .ARM.Collect$$libinit$$00000000  c_w.l(libinit.o)
    0x0800029e   0x0800029e   0x00000004   Code   RO          619    .ARM.Collect$$libinit$$00000001  c_w.l(libinit2.o)
    0x080002a2   0x080002a2   0x00000000   Code   RO          622    .ARM.Collect$$libinit$$00000004  c_w.l(libinit2.o)
    0x080002a2   0x080002a2   0x00000000   Code   RO          624    .ARM.Collect$$libinit$$00000006  c_w.l(libinit2.o)
    0x080002a2   0x080002a2   0x00000000   Code   RO          627    .ARM.Collect$$libinit$$0000000C  c_w.l(libinit2.o)
    0x080002a2   0x080002a2   0x00000000   Code   RO          629    .ARM.Collect$$libinit$$0000000E  c_w.l(libinit2.o)
    0x080002a2   0x080002a2   0x00000000   Code   RO          631    .ARM.Collect$$libinit$$00000010  c_w.l(libinit2.o)
    0x080002a2   0x080002a2   0x00000006   Code   RO          632    .ARM.Collect$$libinit$$00000011  c_w.l(libinit2.o)
    0x080002a8   0x080002a8   0x00000000   Code   RO          634    .ARM.Collect$$libinit$$00000013  c_w.l(libinit2.o)
    0x080002a8   0x080002a8   0x0000000c   Code   RO          635    .ARM.Collect$$libinit$$00000014  c_w.l(libinit2.o)
    0x080002b4   0x080002b4   0x00000000   Code   RO          636    .ARM.Collect$$libinit$$00000015  c_w.l(libinit2.o)
    0x080002b4   0x080002b4   0x00000000   Code   RO          638    .ARM.Collect$$libinit$$00000017  c_w.l(libinit2.o)
    0x080002b4   0x080002b4   0x0000000a   Code   RO          639    .ARM.Collect$$libinit$$00000018  c_w.l(libinit2.o)
    0x080002be   0x080002be   0x00000000   Code   RO          640    .ARM.Collect$$libinit$$00000019  c_w.l(libinit2.o)
    0x080002be   0x080002be   0x00000000   Code   RO          642    .ARM.Collect$$libinit$$0000001B  c_w.l(libinit2.o)
    0x080002be   0x080002be   0x00000000   Code   RO          644    .ARM.Collect$$libinit$$0000001D  c_w.l(libinit2.o)
    0x080002be   0x080002be   0x00000000   Code   RO          646    .ARM.Collect$$libinit$$0000001F  c_w.l(libinit2.o)
    0x080002be   0x080002be   0x00000000   Code   RO          648    .ARM.Collect$$libinit$$00000021  c_w.l(libinit2.o)
    0x080002be   0x080002be   0x00000000   Code   RO          650    .ARM.Collect$$libinit$$00000023  c_w.l(libinit2.o)
    0x080002be   0x080002be   0x00000000   Code   RO          652    .ARM.Collect$$libinit$$00000025  c_w.l(libinit2.o)
    0x080002be   0x080002be   0x00000000   Code   RO          654    .ARM.Collect$$libinit$$00000027  c_w.l(libinit2.o)
    0x080002be   0x080002be   0x00000000   Code   RO          658    .ARM.Collect$$libinit$$0000002E  c_w.l(libinit2.o)
    0x080002be   0x080002be   0x00000000   Code   RO          660    .ARM.Collect$$libinit$$00000030  c_w.l(libinit2.o)
    0x080002be   0x080002be   0x00000000   Code   RO          662    .ARM.Collect$$libinit$$00000032  c_w.l(libinit2.o)
    0x080002be   0x080002be   0x00000000   Code   RO          664    .ARM.Collect$$libinit$$00000034  c_w.l(libinit2.o)
    0x080002be   0x080002be   0x00000002   Code   RO          665    .ARM.Collect$$libinit$$00000035  c_w.l(libinit2.o)
    0x080002c0   0x080002c0   0x00000002   Code   RO          689    .ARM.Collect$$libshutdown$$00000000  c_w.l(libshutdown.o)
    0x080002c2   0x080002c2   0x00000000   Code   RO          704    .ARM.Collect$$libshutdown$$00000002  c_w.l(libshutdown2.o)
    0x080002c2   0x080002c2   0x00000000   Code   RO          706    .ARM.Collect$$libshutdown$$00000004  c_w.l(libshutdown2.o)
    0x080002c2   0x080002c2   0x00000000   Code   RO          709    .ARM.Collect$$libshutdown$$00000007  c_w.l(libshutdown2.o)
    0x080002c2   0x080002c2   0x00000000   Code   RO          712    .ARM.Collect$$libshutdown$$0000000A  c_w.l(libshutdown2.o)
    0x080002c2   0x080002c2   0x00000000   Code   RO          714    .ARM.Collect$$libshutdown$$0000000C  c_w.l(libshutdown2.o)
    0x080002c2   0x080002c2   0x00000000   Code   RO          717    .ARM.Collect$$libshutdown$$0000000F  c_w.l(libshutdown2.o)
    0x080002c2   0x080002c2   0x00000002   Code   RO          718    .ARM.Collect$$libshutdown$$00000010  c_w.l(libshutdown2.o)
    0x080002c4   0x080002c4   0x00000000   Code   RO          396    .ARM.Collect$$rtentry$$00000000  c_w.l(__rtentry.o)
    0x080002c4   0x080002c4   0x00000000   Code   RO          518    .ARM.Collect$$rtentry$$00000002  c_w.l(__rtentry2.o)
    0x080002c4   0x080002c4   0x00000006   Code   RO          530    .ARM.Collect$$rtentry$$00000004  c_w.l(__rtentry4.o)
    0x080002ca   0x080002ca   0x00000000   Code   RO          520    .ARM.Collect$$rtentry$$00000009  c_w.l(__rtentry2.o)
    0x080002ca   0x080002ca   0x00000004   Code   RO          521    .ARM.Collect$$rtentry$$0000000A  c_w.l(__rtentry2.o)
    0x080002ce   0x080002ce   0x00000000   Code   RO          523    .ARM.Collect$$rtentry$$0000000C  c_w.l(__rtentry2.o)
    0x080002ce   0x080002ce   0x00000008   Code   RO          524    .ARM.Collect$$rtentry$$0000000D  c_w.l(__rtentry2.o)
    0x080002d6   0x080002d6   0x00000002   Code   RO          610    .ARM.Collect$$rtexit$$00000000  c_w.l(rtexit.o)
    0x080002d8   0x080002d8   0x00000000   Code   RO          667    .ARM.Collect$$rtexit$$00000002  c_w.l(rtexit2.o)
    0x080002d8   0x080002d8   0x00000004   Code   RO          668    .ARM.Collect$$rtexit$$00000003  c_w.l(rtexit2.o)
    0x080002dc   0x080002dc   0x00000006   Code   RO          669    .ARM.Collect$$rtexit$$00000004  c_w.l(rtexit2.o)
    0x080002e2   0x080002e2   0x00000002   PAD
    0x080002e4   0x080002e4   0x00000040   Code   RO          350    .text               startup_stm32f411xe.o
    0x08000324   0x08000324   0x0000002c   Code   RO          372    .text               c_w.l(sprintf.o)
    0x08000350   0x08000350   0x00000006   Code   RO          374    .text               c_w.l(heapauxi.o)
    0x08000356   0x08000356   0x0000004e   Code   RO          399    .text               c_w.l(_printf_pad.o)
    0x080003a4   0x080003a4   0x00000024   Code   RO          401    .text               c_w.l(_printf_truncate.o)
    0x080003c8   0x080003c8   0x00000052   Code   RO          403    .text               c_w.l(_printf_str.o)
    0x0800041a   0x0800041a   0x00000002   PAD
    0x0800041c   0x0800041c   0x00000078   Code   RO          405    .text               c_w.l(_printf_dec.o)
    0x08000494   0x08000494   0x00000028   Code   RO          407    .text               c_w.l(_printf_charcount.o)
    0x080004bc   0x080004bc   0x00000030   Code   RO          409    .text               c_w.l(_printf_char_common.o)
    0x080004ec   0x080004ec   0x0000000a   Code   RO          411    .text               c_w.l(_sputc.o)
    0x080004f6   0x080004f6   0x00000002   PAD
    0x080004f8   0x080004f8   0x000000bc   Code   RO          413    .text               c_w.l(_printf_wctomb.o)
    0x080005b4   0x080005b4   0x0000007c   Code   RO          416    .text               c_w.l(_printf_longlong_dec.o)
    0x08000630   0x08000630   0x00000070   Code   RO          422    .text               c_w.l(_printf_oct_int_ll.o)
    0x080006a0   0x080006a0   0x00000094   Code   RO          442    .text               c_w.l(_printf_hex_int_ll_ptr.o)
    0x08000734   0x08000734   0x00000188   Code   RO          462    .text               c_w.l(__printf_flags_ss_wp.o)
    0x080008bc   0x080008bc   0x0000008a   Code   RO          532    .text               c_w.l(lludiv10.o)
    0x08000946   0x08000946   0x000000b2   Code   RO          534    .text               c_w.l(_printf_intcommon.o)
    0x080009f8   0x080009f8   0x0000041c   Code   RO          536    .text               c_w.l(_printf_fp_dec.o)
    0x08000e14   0x08000e14   0x000002fc   Code   RO          540    .text               c_w.l(_printf_fp_hex.o)
    0x08001110   0x08001110   0x0000002c   Code   RO          545    .text               c_w.l(_printf_char.o)
    0x0800113c   0x0800113c   0x0000002c   Code   RO          547    .text               c_w.l(_printf_wchar.o)
    0x08001168   0x08001168   0x00000048   Code   RO          550    .text               c_w.l(_c16rtomb.o)
    0x080011b0   0x080011b0   0x0000004a   Code   RO          554    .text               c_w.l(sys_stackheap_outer.o)
    0x080011fa   0x080011fa   0x00000002   PAD
    0x080011fc   0x080011fc   0x00000010   Code   RO          556    .text               c_w.l(rt_ctype_table.o)
    0x0800120c   0x0800120c   0x00000008   Code   RO          561    .text               c_w.l(rt_locale_intlibspace.o)
    0x08001214   0x08001214   0x00000080   Code   RO          563    .text               c_w.l(_printf_fp_infnan.o)
    0x08001294   0x08001294   0x000000e4   Code   RO          565    .text               c_w.l(bigflt0.o)
    0x08001378   0x08001378   0x00000012   Code   RO          595    .text               c_w.l(exit.o)
    0x0800138a   0x0800138a   0x00000002   PAD
    0x0800138c   0x0800138c   0x00000008   Code   RO          607    .text               c_w.l(libspace.o)
    0x08001394   0x08001394   0x00000004   PAD
    0x08001398   0x08001398   0x0000007c   Code   RO          617    .text               c_w.l(strcmpv7em.o)
    0x08001414   0x08001414   0x0000000c   Code   RO          679    .text               c_w.l(sys_exit.o)
    0x08001420   0x08001420   0x00000002   Code   RO          694    .text               c_w.l(use_no_semi.o)
    0x08001422   0x08001422   0x00000000   Code   RO          696    .text               c_w.l(indicate_semi.o)
    0x08001422   0x08001422   0x00000002   PAD
    0x08001424   0x08001424   0x00000040   Code   RO          134    .text.GPIO          ecgpio.o
    0x08001464   0x08001464   0x0000006e   Code   RO          112    .text.GPIO_init     ecgpio.o
    0x080014d2   0x080014d2   0x00000002   PAD
    0x080014d4   0x080014d4   0x00000030   Code   RO          114    .text.GPIO_mode     ecgpio.o
    0x08001504   0x08001504   0x00000030   Code   RO          116    .text.GPIO_ospeed   ecgpio.o
    0x08001534   0x08001534   0x0000002c   Code   RO          118    .text.GPIO_otype    ecgpio.o
    0x08001560   0x08001560   0x00000030   Code   RO          120    .text.GPIO_pupd     ecgpio.o
    0x08001590   0x08001590   0x0000002c   Code   RO          124    .text.GPIO_write    ecgpio.o
    0x080015bc   0x080015bc   0x0000003a   Code   RO          151    .text.ICAP_counter_us  ecicap.o
    0x080015f6   0x080015f6   0x00000002   PAD
    0x080015f8   0x080015f8   0x000001ce   Code   RO          145    .text.ICAP_init     ecicap.o
    0x080017c6   0x080017c6   0x00000002   PAD
    0x080017c8   0x080017c8   0x0000021a   Code   RO          147    .text.ICAP_pinmap   ecicap.o
    0x080019e2   0x080019e2   0x00000002   PAD
    0x080019e4   0x080019e4   0x000001c2   Code   RO          149    .text.ICAP_setup    ecicap.o
    0x08001ba6   0x08001ba6   0x00000002   PAD
    0x08001ba8   0x08001ba8   0x000000b0   Code   RO          190    .text.PWM_duty      ecpwm.o
    0x08001c58   0x08001c58   0x00000342   Code   RO          174    .text.PWM_init      ecpwm.o
    0x08001f9a   0x08001f9a   0x00000002   PAD
    0x08001f9c   0x08001f9c   0x0000002e   Code   RO          178    .text.PWM_period_ms  ecpwm.o
    0x08001fca   0x08001fca   0x00000002   PAD
    0x08001fcc   0x08001fcc   0x0000021a   Code   RO          176    .text.PWM_pinmap    ecpwm.o
    0x080021e6   0x080021e6   0x00000002   PAD
    0x080021e8   0x080021e8   0x00000012   Code   RO          203    .text.RCC_GPIOA_enable  ecrcc.o
    0x080021fa   0x080021fa   0x00000002   PAD
    0x080021fc   0x080021fc   0x00000012   Code   RO          205    .text.RCC_GPIOB_enable  ecrcc.o
    0x0800220e   0x0800220e   0x00000002   PAD
    0x08002210   0x08002210   0x00000012   Code   RO          207    .text.RCC_GPIOC_enable  ecrcc.o
    0x08002222   0x08002222   0x00000002   PAD
    0x08002224   0x08002224   0x00000012   Code   RO          209    .text.RCC_GPIOD_enable  ecrcc.o
    0x08002236   0x08002236   0x00000002   PAD
    0x08002238   0x08002238   0x00000114   Code   RO          201    .text.RCC_PLL_init  ecrcc.o
    0x0800234c   0x0800234c   0x000000b0   Code   RO          219    .text.Stepper_init  ecstepper.o
    0x080023fc   0x080023fc   0x00000110   Code   RO          221    .text.Stepper_pinOut  ecstepper.o
    0x0800250c   0x0800250c   0x0000002a   Code   RO          223    .text.Stepper_setSpeed  ecstepper.o
    0x08002536   0x08002536   0x00000002   PAD
    0x08002538   0x08002538   0x000000a2   Code   RO          225    .text.Stepper_step  ecstepper.o
    0x080025da   0x080025da   0x00000002   PAD
    0x080025dc   0x080025dc   0x00000008   Code   RO          248    .text.SysTick_Handler  ecsystick.o
    0x080025e4   0x080025e4   0x00000010   Code   RO          250    .text.SysTick_counter  ecsystick.o
    0x080025f4   0x080025f4   0x0000005a   Code   RO          242    .text.SysTick_init  ecsystick.o
    0x0800264e   0x0800264e   0x00000002   PAD
    0x08002650   0x08002650   0x00000012   Code   RO          357    .text.SystemInit    system_stm32f4xx.o
    0x08002662   0x08002662   0x00000002   PAD
    0x08002664   0x08002664   0x00000062   Code   RO           18    .text.TIM3_IRQHandler  final_excavator.o
    0x080026c6   0x080026c6   0x00000002   PAD
    0x080026c8   0x080026c8   0x00000130   Code   RO           16    .text.TIM4_IRQHandler  final_excavator.o
    0x080027f8   0x080027f8   0x00000012   Code   RO          278    .text.TIM_UI_enable  ectim.o
    0x0800280a   0x0800280a   0x00000002   PAD
    0x0800280c   0x0800280c   0x000000e6   Code   RO          276    .text.TIM_UI_init   ectim.o
    0x080028f2   0x080028f2   0x00000002   PAD
    0x080028f4   0x080028f4   0x0000011a   Code   RO          270    .text.TIM_init      ectim.o
    0x08002a0e   0x08002a0e   0x00000002   PAD
    0x08002a10   0x08002a10   0x000000f0   Code   RO          272    .text.TIM_period_ms  ectim.o
    0x08002b00   0x08002b00   0x00000018   Code   RO          323    .text.UART1_baud    ecuart.o
    0x08002b18   0x08002b18   0x0000002a   Code   RO          319    .text.UART1_init    ecuart.o
    0x08002b42   0x08002b42   0x00000002   PAD
    0x08002b44   0x08002b44   0x0000002a   Code   RO          321    .text.UART2_init    ecuart.o
    0x08002b6e   0x08002b6e   0x00000002   PAD
    0x08002b70   0x08002b70   0x000000b8   Code   RO          313    .text.UART_baud     ecuart.o
    0x08002c28   0x08002c28   0x00000288   Code   RO           14    .text.USART1_IRQHandler  final_excavator.o
    0x08002eb0   0x08002eb0   0x00000010   Code   RO          331    .text.USART1_read   ecuart.o
    0x08002ec0   0x08002ec0   0x0000001c   Code   RO          327    .text.USART1_write  ecuart.o
    0x08002edc   0x08002edc   0x00000032   Code   RO          307    .text.USART_delay   ecuart.o
    0x08002f0e   0x08002f0e   0x00000002   PAD
    0x08002f10   0x08002f10   0x00000020   Code   RO          305    .text.USART_read    ecuart.o
    0x08002f30   0x08002f30   0x00000272   Code   RO          311    .text.USART_setting  ecuart.o
    0x080031a2   0x080031a2   0x00000002   PAD
    0x080031a4   0x080031a4   0x00000064   Code   RO          299    .text.USART_write   ecuart.o
    0x08003208   0x08003208   0x00000030   Code   RO          246    .text.__NVIC_EnableIRQ  ecsystick.o
    0x08003238   0x08003238   0x00000030   Code   RO          280    .text.__NVIC_EnableIRQ  ectim.o
    0x08003268   0x08003268   0x00000030   Code   RO          317    .text.__NVIC_EnableIRQ  ecuart.o
    0x08003298   0x08003298   0x00000042   Code   RO          244    .text.__NVIC_SetPriority  ecsystick.o
    0x080032da   0x080032da   0x00000002   PAD
    0x080032dc   0x080032dc   0x00000042   Code   RO          282    .text.__NVIC_SetPriority  ectim.o
    0x0800331e   0x0800331e   0x00000002   PAD
    0x08003320   0x08003320   0x00000042   Code   RO          315    .text.__NVIC_SetPriority  ecuart.o
    0x08003362   0x08003362   0x00000002   PAD
    0x08003364   0x08003364   0x0000001a   Code   RO          155    .text.clear_CCIF    ecicap.o
    0x0800337e   0x0800337e   0x00000002   PAD
    0x08003380   0x08003380   0x00000012   Code   RO          288    .text.clear_UIF     ectim.o
    0x08003392   0x08003392   0x00000002   PAD
    0x08003394   0x08003394   0x0000003a   Code   RO          252    .text.delay_ms      ecsystick.o
    0x080033ce   0x080033ce   0x00000002   PAD
    0x080033d0   0x080033d0   0x000000a4   Code   RO          166    .text.ecPinmap      ecpinnames.o
    0x08003474   0x08003474   0x00000016   Code   RO          153    .text.is_CCIF       ecicap.o
    0x0800348a   0x0800348a   0x00000002   PAD
    0x0800348c   0x0800348c   0x00000010   Code   RO          286    .text.is_UIF        ectim.o
    0x0800349c   0x0800349c   0x00000010   Code   RO          335    .text.is_USART1_RXNE  ecuart.o
    0x080034ac   0x080034ac   0x00000010   Code   RO          309    .text.is_USART_RXNE  ecuart.o
    0x080034bc   0x080034bc   0x00000004   PAD
    0x080034c0   0x080034c0   0x000002d8   Code   RO            2    .text.main          final_excavator.o
    0x08003798   0x08003798   0x00000074   Code   RO            6    .text.motor_init    final_excavator.o
    0x0800380c   0x0800380c   0x000000a0   Code   RO            8    .text.motor_operate  final_excavator.o
    0x080038ac   0x080038ac   0x00000084   Code   RO           10    .text.motor_stop    final_excavator.o
    0x08003930   0x08003930   0x00000058   Code   RO           12    .text.printState    final_excavator.o
    0x08003988   0x08003988   0x00000158   Code   RO            4    .text.setup         final_excavator.o
    0x08003ae0   0x08003ae0   0x0000003e   Code   RO          568    CL$$btod_d2e        c_w.l(btod.o)
    0x08003b1e   0x08003b1e   0x00000046   Code   RO          570    CL$$btod_d2e_denorm_low  c_w.l(btod.o)
    0x08003b64   0x08003b64   0x00000060   Code   RO          569    CL$$btod_d2e_norm_op1  c_w.l(btod.o)
    0x08003bc4   0x08003bc4   0x00000338   Code   RO          578    CL$$btod_div_common  c_w.l(btod.o)
    0x08003efc   0x08003efc   0x000000dc   Code   RO          575    CL$$btod_e2e        c_w.l(btod.o)
    0x08003fd8   0x08003fd8   0x0000002a   Code   RO          572    CL$$btod_ediv       c_w.l(btod.o)
    0x08004002   0x08004002   0x0000002a   Code   RO          571    CL$$btod_emul       c_w.l(btod.o)
    0x0800402c   0x0800402c   0x00000244   Code   RO          577    CL$$btod_mult_common  c_w.l(btod.o)
    0x08004270   0x08004270   0x00000030   Code   RO          605    i.__ARM_fpclassify  m_wm.l(fpclassify.o)
    0x080042a0   0x080042a0   0x000000e0   Code   RO          392    i.__hardfp_round    m_wm.l(round.o)
    0x08004380   0x08004380   0x0000000e   Code   RO          455    i._is_digit         c_w.l(__printf_wp.o)
    0x0800438e   0x0800438e   0x00000002   PAD
    0x08004390   0x08004390   0x0000002c   Code   RO          593    locale$$code        c_w.l(lc_numeric_c.o)
    0x080043bc   0x080043bc   0x0000002c   Code   RO          615    locale$$code        c_w.l(lc_ctype_c.o)
    0x080043e8   0x080043e8   0x00000062   Code   RO          378    x$fpl$d2f           fz_wm.l(d2f.o)
    0x0800444a   0x0800444a   0x00000002   PAD
    0x0800444c   0x0800444c   0x00000150   Code   RO          488    x$fpl$dadd          fz_wm.l(daddsub_clz.o)
    0x0800459c   0x0800459c   0x00000018   Code   RO          552    x$fpl$dcmpinf       fz_wm.l(dcmpi.o)
    0x080045b4   0x080045b4   0x000002b4   Code   RO          381    x$fpl$ddiv          fz_wm.l(ddiv.o)
    0x08004868   0x08004868   0x0000005a   Code   RO          384    x$fpl$dfixu         fz_wm.l(dfixu.o)
    0x080048c2   0x080048c2   0x00000002   PAD
    0x080048c4   0x080048c4   0x00000078   Code   RO          494    x$fpl$dleqf         fz_wm.l(dleqf.o)
    0x0800493c   0x0800493c   0x00000154   Code   RO          388    x$fpl$dmul          fz_wm.l(dmul.o)
    0x08004a90   0x08004a90   0x0000009c   Code   RO          496    x$fpl$dnaninf       fz_wm.l(dnaninf.o)
    0x08004b2c   0x08004b2c   0x0000000c   Code   RO          498    x$fpl$dretinf       fz_wm.l(dretinf.o)
    0x08004b38   0x08004b38   0x0000006c   Code   RO          500    x$fpl$drleqf        fz_wm.l(drleqf.o)
    0x08004ba4   0x08004ba4   0x000000b4   Code   RO          502    x$fpl$drnd          fz_wm.l(drnd.o)
    0x08004c58   0x08004c58   0x000001dc   Code   RO          490    x$fpl$dsub          fz_wm.l(daddsub_clz.o)
    0x08004e34   0x08004e34   0x00000056   Code   RO          390    x$fpl$f2d           fz_wm.l(f2d.o)
    0x08004e8a   0x08004e8a   0x0000008c   Code   RO          504    x$fpl$fnaninf       fz_wm.l(fnaninf.o)
    0x08004f16   0x08004f16   0x0000001a   Code   RO          677    x$fpl$fpinit        fz_wm.l(fpinit.o)
    0x08004f30   0x08004f30   0x0000000a   Code   RO          506    x$fpl$fretinf       fz_wm.l(fretinf.o)
    0x08004f3a   0x08004f3a   0x00000004   Code   RO          508    x$fpl$printf1       fz_wm.l(printf1.o)
    0x08004f3e   0x08004f3e   0x00000004   Code   RO          510    x$fpl$printf2       fz_wm.l(printf2.o)
    0x08004f42   0x08004f42   0x00000000   Code   RO          516    x$fpl$usenofp       fz_wm.l(usenofp.o)
    0x08004f42   0x08004f42   0x00000002   PAD
    0x08004f44   0x08004f44   0x00000008   Data   RO          414    .constdata          c_w.l(_printf_wctomb.o)
    0x08004f4c   0x08004f4c   0x00000028   Data   RO          443    .constdata          c_w.l(_printf_hex_int_ll_ptr.o)
    0x08004f74   0x08004f74   0x00000011   Data   RO          463    .constdata          c_w.l(__printf_flags_ss_wp.o)
    0x08004f85   0x08004f85   0x00000026   Data   RO          541    .constdata          c_w.l(_printf_fp_hex.o)
    0x08004fab   0x08004fab   0x00000001   PAD
    0x08004fac   0x08004fac   0x00000094   Data   RO          566    .constdata          c_w.l(bigflt0.o)
    0x08005040   0x08005040   0x00000013   Data   RO           44    .rodata.str1.1      final_excavator.o
    0x08005053   0x08005053   0x00000001   PAD
    0x08005054   0x08005054   0x00000020   Data   RO          752    Region$$Table       anon$$obj.o
    0x08005074   0x08005074   0x0000001c   Data   RO          592    locale$$data        c_w.l(lc_numeric_c.o)
    0x08005090   0x08005090   0x00000110   Data   RO          614    locale$$data        c_w.l(lc_ctype_c.o)


    Execution Region RW_IRAM1 (Exec base: 0x20000000, Load base: 0x080051a0, Size: 0x00000780, Max: 0x00020000, ABSOLUTE)

    Exec Addr    Load Addr    Size         Type   Attr      Idx    E Section Name        Object

    0x20000000   0x080051a0   0x00000004   Data   RW          211    .data.EC_SYSCLK     ecrcc.o
    0x20000004   0x080051a4   0x00000030   Data   RW          232    .data.FSM_full      ecstepper.o
    0x20000034   0x080051d4   0x00000060   Data   RW          233    .data.FSM_half      ecstepper.o
    0x20000094   0x08005234   0x00000001   Data   RW           21    .data.PWM_PIN2      final_excavator.o
    0x20000095   0x08005235   0x00000001   Data   RW           22    .data.PWM_PIN3      final_excavator.o
    0x20000096   0x08005236   0x00000002   PAD
    0x20000098   0x08005238   0x00000004   Data   RW           27    .data.RPM           final_excavator.o
    0x2000009c   0x0800523c   0x00000004   Data   RW           23    .data.period        final_excavator.o
    0x200000a0   0x08005240   0x00000004   Data   RW          230    .data.step_delay    ecstepper.o
    0x200000a4   0x08005244   0x00000004   Data   RW          231    .data.step_per_rev  ecstepper.o
    0x200000a8        -       0x00000060   Zero   RW          608    .bss                c_w.l(libspace.o)
    0x20000108        -       0x00000001   Zero   RW           45    .bss.BT_Data        final_excavator.o
    0x20000109        -       0x00000001   Zero   RW           20    .bss.PWM_PIN1       final_excavator.o
    0x2000010a   0x08005248   0x00000002   PAD
    0x2000010c        -       0x00000004   Zero   RW           35    .bss.count          final_excavator.o
    0x20000110        -       0x00000004   Zero   RW           24    .bss.dir1           final_excavator.o
    0x20000114        -       0x00000004   Zero   RW           25    .bss.dir2           final_excavator.o
    0x20000118        -       0x00000004   Zero   RW           26    .bss.dir3           final_excavator.o
    0x2000011c        -       0x00000004   Zero   RW           43    .bss.dis            final_excavator.o
    0x20000120        -       0x00000004   Zero   RW           30    .bss.distance       final_excavator.o
    0x20000124        -       0x00000004   Zero   RW           40    .bss.duty1          final_excavator.o
    0x20000128        -       0x00000004   Zero   RW           41    .bss.duty2          final_excavator.o
    0x2000012c        -       0x00000004   Zero   RW           42    .bss.duty3          final_excavator.o
    0x20000130        -       0x00000004   Zero   RW           38    .bss.flag           final_excavator.o
    0x20000134        -       0x00000004   Zero   RW           46    .bss.input          final_excavator.o
    0x20000138        -       0x00000001   Zero   RW           39    .bss.mode           final_excavator.o
    0x20000139   0x08005248   0x00000003   PAD
    0x2000013c        -       0x00000004   Zero   RW          262    .bss.msTicks        ecsystick.o
    0x20000140        -       0x00000024   Zero   RW          234    .bss.myStepper      ecstepper.o
    0x20000164        -       0x00000004   Zero   RW           29    .bss.ovf_cnt        final_excavator.o
    0x20000168        -       0x00000001   Zero   RW           34    .bss.start          final_excavator.o
    0x20000169   0x08005248   0x00000003   PAD
    0x2000016c        -       0x00000004   Zero   RW           36    .bss.temp           final_excavator.o
    0x20000170        -       0x00000004   Zero   RW           32    .bss.time1          final_excavator.o
    0x20000174        -       0x00000004   Zero   RW           33    .bss.time2          final_excavator.o
    0x20000178        -       0x00000004   Zero   RW           31    .bss.timeInterval   final_excavator.o
    0x2000017c   0x08005248   0x00000004   PAD
    0x20000180        -       0x00000200   Zero   RW          348    HEAP                startup_stm32f411xe.o
    0x20000380        -       0x00000400   Zero   RW          347    STACK               startup_stm32f411xe.o


==============================================================================

Image component sizes


      Code (inc. data)   RO Data    RW Data    ZI Data      Debug   Object Name

       406          0          0          0          0       3510   ecgpio.o
      1556         32          0          0          0       4574   ecicap.o
       164          0          0          0          0       2095   ecpinnames.o
      1594         28          0          0          0       6367   ecpwm.o
       348          0          0          4          0       2307   ecrcc.o
       652          0          0        152         36       2671   ecstepper.o
       286          0          0          0          4       4439   ecsystick.o
       918          0          0          0          0       6441   ectim.o
      1290          0          0          0          0       7841   ecuart.o
      2618         40         19         10         68       5139   final_excavator.o
        64         26        408          0       1536        912   startup_stm32f411xe.o
        18          0          0          0          0       2721   system_stm32f4xx.o

    ----------------------------------------------------------------------
      9980        126        460        168       1656      49017   Object Totals
         0          0         32          0          0          0   (incl. Generated)
        66          0          1          2         12          0   (incl. Padding)

    ----------------------------------------------------------------------

      Code (inc. data)   RO Data    RW Data    ZI Data      Debug   Library Member Name

         8          0          0          0          0         68   __main.o
       392          4         17          0          0         92   __printf_flags_ss_wp.o
        14          0          0          0          0         68   __printf_wp.o
         0          0          0          0          0          0   __rtentry.o
        12          0          0          0          0          0   __rtentry2.o
         6          0          0          0          0          0   __rtentry4.o
        52          8          0          0          0          0   __scatter.o
        26          0          0          0          0          0   __scatter_copy.o
        28          0          0          0          0          0   __scatter_zi.o
        72          0          0          0          0         96   _c16rtomb.o
         6          0          0          0          0          0   _printf_a.o
         6          0          0          0          0          0   _printf_c.o
        44          0          0          0          0        108   _printf_char.o
        48          6          0          0          0         96   _printf_char_common.o
        40          0          0          0          0         68   _printf_charcount.o
         6          0          0          0          0          0   _printf_d.o
       120         16          0          0          0         92   _printf_dec.o
         6          0          0          0          0          0   _printf_e.o
         6          0          0          0          0          0   _printf_f.o
      1052          0          0          0          0        148   _printf_fp_dec.o
       764          8         38          0          0        100   _printf_fp_hex.o
       128         16          0          0          0         84   _printf_fp_infnan.o
         6          0          0          0          0          0   _printf_g.o
       148          4         40          0          0        160   _printf_hex_int_ll_ptr.o
         6          0          0          0          0          0   _printf_i.o
       178          0          0          0          0         88   _printf_intcommon.o
        10          0          0          0          0          0   _printf_l.o
         6          0          0          0          0          0   _printf_lc.o
        10          0          0          0          0          0   _printf_ll.o
         6          0          0          0          0          0   _printf_lld.o
         6          0          0          0          0          0   _printf_lli.o
         6          0          0          0          0          0   _printf_llo.o
         6          0          0          0          0          0   _printf_llu.o
         6          0          0          0          0          0   _printf_llx.o
       124         16          0          0          0         92   _printf_longlong_dec.o
         6          0          0          0          0          0   _printf_ls.o
         6          0          0          0          0          0   _printf_n.o
         6          0          0          0          0          0   _printf_o.o
       112          8          0          0          0        124   _printf_oct_int_ll.o
         6          0          0          0          0          0   _printf_p.o
        78          0          0          0          0        108   _printf_pad.o
         0          0          0          0          0          0   _printf_percent.o
         4          0          0          0          0          0   _printf_percent_end.o
         6          0          0          0          0          0   _printf_s.o
        82          0          0          0          0         80   _printf_str.o
        36          0          0          0          0         84   _printf_truncate.o
         6          0          0          0          0          0   _printf_u.o
        44          0          0          0          0        108   _printf_wchar.o
       188          6          8          0          0         92   _printf_wctomb.o
         6          0          0          0          0          0   _printf_x.o
        10          0          0          0          0         68   _sputc.o
       228          4        148          0          0         96   bigflt0.o
      1936        128          0          0          0        668   btod.o
        18          0          0          0          0         80   exit.o
         6          0          0          0          0        152   heapauxi.o
         0          0          0          0          0          0   indicate_semi.o
        44         10        272          0          0         76   lc_ctype_c.o
        44         10         28          0          0         76   lc_numeric_c.o
         2          0          0          0          0          0   libinit.o
        34          0          0          0          0          0   libinit2.o
         2          0          0          0          0          0   libshutdown.o
         2          0          0          0          0          0   libshutdown2.o
         8          4          0          0         96         68   libspace.o
       138          0          0          0          0         80   lludiv10.o
        16          4          0          0          0         76   rt_ctype_table.o
         8          4          0          0          0         68   rt_locale_intlibspace.o
         2          0          0          0          0          0   rtexit.o
        10          0          0          0          0          0   rtexit2.o
        44          6          0          0          0         84   sprintf.o
       124          0          0          0          0         88   strcmpv7em.o
        12          4          0          0          0         68   sys_exit.o
        74          0          0          0          0         80   sys_stackheap_outer.o
         2          0          0          0          0         68   use_no_semi.o
        98          4          0          0          0        140   d2f.o
       812         16          0          0          0        392   daddsub_clz.o
        24          0          0          0          0        116   dcmpi.o
       692        140          0          0          0        264   ddiv.o
        90          4          0          0          0        140   dfixu.o
       120          4          0          0          0        140   dleqf.o
       340         12          0          0          0        152   dmul.o
       156          4          0          0          0        140   dnaninf.o
        12          0          0          0          0        116   dretinf.o
       108          0          0          0          0        128   drleqf.o
       180          4          0          0          0        128   drnd.o
        86          4          0          0          0        132   f2d.o
       140          4          0          0          0        132   fnaninf.o
        26          0          0          0          0        116   fpinit.o
        10          0          0          0          0        116   fretinf.o
         4          0          0          0          0        116   printf1.o
         4          0          0          0          0        116   printf2.o
         0          0          0          0          0          0   usenofp.o
        48          0          0          0          0        124   fpclassify.o
       224         30          0          0          0        172   round.o

    ----------------------------------------------------------------------
      9904        496        552          0         96       6732   Library Totals
        26          4          1          0          0          0   (incl. Padding)

    ----------------------------------------------------------------------

      Code (inc. data)   RO Data    RW Data    ZI Data      Debug   Library Name

      6704        266        551          0         96       3852   c_w.l
      2902        196          0          0          0       2584   fz_wm.l
       272         30          0          0          0        296   m_wm.l

    ----------------------------------------------------------------------
      9904        496        552          0         96       6732   Library Totals

    ----------------------------------------------------------------------

==============================================================================


      Code (inc. data)   RO Data    RW Data    ZI Data      Debug   

     19884        622       1012        168       1752      51721   Grand Totals
     19884        622       1012        168       1752      51721   ELF Image Totals
     19884        622       1012        168          0          0   ROM Totals

==============================================================================

    Total RO  Size (Code + RO Data)                20896 (  20.41kB)
    Total RW  Size (RW Data + ZI Data)              1920 (   1.88kB)
    Total ROM Size (Code + RO Data + RW Data)      21064 (  20.57kB)

==============================================================================

