<html>
<body>
<pre>
<h1>µVision Build Log</h1>
<h2>Tool Versions:</h2>
IDE-Version: •ÏVision V5.38.0.0
Copyright (C) 2022 ARM Ltd and ARM Germany GmbH. All rights reserved.
License Information: An Gyeonheal, HandongGlobalUniversity, LIC=----
 
Tool Versions:
Toolchain:       MDK-Lite  Version: 5.38.0.0
Toolchain Path:  C:\Keil_v5\ARM\ARMCLANG\Bin
C Compiler:      ArmClang.exe V6.19
Assembler:       Armasm.exe V6.19
Linker/Locator:  ArmLink.exe V6.19
Library Manager: ArmAr.exe V6.19
Hex Converter:   FromElf.exe V6.19
CPU DLL:         SARMCM3.DLL V5.38.0.0
Dialog DLL:      DCM.DLL V1.17.5.0
Target DLL:      STLink\ST-LINKIII-KEIL_SWO.dll V3.1.0.0
Dialog DLL:      TCM.DLL V1.56.4.0
 
<h2>Project:</h2>
C:\Users\heal\source\repos\Embedded_Control_GH\tutorial\TU_Timer_InputCapture\TU_ICap.uvprojx
Project File Date:  11/06/2023

<h2>Output:</h2>
*** Using Compiler 'V6.19', folder: 'C:\Keil_v5\ARM\ARMCLANG\Bin'
Build target 'Target 1'
TU_Timer_InputCapture_student_2023.c(16): warning: In file included from...
../../include\ecTIM.h(13): warning: In file included from...
../../include/ecPinNames.h(134): warning: no newline at end of file [-Wnewline-eof]
#endif
      ^
TU_Timer_InputCapture_student_2023.c(17): warning: In file included from...
../../include\ecUART_simple.h(30): warning: a function declaration without a prototype is deprecated in all versions of C [-Wstrict-prototypes]
void UART2_init();
               ^
                void
../../include\ecUART_simple.h(37): warning: no newline at end of file [-Wnewline-eof]
#endif
      ^
TU_Timer_InputCapture_student_2023.c(18): warning: In file included from...
../../include\ecSysTick.h(25): warning: a function declaration without a prototype is deprecated in all versions of C [-Wstrict-prototypes]
void SysTick_counter();
                    ^
                     void
TU_Timer_InputCapture_student_2023.c(20): warning: no previous extern declaration for non-static variable 'ovf_cnt' [-Wmissing-variable-declarations]
uint32_t ovf_cnt = 0;
         ^
TU_Timer_InputCapture_student_2023.c(20): note: declare 'static' if the variable is not intended to be used outside of this translation unit
uint32_t ovf_cnt = 0;
^
TU_Timer_InputCapture_student_2023.c(21): warning: no previous extern declaration for non-static variable 'ccr1' [-Wmissing-variable-declarations]
uint32_t ccr1 = 0;
         ^
TU_Timer_InputCapture_student_2023.c(21): note: declare 'static' if the variable is not intended to be used outside of this translation unit
uint32_t ccr1 = 0;
^
TU_Timer_InputCapture_student_2023.c(22): warning: no previous extern declaration for non-static variable 'ccr2' [-Wmissing-variable-declarations]
uint32_t ccr2 = 0;
         ^
TU_Timer_InputCapture_student_2023.c(22): note: declare 'static' if the variable is not intended to be used outside of this translation unit
uint32_t ccr2 = 0;
^
TU_Timer_InputCapture_student_2023.c(23): warning: no previous extern declaration for non-static variable 'period' [-Wmissing-variable-declarations]
float    period = 0;
         ^
TU_Timer_InputCapture_student_2023.c(23): note: declare 'static' if the variable is not intended to be used outside of this translation unit
float    period = 0;
^
TU_Timer_InputCapture_student_2023.c(32): warning: implicit conversion increases floating-point precision: 'float' to 'double' [-Wdouble-promotion]
                printf("period = %f[msec]\r\n", period);                // print out the period on TeraTerm
                ~~~~~~                          ^~~~~~
TU_Timer_InputCapture_student_2023.c(60): warning: no previous prototype for function 'TIM2_IRQHandler' [-Wmissing-prototypes]
void TIM2_IRQHandler(void){
     ^
TU_Timer_InputCapture_student_2023.c(60): note: declare 'static' if the function is not intended to be used outside of this translation unit
void TIM2_IRQHandler(void){
^
static 
10 warnings generated.
compiling TU_Timer_InputCapture_student_2023.c...
linking...
Program Size: Code=13076 RO-data=1012 RW-data=4 ZI-data=1660  
FromELF: creating hex file...
".\Objects\TU_ICap.axf" - 0 Error(s), 10 Warning(s).

<h2>Software Packages used:</h2>

Package Vendor: ARM
                http://www.keil.com/pack/ARM.CMSIS.5.9.0.pack
                ARM.CMSIS.5.9.0
                CMSIS (Common Microcontroller Software Interface Standard)
   * Component: CORE Version: 5.6.0

Package Vendor: Keil
                https://www.keil.com/pack/Keil.STM32F4xx_DFP.2.17.1.pack
                Keil.STM32F4xx_DFP.2.17.1
                STMicroelectronics STM32F4 Series Device Support, Drivers and Examples
   * Component: Startup Version: 2.6.3

<h2>Collection of Component include folders:</h2>
  ./RTE/_Target_1
  C:/Users/heal/AppData/Local/Arm/Packs/ARM/CMSIS/5.9.0/CMSIS/Core/Include
  C:/Users/heal/AppData/Local/Arm/Packs/Keil/STM32F4xx_DFP/2.17.1/Drivers/CMSIS/Device/ST/STM32F4xx/Include

<h2>Collection of Component Files used:</h2>

   * Component: ARM::CMSIS:CORE:5.6.0

   * Component: Keil::Device:Startup:2.6.3
      Source file:   MDK/Device/Source/ARM/STM32F411xx_OPT.s
      Source file:   MDK/Device/Source/ARM/STM32F4xx_OTP.s
      Source file:   Drivers/CMSIS/Device/ST/STM32F4xx/Source/Templates/arm/startup_stm32f411xe.s
      Include file:  Drivers/CMSIS/Device/ST/STM32F4xx/Include/stm32f4xx.h
      Source file:   Drivers/CMSIS/Device/ST/STM32F4xx/Source/Templates/system_stm32f4xx.c
Build Time Elapsed:  00:00:00
</pre>
</body>
</html>
