Component: Arm Compiler for Embedded 6.19 Tool: armlink [5e73cb00]

==============================================================================

Section Cross References

    lab_rccar.o(.text.main) refers to lab_rccar.o(.text.setup) for setup
    lab_rccar.o(.text.main) refers to lab_rccar.o(.data.dir) for dir
    lab_rccar.o(.text.main) refers to ecgpio.o(.text.GPIO_write) for GPIO_write
    lab_rccar.o(.text.main) refers to lab_rccar.o(.bss.PWM_PIN1) for PWM_PIN1
    lab_rccar.o(.text.main) refers to lab_rccar.o(.data.vel1) for vel1
    lab_rccar.o(.text.main) refers to d2f.o(x$fpl$d2f) for __aeabi_d2f
    lab_rccar.o(.text.main) refers to ecpwm.o(.text.PWM_duty) for PWM_duty
    lab_rccar.o(.text.main) refers to lab_rccar.o(.data.PWM_PIN2) for PWM_PIN2
    lab_rccar.o(.text.main) refers to lab_rccar.o(.data.vel2) for vel2
    lab_rccar.o(.text.main) refers to lab_rccar.o(.bss.mode) for mode
    lab_rccar.o(.text.main) refers to lab_rccar.o(.bss.timeInterval) for timeInterval
    lab_rccar.o(.text.main) refers to f2d.o(x$fpl$f2d) for __aeabi_f2d
    lab_rccar.o(.text.main) refers to dmul.o(x$fpl$dmul) for __aeabi_dmul
    lab_rccar.o(.text.main) refers to ddiv.o(x$fpl$ddiv) for __aeabi_ddiv
    lab_rccar.o(.text.main) refers to lab_rccar.o(.bss.distance) for distance
    lab_rccar.o(.text.main) refers to lab_rccar.o(.bss.value1) for value1
    lab_rccar.o(.text.main) refers to lab_rccar.o(.bss.value2) for value2
    lab_rccar.o(.text.main) refers to lab_rccar.o(.text.E_stop) for E_stop
    lab_rccar.o(.text.main) refers to lab_rccar.o(.bss._count) for _count
    lab_rccar.o(.text.main) refers to lab_rccar.o(.text.LED_toggle) for LED_toggle
    lab_rccar.o(.text.main) refers to lab_rccar.o(.text.printState) for printState
    lab_rccar.o(.text.main) refers to lab_rccar.o(.bss.BT_Data) for BT_Data
    lab_rccar.o(.ARM.exidx.text.main) refers to lab_rccar.o(.text.main) for [Anonymous Symbol]
    lab_rccar.o(.text.setup) refers to ecrcc.o(.text.RCC_PLL_init) for RCC_PLL_init
    lab_rccar.o(.text.setup) refers to ecsystick.o(.text.SysTick_init) for SysTick_init
    lab_rccar.o(.text.setup) refers to ecuart.o(.text.UART2_init) for UART2_init
    lab_rccar.o(.text.setup) refers to ecgpio.o(.text.GPIO) for GPIO
    lab_rccar.o(.text.setup) refers to ecuart.o(.text.UART1_init) for UART1_init
    lab_rccar.o(.text.setup) refers to ecuart.o(.text.UART1_baud) for UART1_baud
    lab_rccar.o(.text.setup) refers to ecgpio.o(.text.GPIO_init) for GPIO_init
    lab_rccar.o(.text.setup) refers to ecgpio.o(.text.GPIO_otype) for GPIO_otype
    lab_rccar.o(.text.setup) refers to ecadc.o(.text.ADC_init) for ADC_init
    lab_rccar.o(.text.setup) refers to lab_rccar.o(.data.seqCHn) for seqCHn
    lab_rccar.o(.text.setup) refers to ecadc.o(.text.ADC_sequence) for ADC_sequence
    lab_rccar.o(.text.setup) refers to lab_rccar.o(.bss.PWM_PIN1) for PWM_PIN1
    lab_rccar.o(.text.setup) refers to ecpwm.o(.text.PWM_init) for PWM_init
    lab_rccar.o(.text.setup) refers to lab_rccar.o(.data.period) for period
    lab_rccar.o(.text.setup) refers to ecpwm.o(.text.PWM_period_ms) for PWM_period_ms
    lab_rccar.o(.text.setup) refers to lab_rccar.o(.data.PWM_PIN2) for PWM_PIN2
    lab_rccar.o(.text.setup) refers to ecpwm.o(.text.PWM_period_us) for PWM_period_us
    lab_rccar.o(.text.setup) refers to ecpwm.o(.text.PWM_pulsewidth_us) for PWM_pulsewidth_us
    lab_rccar.o(.text.setup) refers to ecicap.o(.text.ICAP_init) for ICAP_init
    lab_rccar.o(.text.setup) refers to ecicap.o(.text.ICAP_counter_us) for ICAP_counter_us
    lab_rccar.o(.text.setup) refers to ecicap.o(.text.ICAP_setup) for ICAP_setup
    lab_rccar.o(.ARM.exidx.text.setup) refers to lab_rccar.o(.text.setup) for [Anonymous Symbol]
    lab_rccar.o(.text.printState) refers to lab_rccar.o(.bss.mode) for mode
    lab_rccar.o(.text.printState) refers to lab_rccar.o(.bss.i) for i
    lab_rccar.o(.text.printState) refers to lab_rccar.o(.bss.VEL) for VEL
    lab_rccar.o(.text.printState) refers to lab_rccar.o(.rodata.str1.1) for .L.str.3
    lab_rccar.o(.text.printState) refers to sprintf.o(.text) for sprintf
    lab_rccar.o(.text.printState) refers to lab_rccar.o(.bss.str_level) for str_level
    lab_rccar.o(.text.printState) refers to lab_rccar.o(.bss.STR) for STR
    lab_rccar.o(.text.printState) refers to ecuart.o(.text.USART1_write) for USART1_write
    lab_rccar.o(.text.printState) refers to lab_rccar.o(.bss.DIR) for DIR
    lab_rccar.o(.text.printState) refers to lab_rccar.o(.bss.distance) for distance
    lab_rccar.o(.text.printState) refers to lab_rccar.o(.bss.value1) for value1
    lab_rccar.o(.text.printState) refers to lab_rccar.o(.bss.value2) for value2
    lab_rccar.o(.ARM.exidx.text.printState) refers to lab_rccar.o(.text.printState) for [Anonymous Symbol]
    lab_rccar.o(.text.USART1_IRQHandler) refers to ecuart.o(.text.is_USART1_RXNE) for is_USART1_RXNE
    lab_rccar.o(.text.USART1_IRQHandler) refers to ecuart.o(.text.USART1_read) for USART1_read
[...]
    [Anonymous Symbol]                       0x08003794   Section        0  ectim.o(.text.__NVIC_EnableIRQ)
    __NVIC_EnableIRQ                         0x080037c5   Thumb Code    48  ecuart.o(.text.__NVIC_EnableIRQ)
    [Anonymous Symbol]                       0x080037c4   Section        0  ecuart.o(.text.__NVIC_EnableIRQ)
    __NVIC_SetPriority                       0x080037f5   Thumb Code    66  ecadc.o(.text.__NVIC_SetPriority)
    [Anonymous Symbol]                       0x080037f4   Section        0  ecadc.o(.text.__NVIC_SetPriority)
    __NVIC_SetPriority                       0x08003839   Thumb Code    66  ecsystick.o(.text.__NVIC_SetPriority)
    [Anonymous Symbol]                       0x08003838   Section        0  ecsystick.o(.text.__NVIC_SetPriority)
    __NVIC_SetPriority                       0x0800387d   Thumb Code    66  ectim.o(.text.__NVIC_SetPriority)
    [Anonymous Symbol]                       0x0800387c   Section        0  ectim.o(.text.__NVIC_SetPriority)
    __NVIC_SetPriority                       0x080038c1   Thumb Code    66  ecuart.o(.text.__NVIC_SetPriority)
    [Anonymous Symbol]                       0x080038c0   Section        0  ecuart.o(.text.__NVIC_SetPriority)
    [Anonymous Symbol]                       0x08003904   Section        0  ecadc.o(.text.clear_ADC_OVR)
    [Anonymous Symbol]                       0x08003918   Section        0  ecicap.o(.text.clear_CCIF)
    [Anonymous Symbol]                       0x08003934   Section        0  ectim.o(.text.clear_UIF)
    [Anonymous Symbol]                       0x08003948   Section        0  ecpinnames.o(.text.ecPinmap)
    [Anonymous Symbol]                       0x080039ec   Section        0  ecadc.o(.text.is_ADC_EOC)
    [Anonymous Symbol]                       0x080039fc   Section        0  ecadc.o(.text.is_ADC_OVR)
    [Anonymous Symbol]                       0x08003a0c   Section        0  ecicap.o(.text.is_CCIF)
    [Anonymous Symbol]                       0x08003a24   Section        0  ectim.o(.text.is_UIF)
    [Anonymous Symbol]                       0x08003a34   Section        0  ecuart.o(.text.is_USART1_RXNE)
    [Anonymous Symbol]                       0x08003a44   Section        0  ecuart.o(.text.is_USART_RXNE)
    [Anonymous Symbol]                       0x08003a58   Section        0  lab_rccar.o(.text.main)
    [Anonymous Symbol]                       0x08003e64   Section        0  lab_rccar.o(.text.printState)
    [Anonymous Symbol]                       0x08004030   Section        0  lab_rccar.o(.text.setup)
    [Anonymous Symbol]                       0x08004158   Section        0  lab_rccar.o(.text.speedDOWN)
    [Anonymous Symbol]                       0x080041bc   Section        0  lab_rccar.o(.text.speedUP)
    [Anonymous Symbol]                       0x08004220   Section        0  lab_rccar.o(.text.str_angle)
    CL$$btod_d2e                             0x080043a8   Section       62  btod.o(CL$$btod_d2e)
    CL$$btod_d2e_denorm_low                  0x080043e6   Section       70  btod.o(CL$$btod_d2e_denorm_low)
    CL$$btod_d2e_norm_op1                    0x0800442c   Section       96  btod.o(CL$$btod_d2e_norm_op1)
    CL$$btod_div_common                      0x0800448c   Section      824  btod.o(CL$$btod_div_common)
    CL$$btod_e2e                             0x080047c4   Section      220  btod.o(CL$$btod_e2e)
    CL$$btod_ediv                            0x080048a0   Section       42  btod.o(CL$$btod_ediv)
    CL$$btod_emul                            0x080048ca   Section       42  btod.o(CL$$btod_emul)
    CL$$btod_mult_common                     0x080048f4   Section      580  btod.o(CL$$btod_mult_common)
    i.__ARM_fpclassify                       0x08004b38   Section        0  fpclassify.o(i.__ARM_fpclassify)
    i.__hardfp_round                         0x08004b68   Section        0  round.o(i.__hardfp_round)
    i._is_digit                              0x08004c48   Section        0  __printf_wp.o(i._is_digit)
    locale$$code                             0x08004c58   Section       44  lc_numeric_c.o(locale$$code)
    locale$$code                             0x08004c84   Section       44  lc_ctype_c.o(locale$$code)
    $v0                                      0x08004cb0   Number         0  d2f.o(x$fpl$d2f)
    x$fpl$d2f                                0x08004cb0   Section       98  d2f.o(x$fpl$d2f)
    $v0                                      0x08004d14   Number         0  daddsub_clz.o(x$fpl$dadd)
    x$fpl$dadd                               0x08004d14   Section      336  daddsub_clz.o(x$fpl$dadd)
    _dadd1                                   0x08004d25   Thumb Code     0  daddsub_clz.o(x$fpl$dadd)
    $v0                                      0x08004e64   Number         0  dcmpi.o(x$fpl$dcmpinf)
    x$fpl$dcmpinf                            0x08004e64   Section       24  dcmpi.o(x$fpl$dcmpinf)
    $v0                                      0x08004e7c   Number         0  ddiv.o(x$fpl$ddiv)
    x$fpl$ddiv                               0x08004e7c   Section      692  ddiv.o(x$fpl$ddiv)
    ddiv_entry                               0x08004e83   Thumb Code     0  ddiv.o(x$fpl$ddiv)
    $v0                                      0x08005130   Number         0  dfixu.o(x$fpl$dfixu)
    x$fpl$dfixu                              0x08005130   Section       90  dfixu.o(x$fpl$dfixu)
    $v0                                      0x0800518c   Number         0  dleqf.o(x$fpl$dleqf)
    x$fpl$dleqf                              0x0800518c   Section      120  dleqf.o(x$fpl$dleqf)
    $v0                                      0x08005204   Number         0  dmul.o(x$fpl$dmul)
    x$fpl$dmul                               0x08005204   Section      340  dmul.o(x$fpl$dmul)
    $v0                                      0x08005358   Number         0  dnaninf.o(x$fpl$dnaninf)
    x$fpl$dnaninf                            0x08005358   Section      156  dnaninf.o(x$fpl$dnaninf)
    $v0                                      0x080053f4   Number         0  dretinf.o(x$fpl$dretinf)
    x$fpl$dretinf                            0x080053f4   Section       12  dretinf.o(x$fpl$dretinf)
    $v0                                      0x08005400   Number         0  drleqf.o(x$fpl$drleqf)
    x$fpl$drleqf                             0x08005400   Section      108  drleqf.o(x$fpl$drleqf)
    $v0                                      0x0800546c   Number         0  drnd.o(x$fpl$drnd)
    x$fpl$drnd                               0x0800546c   Section      180  drnd.o(x$fpl$drnd)
    $v0                                      0x08005520   Number         0  daddsub_clz.o(x$fpl$dsub)
    x$fpl$dsub                               0x08005520   Section      476  daddsub_clz.o(x$fpl$dsub)
    _dsub1                                   0x08005531   Thumb Code     0  daddsub_clz.o(x$fpl$dsub)
    $v0                                      0x080056fc   Number         0  f2d.o(x$fpl$f2d)
    x$fpl$f2d                                0x080056fc   Section       86  f2d.o(x$fpl$f2d)
    $v0                                      0x08005752   Number         0  fnaninf.o(x$fpl$fnaninf)
    x$fpl$fnaninf                            0x08005752   Section      140  fnaninf.o(x$fpl$fnaninf)
    $v0                                      0x080057de   Number         0  fpinit.o(x$fpl$fpinit)
    x$fpl$fpinit                             0x080057de   Section       26  fpinit.o(x$fpl$fpinit)
    $v0                                      0x080057f8   Number         0  fretinf.o(x$fpl$fretinf)
    x$fpl$fretinf                            0x080057f8   Section       10  fretinf.o(x$fpl$fretinf)
    $v0                                      0x08005802   Number         0  printf1.o(x$fpl$printf1)
    x$fpl$printf1                            0x08005802   Section        4  printf1.o(x$fpl$printf1)
    $v0                                      0x08005806   Number         0  printf2.o(x$fpl$printf2)
    x$fpl$printf2                            0x08005806   Section        4  printf2.o(x$fpl$printf2)
    x$fpl$usenofp                            0x0800580a   Section        0  usenofp.o(x$fpl$usenofp)
    initial_mbstate                          0x0800580c   Data           8  _printf_wctomb.o(.constdata)
    .constdata                               0x0800580c   Section        8  _printf_wctomb.o(.constdata)
    uc_hextab                                0x08005814   Data          20  _printf_hex_int_ll_ptr.o(.constdata)
    .constdata                               0x08005814   Section       40  _printf_hex_int_ll_ptr.o(.constdata)
    lc_hextab                                0x08005828   Data          20  _printf_hex_int_ll_ptr.o(.constdata)
    maptable                                 0x0800583c   Data          17  __printf_flags_ss_wp.o(.constdata)
    .constdata                               0x0800583c   Section       17  __printf_flags_ss_wp.o(.constdata)
    lc_hextab                                0x0800584d   Data          19  _printf_fp_hex.o(.constdata)
    .constdata                               0x0800584d   Section       38  _printf_fp_hex.o(.constdata)
    uc_hextab                                0x08005860   Data          19  _printf_fp_hex.o(.constdata)
    tenpwrs_x                                0x08005874   Data          60  bigflt0.o(.constdata)
    .constdata                               0x08005874   Section      148  bigflt0.o(.constdata)
    tenpwrs_i                                0x080058b0   Data          64  bigflt0.o(.constdata)
    .L.str                                   0x08005908   Data          14  lab_rccar.o(.rodata.str1.1)
    [Anonymous Symbol]                       0x08005908   Section        0  lab_rccar.o(.rodata.str1.1)
    .L.str.1                                 0x08005916   Data          12  lab_rccar.o(.rodata.str1.1)
    .L.str.13                                0x08005922   Data          12  lab_rccar.o(.rodata.str1.1)
    .L.str.11                                0x0800592e   Data          11  lab_rccar.o(.rodata.str1.1)
    .L.str.12                                0x08005939   Data          13  lab_rccar.o(.rodata.str1.1)
    .L.str.10                                0x08005946   Data          19  lab_rccar.o(.rodata.str1.1)
    .L.str.2                                 0x08005959   Data          12  lab_rccar.o(.rodata.str1.1)
    .L.str.9                                 0x08005962   Data           3  lab_rccar.o(.rodata.str1.1)
    .L.str.4                                 0x08005965   Data           6  lab_rccar.o(.rodata.str1.1)
    .L.str.7                                 0x0800596b   Data           7  lab_rccar.o(.rodata.str1.1)
    .L.str.5                                 0x08005972   Data           7  lab_rccar.o(.rodata.str1.1)
    .L.str.6                                 0x08005979   Data           7  lab_rccar.o(.rodata.str1.1)
    .L.str.8                                 0x08005980   Data           2  lab_rccar.o(.rodata.str1.1)
    .L.str.3                                 0x08005982   Data           3  lab_rccar.o(.rodata.str1.1)
    locale$$data                             0x080059a8   Section       28  lc_numeric_c.o(locale$$data)
    __lcnum_c_name                           0x080059ac   Data           2  lc_numeric_c.o(locale$$data)
    __lcnum_c_start                          0x080059b4   Data           0  lc_numeric_c.o(locale$$data)
    __lcnum_c_point                          0x080059c0   Data           0  lc_numeric_c.o(locale$$data)
    __lcnum_c_thousands                      0x080059c2   Data           0  lc_numeric_c.o(locale$$data)
    __lcnum_c_grouping                       0x080059c3   Data           0  lc_numeric_c.o(locale$$data)
    __lcnum_c_end                            0x080059c4   Data           0  lc_numeric_c.o(locale$$data)
    locale$$data                             0x080059c4   Section      272  lc_ctype_c.o(locale$$data)
    __lcctype_c_name                         0x080059c8   Data           2  lc_ctype_c.o(locale$$data)
    __lcctype_c_start                        0x080059d0   Data           0  lc_ctype_c.o(locale$$data)
    __lcctype_c_end                          0x08005ad4   Data           0  lc_ctype_c.o(locale$$data)
    .bss                                     0x20000040   Section       96  libspace.o(.bss)
    BT_Data                                  0x200000a0   Data           1  lab_rccar.o(.bss.BT_Data)
    [Anonymous Symbol]                       0x200000a0   Section        0  lab_rccar.o(.bss.BT_Data)
    LED_toggle.out                           0x200000a4   Data           4  lab_rccar.o(.bss.LED_toggle.out)
    [Anonymous Symbol]                       0x200000a4   Section        0  lab_rccar.o(.bss.LED_toggle.out)
    Heap_Mem                                 0x200000e8   Data         512  startup_stm32f411xe.o(HEAP)
    HEAP                                     0x200000e8   Section      512  startup_stm32f411xe.o(HEAP)
    Stack_Mem                                0x200002e8   Data        1024  startup_stm32f411xe.o(STACK)
    STACK                                    0x200002e8   Section     1024  startup_stm32f411xe.o(STACK)
    __initial_sp                             0x200006e8   Data           0  startup_stm32f411xe.o(STACK)

    Global Symbols

    Symbol Name                              Value     Ov Type        Size  Object(Section)

    BuildAttributes$$THM_ISAv4$E$P$D$K$B$S$7EM$VFPi3$EXTD16$VFPS$VFMA$PE$A:L22UL41UL21$X:L11$S22US41US21$IEEE1$IW$~IW$USESV6$~STKCKD$USESV7$~SHL$OTIME$ROPI$IEEEJ$EBA8$UX$STANDARDLIB$REQ8$PRES8$EABIv2 0x00000000   Number         0  anon$$obj.o ABSOLUTE
    _printf_flags                            0x00000000   Number         0  printf_stubs.o ABSOLUTE
    _printf_return_value                     0x00000000   Number         0  printf_stubs.o ABSOLUTE
    _printf_sizespec                         0x00000000   Number         0  printf_stubs.o ABSOLUTE
    _printf_widthprec                        0x00000000   Number         0  printf_stubs.o ABSOLUTE
    __ARM_exceptions_init                     - Undefined Weak Reference
    __alloca_initialize                       - Undefined Weak Reference
    __arm_preinit_                            - Undefined Weak Reference
    __arm_relocate_pie_                       - Undefined Weak Reference
    __cpp_initialize__aeabi_                  - Undefined Weak Reference
    __cxa_finalize                            - Undefined Weak Reference
    __sigvec_lookup                           - Undefined Weak Reference
    _atexit_init                              - Undefined Weak Reference
    _call_atexit_fns                          - Undefined Weak Reference
    _clock_init                               - Undefined Weak Reference
    _fp_trap_init                             - Undefined Weak Reference
    _fp_trap_shutdown                         - Undefined Weak Reference
    _get_lc_collate                           - Undefined Weak Reference
    _get_lc_monetary                          - Undefined Weak Reference
    _get_lc_time                              - Undefined Weak Reference
    _getenv_init                              - Undefined Weak Reference
    _handle_redirection                       - Undefined Weak Reference
    _init_alloc                               - Undefined Weak Reference
    _init_user_alloc                          - Undefined Weak Reference
    _initio                                   - Undefined Weak Reference
    _printf_mbtowc                            - Undefined Weak Reference
    _printf_wc                                - Undefined Weak Reference
    _rand_init                                - Undefined Weak Reference
    _signal_finish                            - Undefined Weak Reference
    _signal_init                              - Undefined Weak Reference
    _terminate_alloc                          - Undefined Weak Reference
    _terminate_user_alloc                     - Undefined Weak Reference
    _terminateio                              - Undefined Weak Reference
    __Vectors_Size                           0x00000198   Number         0  startup_stm32f411xe.o ABSOLUTE
    __Vectors                                0x08000000   Data           4  startup_stm32f411xe.o(RESET)
    __Vectors_End                            0x08000198   Data           0  startup_stm32f411xe.o(RESET)
    __main                                   0x08000199   Thumb Code     8  __main.o(!!!main)
    __scatterload                            0x080001a1   Thumb Code     0  __scatter.o(!!!scatter)
    __scatterload_rt2                        0x080001a1   Thumb Code    44  __scatter.o(!!!scatter)
    __scatterload_rt2_thumb_only             0x080001a1   Thumb Code     0  __scatter.o(!!!scatter)
    __scatterload_null                       0x080001af   Thumb Code     0  __scatter.o(!!!scatter)
    __scatterload_copy                       0x080001d5   Thumb Code    26  __scatter_copy.o(!!handler_copy)
    __scatterload_zeroinit                   0x080001f1   Thumb Code    28  __scatter_zi.o(!!handler_zi)
    _printf_n                                0x0800020d   Thumb Code     0  _printf_n.o(.ARM.Collect$$_printf_percent$$00000001)
    _printf_percent                          0x0800020d   Thumb Code     0  _printf_percent.o(.ARM.Collect$$_printf_percent$$00000000)
    _printf_p                                0x08000213   Thumb Code     0  _printf_p.o(.ARM.Collect$$_printf_percent$$00000002)
    _printf_f                                0x08000219   Thumb Code     0  _printf_f.o(.ARM.Collect$$_printf_percent$$00000003)
    _printf_e                                0x0800021f   Thumb Code     0  _printf_e.o(.ARM.Collect$$_printf_percent$$00000004)
    _printf_g                                0x08000225   Thumb Code     0  _printf_g.o(.ARM.Collect$$_printf_percent$$00000005)
    _printf_a                                0x0800022b   Thumb Code     0  _printf_a.o(.ARM.Collect$$_printf_percent$$00000006)
    _printf_ll                               0x08000231   Thumb Code     0  _printf_ll.o(.ARM.Collect$$_printf_percent$$00000007)
    _printf_i                                0x0800023b   Thumb Code     0  _printf_i.o(.ARM.Collect$$_printf_percent$$00000008)
    _printf_d                                0x08000241   Thumb Code     0  _printf_d.o(.ARM.Collect$$_printf_percent$$00000009)
    _printf_u                                0x08000247   Thumb Code     0  _printf_u.o(.ARM.Collect$$_printf_percent$$0000000A)
    _printf_o                                0x0800024d   Thumb Code     0  _printf_o.o(.ARM.Collect$$_printf_percent$$0000000B)
    _printf_x                                0x08000253   Thumb Code     0  _printf_x.o(.ARM.Collect$$_printf_percent$$0000000C)
    _printf_lli                              0x08000259   Thumb Code     0  _printf_lli.o(.ARM.Collect$$_printf_percent$$0000000D)
    _printf_lld                              0x0800025f   Thumb Code     0  _printf_lld.o(.ARM.Collect$$_printf_percent$$0000000E)
    _printf_llu                              0x08000265   Thumb Code     0  _printf_llu.o(.ARM.Collect$$_printf_percent$$0000000F)
    _printf_llo                              0x0800026b   Thumb Code     0  _printf_llo.o(.ARM.Collect$$_printf_percent$$00000010)
    _printf_llx                              0x08000271   Thumb Code     0  _printf_llx.o(.ARM.Collect$$_printf_percent$$00000011)
    _printf_l                                0x08000277   Thumb Code     0  _printf_l.o(.ARM.Collect$$_printf_percent$$00000012)
    _printf_c                                0x08000281   Thumb Code     0  _printf_c.o(.ARM.Collect$$_printf_percent$$00000013)
    _printf_s                                0x08000287   Thumb Code     0  _printf_s.o(.ARM.Collect$$_printf_percent$$00000014)
    _printf_lc                               0x0800028d   Thumb Code     0  _printf_lc.o(.ARM.Collect$$_printf_percent$$00000015)
    _printf_ls                               0x08000293   Thumb Code     0  _printf_ls.o(.ARM.Collect$$_printf_percent$$00000016)
    _printf_percent_end                      0x08000299   Thumb Code     0  _printf_percent_end.o(.ARM.Collect$$_printf_percent$$00000017)
    __rt_lib_init                            0x0800029d   Thumb Code     0  libinit.o(.ARM.Collect$$libinit$$00000000)
    __rt_lib_init_fp_1                       0x0800029f   Thumb Code     0  libinit2.o(.ARM.Collect$$libinit$$00000001)
    __rt_lib_init_heap_1                     0x080002a3   Thumb Code     0  libinit2.o(.ARM.Collect$$libinit$$0000000C)
    __rt_lib_init_lc_common                  0x080002a3   Thumb Code     0  libinit2.o(.ARM.Collect$$libinit$$00000011)
    __rt_lib_init_preinit_1                  0x080002a3   Thumb Code     0  libinit2.o(.ARM.Collect$$libinit$$00000006)
    __rt_lib_init_rand_1                     0x080002a3   Thumb Code     0  libinit2.o(.ARM.Collect$$libinit$$00000010)
    __rt_lib_init_relocate_pie_1             0x080002a3   Thumb Code     0  libinit2.o(.ARM.Collect$$libinit$$00000004)
    __rt_lib_init_user_alloc_1               0x080002a3   Thumb Code     0  libinit2.o(.ARM.Collect$$libinit$$0000000E)
    __rt_lib_init_lc_collate_1               0x080002a9   Thumb Code     0  libinit2.o(.ARM.Collect$$libinit$$00000013)
    __rt_lib_init_lc_ctype_2                 0x080002a9   Thumb Code     0  libinit2.o(.ARM.Collect$$libinit$$00000014)
    __rt_lib_init_lc_ctype_1                 0x080002b5   Thumb Code     0  libinit2.o(.ARM.Collect$$libinit$$00000015)
    __rt_lib_init_lc_monetary_1              0x080002b5   Thumb Code     0  libinit2.o(.ARM.Collect$$libinit$$00000017)
    __rt_lib_init_lc_numeric_2               0x080002b5   Thumb Code     0  libinit2.o(.ARM.Collect$$libinit$$00000018)
    __rt_lib_init_alloca_1                   0x080002bf   Thumb Code     0  libinit2.o(.ARM.Collect$$libinit$$00000030)
    __rt_lib_init_argv_1                     0x080002bf   Thumb Code     0  libinit2.o(.ARM.Collect$$libinit$$0000002E)
    __rt_lib_init_atexit_1                   0x080002bf   Thumb Code     0  libinit2.o(.ARM.Collect$$libinit$$0000001D)
    __rt_lib_init_clock_1                    0x080002bf   Thumb Code     0  libinit2.o(.ARM.Collect$$libinit$$00000023)
    __rt_lib_init_cpp_1                      0x080002bf   Thumb Code     0  libinit2.o(.ARM.Collect$$libinit$$00000034)
    __rt_lib_init_exceptions_1               0x080002bf   Thumb Code     0  libinit2.o(.ARM.Collect$$libinit$$00000032)
    __rt_lib_init_fp_trap_1                  0x080002bf   Thumb Code     0  libinit2.o(.ARM.Collect$$libinit$$00000021)
    __rt_lib_init_getenv_1                   0x080002bf   Thumb Code     0  libinit2.o(.ARM.Collect$$libinit$$00000025)
    __rt_lib_init_lc_numeric_1               0x080002bf   Thumb Code     0  libinit2.o(.ARM.Collect$$libinit$$00000019)
    __rt_lib_init_lc_time_1                  0x080002bf   Thumb Code     0  libinit2.o(.ARM.Collect$$libinit$$0000001B)
    __rt_lib_init_return                     0x080002bf   Thumb Code     0  libinit2.o(.ARM.Collect$$libinit$$00000035)
    __rt_lib_init_signal_1                   0x080002bf   Thumb Code     0  libinit2.o(.ARM.Collect$$libinit$$0000001F)
    __rt_lib_init_stdio_1                    0x080002bf   Thumb Code     0  libinit2.o(.ARM.Collect$$libinit$$00000027)
    __rt_lib_shutdown                        0x080002c1   Thumb Code     0  libshutdown.o(.ARM.Collect$$libshutdown$$00000000)
    __rt_lib_shutdown_cpp_1                  0x080002c3   Thumb Code     0  libshutdown2.o(.ARM.Collect$$libshutdown$$00000002)
    __rt_lib_shutdown_fp_trap_1              0x080002c3   Thumb Code     0  libshutdown2.o(.ARM.Collect$$libshutdown$$00000007)
    __rt_lib_shutdown_heap_1                 0x080002c3   Thumb Code     0  libshutdown2.o(.ARM.Collect$$libshutdown$$0000000F)
    __rt_lib_shutdown_return                 0x080002c3   Thumb Code     0  libshutdown2.o(.ARM.Collect$$libshutdown$$00000010)
    __rt_lib_shutdown_signal_1               0x080002c3   Thumb Code     0  libshutdown2.o(.ARM.Collect$$libshutdown$$0000000A)
    __rt_lib_shutdown_stdio_1                0x080002c3   Thumb Code     0  libshutdown2.o(.ARM.Collect$$libshutdown$$00000004)
    __rt_lib_shutdown_user_alloc_1           0x080002c3   Thumb Code     0  libshutdown2.o(.ARM.Collect$$libshutdown$$0000000C)
    __rt_entry                               0x080002c5   Thumb Code     0  __rtentry.o(.ARM.Collect$$rtentry$$00000000)
    __rt_entry_presh_1                       0x080002c5   Thumb Code     0  __rtentry2.o(.ARM.Collect$$rtentry$$00000002)
    __rt_entry_sh                            0x080002c5   Thumb Code     0  __rtentry4.o(.ARM.Collect$$rtentry$$00000004)
    __rt_entry_li                            0x080002cb   Thumb Code     0  __rtentry2.o(.ARM.Collect$$rtentry$$0000000A)
    __rt_entry_postsh_1                      0x080002cb   Thumb Code     0  __rtentry2.o(.ARM.Collect$$rtentry$$00000009)
    __rt_entry_main                          0x080002cf   Thumb Code     0  __rtentry2.o(.ARM.Collect$$rtentry$$0000000D)
    __rt_entry_postli_1                      0x080002cf   Thumb Code     0  __rtentry2.o(.ARM.Collect$$rtentry$$0000000C)
    __rt_exit                                0x080002d7   Thumb Code     0  rtexit.o(.ARM.Collect$$rtexit$$00000000)
    __rt_exit_ls                             0x080002d9   Thumb Code     0  rtexit2.o(.ARM.Collect$$rtexit$$00000003)
    __rt_exit_prels_1                        0x080002d9   Thumb Code     0  rtexit2.o(.ARM.Collect$$rtexit$$00000002)
    __rt_exit_exit                           0x080002dd   Thumb Code     0  rtexit2.o(.ARM.Collect$$rtexit$$00000004)
    Reset_Handler                            0x080002e5   Thumb Code     8  startup_stm32f411xe.o(.text)
    NMI_Handler                              0x080002ed   Thumb Code     2  startup_stm32f411xe.o(.text)
    HardFault_Handler                        0x080002ef   Thumb Code     2  startup_stm32f411xe.o(.text)
    MemManage_Handler                        0x080002f1   Thumb Code     2  startup_stm32f411xe.o(.text)
    BusFault_Handler                         0x080002f3   Thumb Code     2  startup_stm32f411xe.o(.text)
    UsageFault_Handler                       0x080002f5   Thumb Code     2  startup_stm32f411xe.o(.text)
    SVC_Handler                              0x080002f7   Thumb Code     2  startup_stm32f411xe.o(.text)
    DebugMon_Handler                         0x080002f9   Thumb Code     2  startup_stm32f411xe.o(.text)
    PendSV_Handler                           0x080002fb   Thumb Code     2  startup_stm32f411xe.o(.text)
    DMA1_Stream0_IRQHandler                  0x080002ff   Thumb Code     0  startup_stm32f411xe.o(.text)
    DMA1_Stream1_IRQHandler                  0x080002ff   Thumb Code     0  startup_stm32f411xe.o(.text)
    DMA1_Stream2_IRQHandler                  0x080002ff   Thumb Code     0  startup_stm32f411xe.o(.text)
    DMA1_Stream3_IRQHandler                  0x080002ff   Thumb Code     0  startup_stm32f411xe.o(.text)
    DMA1_Stream4_IRQHandler                  0x080002ff   Thumb Code     0  startup_stm32f411xe.o(.text)
    DMA1_Stream5_IRQHandler                  0x080002ff   Thumb Code     0  startup_stm32f411xe.o(.text)
    DMA1_Stream6_IRQHandler                  0x080002ff   Thumb Code     0  startup_stm32f411xe.o(.text)
    DMA1_Stream7_IRQHandler                  0x080002ff   Thumb Code     0  startup_stm32f411xe.o(.text)
    DMA2_Stream0_IRQHandler                  0x080002ff   Thumb Code     0  startup_stm32f411xe.o(.text)
    DMA2_Stream1_IRQHandler                  0x080002ff   Thumb Code     0  startup_stm32f411xe.o(.text)
    DMA2_Stream2_IRQHandler                  0x080002ff   Thumb Code     0  startup_stm32f411xe.o(.text)
    DMA2_Stream3_IRQHandler                  0x080002ff   Thumb Code     0  startup_stm32f411xe.o(.text)
    DMA2_Stream4_IRQHandler                  0x080002ff   Thumb Code     0  startup_stm32f411xe.o(.text)
    DMA2_Stream5_IRQHandler                  0x080002ff   Thumb Code     0  startup_stm32f411xe.o(.text)
    DMA2_Stream6_IRQHandler                  0x080002ff   Thumb Code     0  startup_stm32f411xe.o(.text)
    DMA2_Stream7_IRQHandler                  0x080002ff   Thumb Code     0  startup_stm32f411xe.o(.text)
    EXTI0_IRQHandler                         0x080002ff   Thumb Code     0  startup_stm32f411xe.o(.text)
    EXTI15_10_IRQHandler                     0x080002ff   Thumb Code     0  startup_stm32f411xe.o(.text)
    EXTI1_IRQHandler                         0x080002ff   Thumb Code     0  startup_stm32f411xe.o(.text)
    EXTI2_IRQHandler                         0x080002ff   Thumb Code     0  startup_stm32f411xe.o(.text)
    EXTI3_IRQHandler                         0x080002ff   Thumb Code     0  startup_stm32f411xe.o(.text)
    EXTI4_IRQHandler                         0x080002ff   Thumb Code     0  startup_stm32f411xe.o(.text)
    EXTI9_5_IRQHandler                       0x080002ff   Thumb Code     0  startup_stm32f411xe.o(.text)
    FLASH_IRQHandler                         0x080002ff   Thumb Code     0  startup_stm32f411xe.o(.text)
    FPU_IRQHandler                           0x080002ff   Thumb Code     0  startup_stm32f411xe.o(.text)
    I2C1_ER_IRQHandler                       0x080002ff   Thumb Code     0  startup_stm32f411xe.o(.text)
    I2C1_EV_IRQHandler                       0x080002ff   Thumb Code     0  startup_stm32f411xe.o(.text)
    I2C2_ER_IRQHandler                       0x080002ff   Thumb Code     0  startup_stm32f411xe.o(.text)
    I2C2_EV_IRQHandler                       0x080002ff   Thumb Code     0  startup_stm32f411xe.o(.text)
    I2C3_ER_IRQHandler                       0x080002ff   Thumb Code     0  startup_stm32f411xe.o(.text)
    I2C3_EV_IRQHandler                       0x080002ff   Thumb Code     0  startup_stm32f411xe.o(.text)
    OTG_FS_IRQHandler                        0x080002ff   Thumb Code     0  startup_stm32f411xe.o(.text)
    OTG_FS_WKUP_IRQHandler                   0x080002ff   Thumb Code     0  startup_stm32f411xe.o(.text)
    PVD_IRQHandler                           0x080002ff   Thumb Code     0  startup_stm32f411xe.o(.text)
    RCC_IRQHandler                           0x080002ff   Thumb Code     0  startup_stm32f411xe.o(.text)
    RTC_Alarm_IRQHandler                     0x080002ff   Thumb Code     0  startup_stm32f411xe.o(.text)
    RTC_WKUP_IRQHandler                      0x080002ff   Thumb Code     0  startup_stm32f411xe.o(.text)
    SDIO_IRQHandler                          0x080002ff   Thumb Code     0  startup_stm32f411xe.o(.text)
    SPI1_IRQHandler                          0x080002ff   Thumb Code     0  startup_stm32f411xe.o(.text)
    SPI2_IRQHandler                          0x080002ff   Thumb Code     0  startup_stm32f411xe.o(.text)
    SPI3_IRQHandler                          0x080002ff   Thumb Code     0  startup_stm32f411xe.o(.text)
    SPI4_IRQHandler                          0x080002ff   Thumb Code     0  startup_stm32f411xe.o(.text)
    SPI5_IRQHandler                          0x080002ff   Thumb Code     0  startup_stm32f411xe.o(.text)
    TAMP_STAMP_IRQHandler                    0x080002ff   Thumb Code     0  startup_stm32f411xe.o(.text)
    TIM1_BRK_TIM9_IRQHandler                 0x080002ff   Thumb Code     0  startup_stm32f411xe.o(.text)
    TIM1_CC_IRQHandler                       0x080002ff   Thumb Code     0  startup_stm32f411xe.o(.text)
    TIM1_TRG_COM_TIM11_IRQHandler            0x080002ff   Thumb Code     0  startup_stm32f411xe.o(.text)
    TIM1_UP_TIM10_IRQHandler                 0x080002ff   Thumb Code     0  startup_stm32f411xe.o(.text)
    TIM2_IRQHandler                          0x080002ff   Thumb Code     0  startup_stm32f411xe.o(.text)
    TIM3_IRQHandler                          0x080002ff   Thumb Code     0  startup_stm32f411xe.o(.text)
    TIM5_IRQHandler                          0x080002ff   Thumb Code     0  startup_stm32f411xe.o(.text)
    USART2_IRQHandler                        0x080002ff   Thumb Code     0  startup_stm32f411xe.o(.text)
    USART6_IRQHandler                        0x080002ff   Thumb Code     0  startup_stm32f411xe.o(.text)
    WWDG_IRQHandler                          0x080002ff   Thumb Code     0  startup_stm32f411xe.o(.text)
    __user_initial_stackheap                 0x08000301   Thumb Code     0  startup_stm32f411xe.o(.text)
    sprintf                                  0x08000325   Thumb Code    38  sprintf.o(.text)
    __use_two_region_memory                  0x08000351   Thumb Code     2  heapauxi.o(.text)
    __rt_heap_escrow$2region                 0x08000353   Thumb Code     2  heapauxi.o(.text)
    __rt_heap_expand$2region                 0x08000355   Thumb Code     2  heapauxi.o(.text)
    _printf_pre_padding                      0x08000357   Thumb Code    44  _printf_pad.o(.text)
    _printf_post_padding                     0x08000383   Thumb Code    34  _printf_pad.o(.text)
    _printf_truncate_signed                  0x080003a5   Thumb Code    18  _printf_truncate.o(.text)
    _printf_truncate_unsigned                0x080003b7   Thumb Code    18  _printf_truncate.o(.text)
    _printf_str                              0x080003c9   Thumb Code    82  _printf_str.o(.text)
    _printf_int_dec                          0x0800041d   Thumb Code   104  _printf_dec.o(.text)
    _printf_charcount                        0x08000495   Thumb Code    40  _printf_charcount.o(.text)
    _printf_char_common                      0x080004c7   Thumb Code    32  _printf_char_common.o(.text)
    _sputc                                   0x080004ed   Thumb Code    10  _sputc.o(.text)
    _printf_wctomb                           0x080004f9   Thumb Code   182  _printf_wctomb.o(.text)
    _printf_longlong_dec                     0x080005b5   Thumb Code   108  _printf_longlong_dec.o(.text)
    _printf_longlong_oct                     0x08000631   Thumb Code    68  _printf_oct_int_ll.o(.text)
    _printf_int_oct                          0x08000675   Thumb Code    24  _printf_oct_int_ll.o(.text)
    _printf_ll_oct                           0x0800068d   Thumb Code    12  _printf_oct_int_ll.o(.text)
    _printf_longlong_hex                     0x080006a1   Thumb Code    86  _printf_hex_int_ll_ptr.o(.text)
    _printf_int_hex                          0x080006f7   Thumb Code    28  _printf_hex_int_ll_ptr.o(.text)
    _printf_ll_hex                           0x08000713   Thumb Code    12  _printf_hex_int_ll_ptr.o(.text)
    _printf_hex_ptr                          0x0800071f   Thumb Code    18  _printf_hex_int_ll_ptr.o(.text)
    __printf                                 0x08000735   Thumb Code   388  __printf_flags_ss_wp.o(.text)
    _ll_udiv10                               0x080008bd   Thumb Code   138  lludiv10.o(.text)
    _printf_int_common                       0x08000947   Thumb Code   178  _printf_intcommon.o(.text)
    _printf_fp_dec_real                      0x08000ba9   Thumb Code   620  _printf_fp_dec.o(.text)
    _printf_fp_hex_real                      0x08000e15   Thumb Code   756  _printf_fp_hex.o(.text)
    _printf_cs_common                        0x08001111   Thumb Code    20  _printf_char.o(.text)
    _printf_char                             0x08001125   Thumb Code    16  _printf_char.o(.text)
    _printf_string                           0x08001135   Thumb Code     8  _printf_char.o(.text)
    _printf_lcs_common                       0x0800113d   Thumb Code    20  _printf_wchar.o(.text)
    _printf_wchar                            0x08001151   Thumb Code    16  _printf_wchar.o(.text)
    _printf_wstring                          0x08001161   Thumb Code     8  _printf_wchar.o(.text)
    _c16rtomb                                0x08001169   Thumb Code    72  _c16rtomb.o(.text)
    _wcrtomb                                 0x08001169   Thumb Code     0  _c16rtomb.o(.text)
    __user_setup_stackheap                   0x080011b1   Thumb Code    74  sys_stackheap_outer.o(.text)
    __rt_ctype_table                         0x080011fd   Thumb Code    16  rt_ctype_table.o(.text)
    __rt_locale                              0x0800120d   Thumb Code     8  rt_locale_intlibspace.o(.text)
    _printf_fp_infnan                        0x08001215   Thumb Code   112  _printf_fp_infnan.o(.text)
    _btod_etento                             0x08001295   Thumb Code   224  bigflt0.o(.text)
    exit                                     0x08001379   Thumb Code    18  exit.o(.text)
    __user_libspace                          0x0800138d   Thumb Code     8  libspace.o(.text)
    __user_perproc_libspace                  0x0800138d   Thumb Code     0  libspace.o(.text)
    __user_perthread_libspace                0x0800138d   Thumb Code     0  libspace.o(.text)
    strcmp                                   0x08001399   Thumb Code   124  strcmpv7em.o(.text)
    _sys_exit                                0x08001415   Thumb Code     8  sys_exit.o(.text)
    __I$use$semihosting                      0x08001421   Thumb Code     0  use_no_semi.o(.text)
    __use_no_semihosting_swi                 0x08001421   Thumb Code     2  use_no_semi.o(.text)
    __semihosting_library_function           0x08001423   Thumb Code     0  indicate_semi.o(.text)
    ADC_IRQHandler                           0x08001425   Thumb Code   110  lab_rccar.o(.text.ADC_IRQHandler)
    ADC_init                                 0x08001495   Thumb Code   340  ecadc.o(.text.ADC_init)
    ADC_pinmap                               0x080015e9   Thumb Code   258  ecadc.o(.text.ADC_pinmap)
    ADC_read                                 0x080016ed   Thumb Code    12  ecadc.o(.text.ADC_read)
    ADC_sequence                             0x080016f9   Thumb Code   442  ecadc.o(.text.ADC_sequence)
    ADC_start                                0x080018b5   Thumb Code    26  ecadc.o(.text.ADC_start)
    ADC_trigger                              0x080018d1   Thumb Code   292  ecadc.o(.text.ADC_trigger)
    E_stop                                   0x080019f5   Thumb Code    46  lab_rccar.o(.text.E_stop)
    GPIO                                     0x08001a25   Thumb Code    64  ecgpio.o(.text.GPIO)
    GPIO_init                                0x08001a65   Thumb Code   110  ecgpio.o(.text.GPIO_init)
    GPIO_mode                                0x08001ad5   Thumb Code    48  ecgpio.o(.text.GPIO_mode)
    GPIO_ospeed                              0x08001b05   Thumb Code    48  ecgpio.o(.text.GPIO_ospeed)
    GPIO_otype                               0x08001b35   Thumb Code    44  ecgpio.o(.text.GPIO_otype)
    GPIO_pupd                                0x08001b61   Thumb Code    48  ecgpio.o(.text.GPIO_pupd)
    GPIO_write                               0x08001b91   Thumb Code    44  ecgpio.o(.text.GPIO_write)
    ICAP_counter_us                          0x08001bbd   Thumb Code    58  ecicap.o(.text.ICAP_counter_us)
    ICAP_init                                0x08001bf9   Thumb Code   462  ecicap.o(.text.ICAP_init)
    ICAP_pinmap                              0x08001dc9   Thumb Code   538  ecicap.o(.text.ICAP_pinmap)
    ICAP_setup                               0x08001fe5   Thumb Code   450  ecicap.o(.text.ICAP_setup)
    LED_toggle                               0x080021a9   Thumb Code    86  lab_rccar.o(.text.LED_toggle)
    M_back                                   0x08002201   Thumb Code    76  lab_rccar.o(.text.M_back)
    M_left                                   0x0800224d   Thumb Code    54  lab_rccar.o(.text.M_left)
    M_right                                  0x08002285   Thumb Code    58  lab_rccar.o(.text.M_right)
    M_straight                               0x080022c1   Thumb Code    98  lab_rccar.o(.text.M_straight)
    PWM_duty                                 0x08002325   Thumb Code   176  ecpwm.o(.text.PWM_duty)
    PWM_init                                 0x080023d5   Thumb Code   834  ecpwm.o(.text.PWM_init)
    PWM_period_ms                            0x08002719   Thumb Code    46  ecpwm.o(.text.PWM_period_ms)
    PWM_period_us                            0x08002749   Thumb Code    46  ecpwm.o(.text.PWM_period_us)
    PWM_pinmap                               0x08002779   Thumb Code   538  ecpwm.o(.text.PWM_pinmap)
    PWM_pulsewidth_us                        0x08002995   Thumb Code   206  ecpwm.o(.text.PWM_pulsewidth_us)
    RCC_GPIOA_enable                         0x08002a65   Thumb Code    18  ecrcc.o(.text.RCC_GPIOA_enable)
    RCC_GPIOB_enable                         0x08002a79   Thumb Code    18  ecrcc.o(.text.RCC_GPIOB_enable)
    RCC_GPIOC_enable                         0x08002a8d   Thumb Code    18  ecrcc.o(.text.RCC_GPIOC_enable)
    RCC_GPIOD_enable                         0x08002aa1   Thumb Code    18  ecrcc.o(.text.RCC_GPIOD_enable)
    RCC_PLL_init                             0x08002ab5   Thumb Code   276  ecrcc.o(.text.RCC_PLL_init)
    SysTick_Handler                          0x08002bc9   Thumb Code     8  ecsystick.o(.text.SysTick_Handler)
    SysTick_counter                          0x08002bd1   Thumb Code    16  ecsystick.o(.text.SysTick_counter)
    SysTick_init                             0x08002be1   Thumb Code    90  ecsystick.o(.text.SysTick_init)
    SystemInit                               0x08002c3d   Thumb Code    18  system_stm32f4xx.o(.text.SystemInit)
    TIM4_IRQHandler                          0x08002c51   Thumb Code   320  lab_rccar.o(.text.TIM4_IRQHandler)
    TIM_UI_enable                            0x08002d91   Thumb Code    18  ectim.o(.text.TIM_UI_enable)
    TIM_UI_init                              0x08002da5   Thumb Code   230  ectim.o(.text.TIM_UI_init)
    TIM_init                                 0x08002e8d   Thumb Code   282  ectim.o(.text.TIM_init)
    TIM_period_ms                            0x08002fa9   Thumb Code   240  ectim.o(.text.TIM_period_ms)
    TIM_period_us                            0x08003099   Thumb Code   224  ectim.o(.text.TIM_period_us)
    UART1_baud                               0x08003179   Thumb Code    24  ecuart.o(.text.UART1_baud)
    UART1_init                               0x08003191   Thumb Code    42  ecuart.o(.text.UART1_init)
    UART2_init                               0x080031bd   Thumb Code    42  ecuart.o(.text.UART2_init)
    UART_baud                                0x080031e9   Thumb Code   184  ecuart.o(.text.UART_baud)
    USART1_IRQHandler                        0x080032a1   Thumb Code   314  lab_rccar.o(.text.USART1_IRQHandler)
    USART1_read                              0x080033dd   Thumb Code    16  ecuart.o(.text.USART1_read)
    USART1_write                             0x080033ed   Thumb Code    28  ecuart.o(.text.USART1_write)
    USART_delay                              0x08003409   Thumb Code    50  ecuart.o(.text.USART_delay)
    USART_read                               0x0800343d   Thumb Code    32  ecuart.o(.text.USART_read)
    USART_setting                            0x0800345d   Thumb Code   626  ecuart.o(.text.USART_setting)
    USART_write                              0x080036d1   Thumb Code   100  ecuart.o(.text.USART_write)
    clear_ADC_OVR                            0x08003905   Thumb Code    18  ecadc.o(.text.clear_ADC_OVR)
    clear_CCIF                               0x08003919   Thumb Code    26  ecicap.o(.text.clear_CCIF)
    clear_UIF                                0x08003935   Thumb Code    18  ectim.o(.text.clear_UIF)
    ecPinmap                                 0x08003949   Thumb Code   164  ecpinnames.o(.text.ecPinmap)
    is_ADC_EOC                               0x080039ed   Thumb Code    16  ecadc.o(.text.is_ADC_EOC)
    is_ADC_OVR                               0x080039fd   Thumb Code    16  ecadc.o(.text.is_ADC_OVR)
    is_CCIF                                  0x08003a0d   Thumb Code    22  ecicap.o(.text.is_CCIF)
    is_UIF                                   0x08003a25   Thumb Code    16  ectim.o(.text.is_UIF)
    is_USART1_RXNE                           0x08003a35   Thumb Code    16  ecuart.o(.text.is_USART1_RXNE)
    is_USART_RXNE                            0x08003a45   Thumb Code    16  ecuart.o(.text.is_USART_RXNE)
    main                                     0x08003a59   Thumb Code  1036  lab_rccar.o(.text.main)
    printState                               0x08003e65   Thumb Code   460  lab_rccar.o(.text.printState)
    setup                                    0x08004031   Thumb Code   294  lab_rccar.o(.text.setup)
    speedDOWN                                0x08004159   Thumb Code    98  lab_rccar.o(.text.speedDOWN)
    speedUP                                  0x080041bd   Thumb Code    98  lab_rccar.o(.text.speedUP)
    str_angle                                0x08004221   Thumb Code   392  lab_rccar.o(.text.str_angle)
    _btod_d2e                                0x080043a9   Thumb Code    62  btod.o(CL$$btod_d2e)
    _d2e_denorm_low                          0x080043e7   Thumb Code    70  btod.o(CL$$btod_d2e_denorm_low)
    _d2e_norm_op1                            0x0800442d   Thumb Code    96  btod.o(CL$$btod_d2e_norm_op1)
    __btod_div_common                        0x0800448d   Thumb Code   696  btod.o(CL$$btod_div_common)
    _e2e                                     0x080047c5   Thumb Code   220  btod.o(CL$$btod_e2e)
    _btod_ediv                               0x080048a1   Thumb Code    42  btod.o(CL$$btod_ediv)
    _btod_emul                               0x080048cb   Thumb Code    42  btod.o(CL$$btod_emul)
    __btod_mult_common                       0x080048f5   Thumb Code   580  btod.o(CL$$btod_mult_common)
    __ARM_fpclassify                         0x08004b39   Thumb Code    48  fpclassify.o(i.__ARM_fpclassify)
    __hardfp_round                           0x08004b69   Thumb Code   194  round.o(i.__hardfp_round)
    _is_digit                                0x08004c49   Thumb Code    14  __printf_wp.o(i._is_digit)
    _get_lc_numeric                          0x08004c59   Thumb Code    44  lc_numeric_c.o(locale$$code)
    _get_lc_ctype                            0x08004c85   Thumb Code    44  lc_ctype_c.o(locale$$code)
    __aeabi_d2f                              0x08004cb1   Thumb Code     0  d2f.o(x$fpl$d2f)
    _d2f                                     0x08004cb1   Thumb Code    98  d2f.o(x$fpl$d2f)
    __aeabi_dadd                             0x08004d15   Thumb Code     0  daddsub_clz.o(x$fpl$dadd)
    _dadd                                    0x08004d15   Thumb Code   332  daddsub_clz.o(x$fpl$dadd)
    __fpl_dcmp_Inf                           0x08004e65   Thumb Code    24  dcmpi.o(x$fpl$dcmpinf)
    __aeabi_ddiv                             0x08004e7d   Thumb Code     0  ddiv.o(x$fpl$ddiv)
    _ddiv                                    0x08004e7d   Thumb Code   556  ddiv.o(x$fpl$ddiv)
    __aeabi_d2uiz                            0x08005131   Thumb Code     0  dfixu.o(x$fpl$dfixu)
    _dfixu                                   0x08005131   Thumb Code    90  dfixu.o(x$fpl$dfixu)
    __aeabi_cdcmple                          0x0800518d   Thumb Code     0  dleqf.o(x$fpl$dleqf)
    _dcmple                                  0x0800518d   Thumb Code   120  dleqf.o(x$fpl$dleqf)
    __fpl_dcmple_InfNaN                      0x080051ef   Thumb Code     0  dleqf.o(x$fpl$dleqf)
    __aeabi_dmul                             0x08005205   Thumb Code     0  dmul.o(x$fpl$dmul)
    _dmul                                    0x08005205   Thumb Code   332  dmul.o(x$fpl$dmul)
    __fpl_dnaninf                            0x08005359   Thumb Code   156  dnaninf.o(x$fpl$dnaninf)
    __fpl_dretinf                            0x080053f5   Thumb Code    12  dretinf.o(x$fpl$dretinf)
    __aeabi_cdrcmple                         0x08005401   Thumb Code     0  drleqf.o(x$fpl$drleqf)
    _drcmple                                 0x08005401   Thumb Code   108  drleqf.o(x$fpl$drleqf)
    _drnd                                    0x0800546d   Thumb Code   180  drnd.o(x$fpl$drnd)
    __aeabi_dsub                             0x08005521   Thumb Code     0  daddsub_clz.o(x$fpl$dsub)
    _dsub                                    0x08005521   Thumb Code   472  daddsub_clz.o(x$fpl$dsub)
    __aeabi_f2d                              0x080056fd   Thumb Code     0  f2d.o(x$fpl$f2d)
    _f2d                                     0x080056fd   Thumb Code    86  f2d.o(x$fpl$f2d)
    __fpl_fnaninf                            0x08005753   Thumb Code   140  fnaninf.o(x$fpl$fnaninf)
    _fp_init                                 0x080057df   Thumb Code    26  fpinit.o(x$fpl$fpinit)
    __fplib_config_fpu_vfp                   0x080057f7   Thumb Code     0  fpinit.o(x$fpl$fpinit)
    __fplib_config_pureend_doubles           0x080057f7   Thumb Code     0  fpinit.o(x$fpl$fpinit)
    __fpl_fretinf                            0x080057f9   Thumb Code    10  fretinf.o(x$fpl$fretinf)
    _printf_fp_dec                           0x08005803   Thumb Code     4  printf1.o(x$fpl$printf1)
    _printf_fp_hex                           0x08005807   Thumb Code     4  printf2.o(x$fpl$printf2)
    __I$use$fp                               0x0800580a   Number         0  usenofp.o(x$fpl$usenofp)
    Region$$Table$$Base                      0x08005988   Number         0  anon$$obj.o(Region$$Table)
    Region$$Table$$Limit                     0x080059a8   Number         0  anon$$obj.o(Region$$Table)
    __ctype                                  0x080059d1   Data           0  lc_ctype_c.o(locale$$data)
    EC_SYSCLK                                0x20000000   Data           4  ecrcc.o(.data.EC_SYSCLK)
    PWM_PIN2                                 0x20000004   Data           1  lab_rccar.o(.data.PWM_PIN2)
    dir                                      0x20000005   Data           1  lab_rccar.o(.data.dir)
    period                                   0x20000008   Data           4  lab_rccar.o(.data.period)
    seqCHn                                   0x2000000c   Data           2  lab_rccar.o(.data.seqCHn)
    vel                                      0x20000010   Data          32  lab_rccar.o(.data.vel)
    vel1                                     0x20000030   Data           8  lab_rccar.o(.data.vel1)
    vel2                                     0x20000038   Data           8  lab_rccar.o(.data.vel2)
    __libspace_start                         0x20000040   Data          96  libspace.o(.bss)
    __temporary_stack_top$libspace           0x200000a0   Data           0  libspace.o(.bss)
    DIR                                      0x200000a1   Data           1  lab_rccar.o(.bss.DIR)
    PWM_PIN1                                 0x200000a8   Data           1  lab_rccar.o(.bss.PWM_PIN1)
    STR                                      0x200000a9   Data           2  lab_rccar.o(.bss.STR)
    VEL                                      0x200000ab   Data           2  lab_rccar.o(.bss.VEL)
    _count                                   0x200000b0   Data           4  lab_rccar.o(.bss._count)
    distance                                 0x200000b4   Data           4  lab_rccar.o(.bss.distance)
    flag                                     0x200000b8   Data           4  lab_rccar.o(.bss.flag)
    i                                        0x200000bc   Data           4  lab_rccar.o(.bss.i)
    mode                                     0x200000c0   Data           1  lab_rccar.o(.bss.mode)
    msTicks                                  0x200000c4   Data           4  ecsystick.o(.bss.msTicks)
    ovf_cnt                                  0x200000c8   Data           4  lab_rccar.o(.bss.ovf_cnt)
    str_level                                0x200000cc   Data           4  lab_rccar.o(.bss.str_level)
    time1                                    0x200000d0   Data           4  lab_rccar.o(.bss.time1)
    time2                                    0x200000d4   Data           4  lab_rccar.o(.bss.time2)
    timeInterval                             0x200000d8   Data           4  lab_rccar.o(.bss.timeInterval)
    value1                                   0x200000dc   Data           4  lab_rccar.o(.bss.value1)
    value2                                   0x200000e0   Data           4  lab_rccar.o(.bss.value2)



==============================================================================

Memory Map of the image

  Image Entry point : 0x08000199

  Load Region LR_IROM1 (Base: 0x08000000, Size: 0x00005b18, Max: 0x00080000, ABSOLUTE)

    Execution Region ER_IROM1 (Exec base: 0x08000000, Load base: 0x08000000, Size: 0x00005ad4, Max: 0x00080000, ABSOLUTE)

    Exec Addr    Load Addr    Size         Type   Attr      Idx    E Section Name        Object

    0x08000000   0x08000000   0x00000198   Data   RO          356    RESET               startup_stm32f411xe.o
    0x08000198   0x08000198   0x00000008   Code   RO          383  * !!!main             c_w.l(__main.o)
    0x080001a0   0x080001a0   0x00000034   Code   RO          760    !!!scatter          c_w.l(__scatter.o)
    0x080001d4   0x080001d4   0x0000001a   Code   RO          762    !!handler_copy      c_w.l(__scatter_copy.o)
    0x080001ee   0x080001ee   0x00000002   PAD
    0x080001f0   0x080001f0   0x0000001c   Code   RO          764    !!handler_zi        c_w.l(__scatter_zi.o)
    0x0800020c   0x0800020c   0x00000000   Code   RO          485    .ARM.Collect$$_printf_percent$$00000000  c_w.l(_printf_percent.o)
    0x0800020c   0x0800020c   0x00000006   Code   RO          474    .ARM.Collect$$_printf_percent$$00000001  c_w.l(_printf_n.o)
    0x08000212   0x08000212   0x00000006   Code   RO          476    .ARM.Collect$$_printf_percent$$00000002  c_w.l(_printf_p.o)
    0x08000218   0x08000218   0x00000006   Code   RO          481    .ARM.Collect$$_printf_percent$$00000003  c_w.l(_printf_f.o)
    0x0800021e   0x0800021e   0x00000006   Code   RO          482    .ARM.Collect$$_printf_percent$$00000004  c_w.l(_printf_e.o)
    0x08000224   0x08000224   0x00000006   Code   RO          483    .ARM.Collect$$_printf_percent$$00000005  c_w.l(_printf_g.o)
    0x0800022a   0x0800022a   0x00000006   Code   RO          484    .ARM.Collect$$_printf_percent$$00000006  c_w.l(_printf_a.o)
    0x08000230   0x08000230   0x0000000a   Code   RO          489    .ARM.Collect$$_printf_percent$$00000007  c_w.l(_printf_ll.o)
    0x0800023a   0x0800023a   0x00000006   Code   RO          478    .ARM.Collect$$_printf_percent$$00000008  c_w.l(_printf_i.o)
    0x08000240   0x08000240   0x00000006   Code   RO          479    .ARM.Collect$$_printf_percent$$00000009  c_w.l(_printf_d.o)
    0x08000246   0x08000246   0x00000006   Code   RO          480    .ARM.Collect$$_printf_percent$$0000000A  c_w.l(_printf_u.o)
    0x0800024c   0x0800024c   0x00000006   Code   RO          477    .ARM.Collect$$_printf_percent$$0000000B  c_w.l(_printf_o.o)
    0x08000252   0x08000252   0x00000006   Code   RO          475    .ARM.Collect$$_printf_percent$$0000000C  c_w.l(_printf_x.o)
    0x08000258   0x08000258   0x00000006   Code   RO          486    .ARM.Collect$$_printf_percent$$0000000D  c_w.l(_printf_lli.o)
    0x0800025e   0x0800025e   0x00000006   Code   RO          487    .ARM.Collect$$_printf_percent$$0000000E  c_w.l(_printf_lld.o)
    0x08000264   0x08000264   0x00000006   Code   RO          488    .ARM.Collect$$_printf_percent$$0000000F  c_w.l(_printf_llu.o)
    0x0800026a   0x0800026a   0x00000006   Code   RO          493    .ARM.Collect$$_printf_percent$$00000010  c_w.l(_printf_llo.o)
    0x08000270   0x08000270   0x00000006   Code   RO          494    .ARM.Collect$$_printf_percent$$00000011  c_w.l(_printf_llx.o)
    0x08000276   0x08000276   0x0000000a   Code   RO          490    .ARM.Collect$$_printf_percent$$00000012  c_w.l(_printf_l.o)
    0x08000280   0x08000280   0x00000006   Code   RO          472    .ARM.Collect$$_printf_percent$$00000013  c_w.l(_printf_c.o)
    0x08000286   0x08000286   0x00000006   Code   RO          473    .ARM.Collect$$_printf_percent$$00000014  c_w.l(_printf_s.o)
    0x0800028c   0x0800028c   0x00000006   Code   RO          491    .ARM.Collect$$_printf_percent$$00000015  c_w.l(_printf_lc.o)
    0x08000292   0x08000292   0x00000006   Code   RO          492    .ARM.Collect$$_printf_percent$$00000016  c_w.l(_printf_ls.o)
    0x08000298   0x08000298   0x00000004   Code   RO          556    .ARM.Collect$$_printf_percent$$00000017  c_w.l(_printf_percent_end.o)
    0x0800029c   0x0800029c   0x00000002   Code   RO          609    .ARM.Collect$$libinit$$00000000  c_w.l(libinit.o)
    0x0800029e   0x0800029e   0x00000004   Code   RO          626    .ARM.Collect$$libinit$$00000001  c_w.l(libinit2.o)
    0x080002a2   0x080002a2   0x00000000   Code   RO          629    .ARM.Collect$$libinit$$00000004  c_w.l(libinit2.o)
    0x080002a2   0x080002a2   0x00000000   Code   RO          631    .ARM.Collect$$libinit$$00000006  c_w.l(libinit2.o)
    0x080002a2   0x080002a2   0x00000000   Code   RO          634    .ARM.Collect$$libinit$$0000000C  c_w.l(libinit2.o)
    0x080002a2   0x080002a2   0x00000000   Code   RO          636    .ARM.Collect$$libinit$$0000000E  c_w.l(libinit2.o)
    0x080002a2   0x080002a2   0x00000000   Code   RO          638    .ARM.Collect$$libinit$$00000010  c_w.l(libinit2.o)
    0x080002a2   0x080002a2   0x00000006   Code   RO          639    .ARM.Collect$$libinit$$00000011  c_w.l(libinit2.o)
    0x080002a8   0x080002a8   0x00000000   Code   RO          641    .ARM.Collect$$libinit$$00000013  c_w.l(libinit2.o)
    0x080002a8   0x080002a8   0x0000000c   Code   RO          642    .ARM.Collect$$libinit$$00000014  c_w.l(libinit2.o)
    0x080002b4   0x080002b4   0x00000000   Code   RO          643    .ARM.Collect$$libinit$$00000015  c_w.l(libinit2.o)
    0x080002b4   0x080002b4   0x00000000   Code   RO          645    .ARM.Collect$$libinit$$00000017  c_w.l(libinit2.o)
    0x080002b4   0x080002b4   0x0000000a   Code   RO          646    .ARM.Collect$$libinit$$00000018  c_w.l(libinit2.o)
    0x080002be   0x080002be   0x00000000   Code   RO          647    .ARM.Collect$$libinit$$00000019  c_w.l(libinit2.o)
    0x080002be   0x080002be   0x00000000   Code   RO          649    .ARM.Collect$$libinit$$0000001B  c_w.l(libinit2.o)
    0x080002be   0x080002be   0x00000000   Code   RO          651    .ARM.Collect$$libinit$$0000001D  c_w.l(libinit2.o)
    0x080002be   0x080002be   0x00000000   Code   RO          653    .ARM.Collect$$libinit$$0000001F  c_w.l(libinit2.o)
    0x080002be   0x080002be   0x00000000   Code   RO          655    .ARM.Collect$$libinit$$00000021  c_w.l(libinit2.o)
    0x080002be   0x080002be   0x00000000   Code   RO          657    .ARM.Collect$$libinit$$00000023  c_w.l(libinit2.o)
    0x080002be   0x080002be   0x00000000   Code   RO          659    .ARM.Collect$$libinit$$00000025  c_w.l(libinit2.o)
    0x080002be   0x080002be   0x00000000   Code   RO          661    .ARM.Collect$$libinit$$00000027  c_w.l(libinit2.o)
    0x080002be   0x080002be   0x00000000   Code   RO          665    .ARM.Collect$$libinit$$0000002E  c_w.l(libinit2.o)
    0x080002be   0x080002be   0x00000000   Code   RO          667    .ARM.Collect$$libinit$$00000030  c_w.l(libinit2.o)
    0x080002be   0x080002be   0x00000000   Code   RO          669    .ARM.Collect$$libinit$$00000032  c_w.l(libinit2.o)
    0x080002be   0x080002be   0x00000000   Code   RO          671    .ARM.Collect$$libinit$$00000034  c_w.l(libinit2.o)
    0x080002be   0x080002be   0x00000002   Code   RO          672    .ARM.Collect$$libinit$$00000035  c_w.l(libinit2.o)
    0x080002c0   0x080002c0   0x00000002   Code   RO          696    .ARM.Collect$$libshutdown$$00000000  c_w.l(libshutdown.o)
    0x080002c2   0x080002c2   0x00000000   Code   RO          711    .ARM.Collect$$libshutdown$$00000002  c_w.l(libshutdown2.o)
    0x080002c2   0x080002c2   0x00000000   Code   RO          713    .ARM.Collect$$libshutdown$$00000004  c_w.l(libshutdown2.o)
    0x080002c2   0x080002c2   0x00000000   Code   RO          716    .ARM.Collect$$libshutdown$$00000007  c_w.l(libshutdown2.o)
    0x080002c2   0x080002c2   0x00000000   Code   RO          719    .ARM.Collect$$libshutdown$$0000000A  c_w.l(libshutdown2.o)
    0x080002c2   0x080002c2   0x00000000   Code   RO          721    .ARM.Collect$$libshutdown$$0000000C  c_w.l(libshutdown2.o)
    0x080002c2   0x080002c2   0x00000000   Code   RO          724    .ARM.Collect$$libshutdown$$0000000F  c_w.l(libshutdown2.o)
    0x080002c2   0x080002c2   0x00000002   Code   RO          725    .ARM.Collect$$libshutdown$$00000010  c_w.l(libshutdown2.o)
    0x080002c4   0x080002c4   0x00000000   Code   RO          403    .ARM.Collect$$rtentry$$00000000  c_w.l(__rtentry.o)
    0x080002c4   0x080002c4   0x00000000   Code   RO          525    .ARM.Collect$$rtentry$$00000002  c_w.l(__rtentry2.o)
    0x080002c4   0x080002c4   0x00000006   Code   RO          537    .ARM.Collect$$rtentry$$00000004  c_w.l(__rtentry4.o)
    0x080002ca   0x080002ca   0x00000000   Code   RO          527    .ARM.Collect$$rtentry$$00000009  c_w.l(__rtentry2.o)
    0x080002ca   0x080002ca   0x00000004   Code   RO          528    .ARM.Collect$$rtentry$$0000000A  c_w.l(__rtentry2.o)
    0x080002ce   0x080002ce   0x00000000   Code   RO          530    .ARM.Collect$$rtentry$$0000000C  c_w.l(__rtentry2.o)
    0x080002ce   0x080002ce   0x00000008   Code   RO          531    .ARM.Collect$$rtentry$$0000000D  c_w.l(__rtentry2.o)
    0x080002d6   0x080002d6   0x00000002   Code   RO          617    .ARM.Collect$$rtexit$$00000000  c_w.l(rtexit.o)
    0x080002d8   0x080002d8   0x00000000   Code   RO          674    .ARM.Collect$$rtexit$$00000002  c_w.l(rtexit2.o)
    0x080002d8   0x080002d8   0x00000004   Code   RO          675    .ARM.Collect$$rtexit$$00000003  c_w.l(rtexit2.o)
    0x080002dc   0x080002dc   0x00000006   Code   RO          676    .ARM.Collect$$rtexit$$00000004  c_w.l(rtexit2.o)
    0x080002e2   0x080002e2   0x00000002   PAD
    0x080002e4   0x080002e4   0x00000040   Code   RO          357    .text               startup_stm32f411xe.o
    0x08000324   0x08000324   0x0000002c   Code   RO          379    .text               c_w.l(sprintf.o)
    0x08000350   0x08000350   0x00000006   Code   RO          381    .text               c_w.l(heapauxi.o)
    0x08000356   0x08000356   0x0000004e   Code   RO          406    .text               c_w.l(_printf_pad.o)
    0x080003a4   0x080003a4   0x00000024   Code   RO          408    .text               c_w.l(_printf_truncate.o)
    0x080003c8   0x080003c8   0x00000052   Code   RO          410    .text               c_w.l(_printf_str.o)
    0x0800041a   0x0800041a   0x00000002   PAD
    0x0800041c   0x0800041c   0x00000078   Code   RO          412    .text               c_w.l(_printf_dec.o)
    0x08000494   0x08000494   0x00000028   Code   RO          414    .text               c_w.l(_printf_charcount.o)
    0x080004bc   0x080004bc   0x00000030   Code   RO          416    .text               c_w.l(_printf_char_common.o)
    0x080004ec   0x080004ec   0x0000000a   Code   RO          418    .text               c_w.l(_sputc.o)
    0x080004f6   0x080004f6   0x00000002   PAD
    0x080004f8   0x080004f8   0x000000bc   Code   RO          420    .text               c_w.l(_printf_wctomb.o)
    0x080005b4   0x080005b4   0x0000007c   Code   RO          423    .text               c_w.l(_printf_longlong_dec.o)
    0x08000630   0x08000630   0x00000070   Code   RO          429    .text               c_w.l(_printf_oct_int_ll.o)
    0x080006a0   0x080006a0   0x00000094   Code   RO          449    .text               c_w.l(_printf_hex_int_ll_ptr.o)
    0x08000734   0x08000734   0x00000188   Code   RO          469    .text               c_w.l(__printf_flags_ss_wp.o)
    0x080008bc   0x080008bc   0x0000008a   Code   RO          539    .text               c_w.l(lludiv10.o)
    0x08000946   0x08000946   0x000000b2   Code   RO          541    .text               c_w.l(_printf_intcommon.o)
    0x080009f8   0x080009f8   0x0000041c   Code   RO          543    .text               c_w.l(_printf_fp_dec.o)
    0x08000e14   0x08000e14   0x000002fc   Code   RO          547    .text               c_w.l(_printf_fp_hex.o)
    0x08001110   0x08001110   0x0000002c   Code   RO          552    .text               c_w.l(_printf_char.o)
    0x0800113c   0x0800113c   0x0000002c   Code   RO          554    .text               c_w.l(_printf_wchar.o)
    0x08001168   0x08001168   0x00000048   Code   RO          557    .text               c_w.l(_c16rtomb.o)
    0x080011b0   0x080011b0   0x0000004a   Code   RO          561    .text               c_w.l(sys_stackheap_outer.o)
    0x080011fa   0x080011fa   0x00000002   PAD
    0x080011fc   0x080011fc   0x00000010   Code   RO          563    .text               c_w.l(rt_ctype_table.o)
    0x0800120c   0x0800120c   0x00000008   Code   RO          568    .text               c_w.l(rt_locale_intlibspace.o)
    0x08001214   0x08001214   0x00000080   Code   RO          570    .text               c_w.l(_printf_fp_infnan.o)
    0x08001294   0x08001294   0x000000e4   Code   RO          572    .text               c_w.l(bigflt0.o)
    0x08001378   0x08001378   0x00000012   Code   RO          602    .text               c_w.l(exit.o)
    0x0800138a   0x0800138a   0x00000002   PAD
    0x0800138c   0x0800138c   0x00000008   Code   RO          614    .text               c_w.l(libspace.o)
    0x08001394   0x08001394   0x00000004   PAD
    0x08001398   0x08001398   0x0000007c   Code   RO          624    .text               c_w.l(strcmpv7em.o)
    0x08001414   0x08001414   0x0000000c   Code   RO          686    .text               c_w.l(sys_exit.o)
    0x08001420   0x08001420   0x00000002   Code   RO          701    .text               c_w.l(use_no_semi.o)
    0x08001422   0x08001422   0x00000000   Code   RO          703    .text               c_w.l(indicate_semi.o)
    0x08001422   0x08001422   0x00000002   PAD
    0x08001424   0x08001424   0x0000006e   Code   RO           10    .text.ADC_IRQHandler  lab_rccar.o
    0x08001492   0x08001492   0x00000002   PAD
    0x08001494   0x08001494   0x00000154   Code   RO           66    .text.ADC_init      ecadc.o
    0x080015e8   0x080015e8   0x00000102   Code   RO           68    .text.ADC_pinmap    ecadc.o
    0x080016ea   0x080016ea   0x00000002   PAD
    0x080016ec   0x080016ec   0x0000000c   Code   RO           82    .text.ADC_read      ecadc.o
    0x080016f8   0x080016f8   0x000001ba   Code   RO           80    .text.ADC_sequence  ecadc.o
    0x080018b2   0x080018b2   0x00000002   PAD
    0x080018b4   0x080018b4   0x0000001a   Code   RO           76    .text.ADC_start     ecadc.o
    0x080018ce   0x080018ce   0x00000002   PAD
    0x080018d0   0x080018d0   0x00000124   Code   RO           74    .text.ADC_trigger   ecadc.o
    0x080019f4   0x080019f4   0x0000002e   Code   RO           28    .text.E_stop        lab_rccar.o
    0x08001a22   0x08001a22   0x00000002   PAD
    0x08001a24   0x08001a24   0x00000040   Code   RO          141    .text.GPIO          ecgpio.o
    0x08001a64   0x08001a64   0x0000006e   Code   RO          119    .text.GPIO_init     ecgpio.o
    0x08001ad2   0x08001ad2   0x00000002   PAD
    0x08001ad4   0x08001ad4   0x00000030   Code   RO          121    .text.GPIO_mode     ecgpio.o
    0x08001b04   0x08001b04   0x00000030   Code   RO          123    .text.GPIO_ospeed   ecgpio.o
    0x08001b34   0x08001b34   0x0000002c   Code   RO          125    .text.GPIO_otype    ecgpio.o
    0x08001b60   0x08001b60   0x00000030   Code   RO          127    .text.GPIO_pupd     ecgpio.o
    0x08001b90   0x08001b90   0x0000002c   Code   RO          131    .text.GPIO_write    ecgpio.o
    0x08001bbc   0x08001bbc   0x0000003a   Code   RO          158    .text.ICAP_counter_us  ecicap.o
    0x08001bf6   0x08001bf6   0x00000002   PAD
    0x08001bf8   0x08001bf8   0x000001ce   Code   RO          152    .text.ICAP_init     ecicap.o
    0x08001dc6   0x08001dc6   0x00000002   PAD
    0x08001dc8   0x08001dc8   0x0000021a   Code   RO          154    .text.ICAP_pinmap   ecicap.o
    0x08001fe2   0x08001fe2   0x00000002   PAD
    0x08001fe4   0x08001fe4   0x000001c2   Code   RO          156    .text.ICAP_setup    ecicap.o
    0x080021a6   0x080021a6   0x00000002   PAD
    0x080021a8   0x080021a8   0x00000056   Code   RO           30    .text.LED_toggle    lab_rccar.o
    0x080021fe   0x080021fe   0x00000002   PAD
    0x08002200   0x08002200   0x0000004c   Code   RO           26    .text.M_back        lab_rccar.o
    0x0800224c   0x0800224c   0x00000036   Code   RO           22    .text.M_left        lab_rccar.o
    0x08002282   0x08002282   0x00000002   PAD
    0x08002284   0x08002284   0x0000003a   Code   RO           18    .text.M_right       lab_rccar.o
    0x080022be   0x080022be   0x00000002   PAD
    0x080022c0   0x080022c0   0x00000062   Code   RO           24    .text.M_straight    lab_rccar.o
    0x08002322   0x08002322   0x00000002   PAD
    0x08002324   0x08002324   0x000000b0   Code   RO          197    .text.PWM_duty      ecpwm.o
    0x080023d4   0x080023d4   0x00000342   Code   RO          181    .text.PWM_init      ecpwm.o
    0x08002716   0x08002716   0x00000002   PAD
    0x08002718   0x08002718   0x0000002e   Code   RO          185    .text.PWM_period_ms  ecpwm.o
    0x08002746   0x08002746   0x00000002   PAD
    0x08002748   0x08002748   0x0000002e   Code   RO          189    .text.PWM_period_us  ecpwm.o
    0x08002776   0x08002776   0x00000002   PAD
    0x08002778   0x08002778   0x0000021a   Code   RO          183    .text.PWM_pinmap    ecpwm.o
    0x08002992   0x08002992   0x00000002   PAD
    0x08002994   0x08002994   0x000000ce   Code   RO          195    .text.PWM_pulsewidth_us  ecpwm.o
    0x08002a62   0x08002a62   0x00000002   PAD
    0x08002a64   0x08002a64   0x00000012   Code   RO          210    .text.RCC_GPIOA_enable  ecrcc.o
    0x08002a76   0x08002a76   0x00000002   PAD
    0x08002a78   0x08002a78   0x00000012   Code   RO          212    .text.RCC_GPIOB_enable  ecrcc.o
    0x08002a8a   0x08002a8a   0x00000002   PAD
    0x08002a8c   0x08002a8c   0x00000012   Code   RO          214    .text.RCC_GPIOC_enable  ecrcc.o
    0x08002a9e   0x08002a9e   0x00000002   PAD
    0x08002aa0   0x08002aa0   0x00000012   Code   RO          216    .text.RCC_GPIOD_enable  ecrcc.o
    0x08002ab2   0x08002ab2   0x00000002   PAD
    0x08002ab4   0x08002ab4   0x00000114   Code   RO          208    .text.RCC_PLL_init  ecrcc.o
    0x08002bc8   0x08002bc8   0x00000008   Code   RO          255    .text.SysTick_Handler  ecsystick.o
    0x08002bd0   0x08002bd0   0x00000010   Code   RO          257    .text.SysTick_counter  ecsystick.o
    0x08002be0   0x08002be0   0x0000005a   Code   RO          249    .text.SysTick_init  ecsystick.o
    0x08002c3a   0x08002c3a   0x00000002   PAD
    0x08002c3c   0x08002c3c   0x00000012   Code   RO          364    .text.SystemInit    system_stm32f4xx.o
    0x08002c4e   0x08002c4e   0x00000002   PAD
    0x08002c50   0x08002c50   0x00000140   Code   RO           12    .text.TIM4_IRQHandler  lab_rccar.o
    0x08002d90   0x08002d90   0x00000012   Code   RO          285    .text.TIM_UI_enable  ectim.o
    0x08002da2   0x08002da2   0x00000002   PAD
    0x08002da4   0x08002da4   0x000000e6   Code   RO          283    .text.TIM_UI_init   ectim.o
    0x08002e8a   0x08002e8a   0x00000002   PAD
    0x08002e8c   0x08002e8c   0x0000011a   Code   RO          277    .text.TIM_init      ectim.o
    0x08002fa6   0x08002fa6   0x00000002   PAD
    0x08002fa8   0x08002fa8   0x000000f0   Code   RO          279    .text.TIM_period_ms  ectim.o
    0x08003098   0x08003098   0x000000e0   Code   RO          281    .text.TIM_period_us  ectim.o
    0x08003178   0x08003178   0x00000018   Code   RO          330    .text.UART1_baud    ecuart.o
    0x08003190   0x08003190   0x0000002a   Code   RO          326    .text.UART1_init    ecuart.o
    0x080031ba   0x080031ba   0x00000002   PAD
    0x080031bc   0x080031bc   0x0000002a   Code   RO          328    .text.UART2_init    ecuart.o
    0x080031e6   0x080031e6   0x00000002   PAD
    0x080031e8   0x080031e8   0x000000b8   Code   RO          320    .text.UART_baud     ecuart.o
    0x080032a0   0x080032a0   0x0000013a   Code   RO            8    .text.USART1_IRQHandler  lab_rccar.o
    0x080033da   0x080033da   0x00000002   PAD
    0x080033dc   0x080033dc   0x00000010   Code   RO          338    .text.USART1_read   ecuart.o
    0x080033ec   0x080033ec   0x0000001c   Code   RO          334    .text.USART1_write  ecuart.o
    0x08003408   0x08003408   0x00000032   Code   RO          314    .text.USART_delay   ecuart.o
    0x0800343a   0x0800343a   0x00000002   PAD
    0x0800343c   0x0800343c   0x00000020   Code   RO          312    .text.USART_read    ecuart.o
    0x0800345c   0x0800345c   0x00000272   Code   RO          318    .text.USART_setting  ecuart.o
    0x080036ce   0x080036ce   0x00000002   PAD
    0x080036d0   0x080036d0   0x00000064   Code   RO          306    .text.USART_write   ecuart.o
    0x08003734   0x08003734   0x00000030   Code   RO           72    .text.__NVIC_EnableIRQ  ecadc.o
    0x08003764   0x08003764   0x00000030   Code   RO          253    .text.__NVIC_EnableIRQ  ecsystick.o
    0x08003794   0x08003794   0x00000030   Code   RO          287    .text.__NVIC_EnableIRQ  ectim.o
    0x080037c4   0x080037c4   0x00000030   Code   RO          324    .text.__NVIC_EnableIRQ  ecuart.o
    0x080037f4   0x080037f4   0x00000042   Code   RO           70    .text.__NVIC_SetPriority  ecadc.o
    0x08003836   0x08003836   0x00000002   PAD
    0x08003838   0x08003838   0x00000042   Code   RO          251    .text.__NVIC_SetPriority  ecsystick.o
    0x0800387a   0x0800387a   0x00000002   PAD
    0x0800387c   0x0800387c   0x00000042   Code   RO          289    .text.__NVIC_SetPriority  ectim.o
    0x080038be   0x080038be   0x00000002   PAD
    0x080038c0   0x080038c0   0x00000042   Code   RO          322    .text.__NVIC_SetPriority  ecuart.o
    0x08003902   0x08003902   0x00000002   PAD
    0x08003904   0x08003904   0x00000012   Code   RO           88    .text.clear_ADC_OVR  ecadc.o
    0x08003916   0x08003916   0x00000002   PAD
    0x08003918   0x08003918   0x0000001a   Code   RO          162    .text.clear_CCIF    ecicap.o
    0x08003932   0x08003932   0x00000002   PAD
    0x08003934   0x08003934   0x00000012   Code   RO          295    .text.clear_UIF     ectim.o
    0x08003946   0x08003946   0x00000002   PAD
    0x08003948   0x08003948   0x000000a4   Code   RO          173    .text.ecPinmap      ecpinnames.o
    0x080039ec   0x080039ec   0x00000010   Code   RO           84    .text.is_ADC_EOC    ecadc.o
    0x080039fc   0x080039fc   0x00000010   Code   RO           86    .text.is_ADC_OVR    ecadc.o
    0x08003a0c   0x08003a0c   0x00000016   Code   RO          160    .text.is_CCIF       ecicap.o
    0x08003a22   0x08003a22   0x00000002   PAD
    0x08003a24   0x08003a24   0x00000010   Code   RO          293    .text.is_UIF        ectim.o
    0x08003a34   0x08003a34   0x00000010   Code   RO          342    .text.is_USART1_RXNE  ecuart.o
    0x08003a44   0x08003a44   0x00000010   Code   RO          316    .text.is_USART_RXNE  ecuart.o
    0x08003a54   0x08003a54   0x00000004   PAD
    0x08003a58   0x08003a58   0x0000040c   Code   RO            2    .text.main          lab_rccar.o
    0x08003e64   0x08003e64   0x000001cc   Code   RO            6    .text.printState    lab_rccar.o
    0x08004030   0x08004030   0x00000126   Code   RO            4    .text.setup         lab_rccar.o
    0x08004156   0x08004156   0x00000002   PAD
    0x08004158   0x08004158   0x00000062   Code   RO           16    .text.speedDOWN     lab_rccar.o
    0x080041ba   0x080041ba   0x00000002   PAD
    0x080041bc   0x080041bc   0x00000062   Code   RO           14    .text.speedUP       lab_rccar.o
    0x0800421e   0x0800421e   0x00000002   PAD
    0x08004220   0x08004220   0x00000188   Code   RO           20    .text.str_angle     lab_rccar.o
    0x080043a8   0x080043a8   0x0000003e   Code   RO          575    CL$$btod_d2e        c_w.l(btod.o)
    0x080043e6   0x080043e6   0x00000046   Code   RO          577    CL$$btod_d2e_denorm_low  c_w.l(btod.o)
    0x0800442c   0x0800442c   0x00000060   Code   RO          576    CL$$btod_d2e_norm_op1  c_w.l(btod.o)
    0x0800448c   0x0800448c   0x00000338   Code   RO          585    CL$$btod_div_common  c_w.l(btod.o)
    0x080047c4   0x080047c4   0x000000dc   Code   RO          582    CL$$btod_e2e        c_w.l(btod.o)
    0x080048a0   0x080048a0   0x0000002a   Code   RO          579    CL$$btod_ediv       c_w.l(btod.o)
    0x080048ca   0x080048ca   0x0000002a   Code   RO          578    CL$$btod_emul       c_w.l(btod.o)
    0x080048f4   0x080048f4   0x00000244   Code   RO          584    CL$$btod_mult_common  c_w.l(btod.o)
    0x08004b38   0x08004b38   0x00000030   Code   RO          612    i.__ARM_fpclassify  m_wm.l(fpclassify.o)
    0x08004b68   0x08004b68   0x000000e0   Code   RO          399    i.__hardfp_round    m_wm.l(round.o)
    0x08004c48   0x08004c48   0x0000000e   Code   RO          462    i._is_digit         c_w.l(__printf_wp.o)
    0x08004c56   0x08004c56   0x00000002   PAD
    0x08004c58   0x08004c58   0x0000002c   Code   RO          600    locale$$code        c_w.l(lc_numeric_c.o)
    0x08004c84   0x08004c84   0x0000002c   Code   RO          622    locale$$code        c_w.l(lc_ctype_c.o)
    0x08004cb0   0x08004cb0   0x00000062   Code   RO          385    x$fpl$d2f           fz_wm.l(d2f.o)
    0x08004d12   0x08004d12   0x00000002   PAD
    0x08004d14   0x08004d14   0x00000150   Code   RO          495    x$fpl$dadd          fz_wm.l(daddsub_clz.o)
    0x08004e64   0x08004e64   0x00000018   Code   RO          559    x$fpl$dcmpinf       fz_wm.l(dcmpi.o)
    0x08004e7c   0x08004e7c   0x000002b4   Code   RO          388    x$fpl$ddiv          fz_wm.l(ddiv.o)
    0x08005130   0x08005130   0x0000005a   Code   RO          391    x$fpl$dfixu         fz_wm.l(dfixu.o)
    0x0800518a   0x0800518a   0x00000002   PAD
    0x0800518c   0x0800518c   0x00000078   Code   RO          501    x$fpl$dleqf         fz_wm.l(dleqf.o)
    0x08005204   0x08005204   0x00000154   Code   RO          395    x$fpl$dmul          fz_wm.l(dmul.o)
    0x08005358   0x08005358   0x0000009c   Code   RO          503    x$fpl$dnaninf       fz_wm.l(dnaninf.o)
    0x080053f4   0x080053f4   0x0000000c   Code   RO          505    x$fpl$dretinf       fz_wm.l(dretinf.o)
    0x08005400   0x08005400   0x0000006c   Code   RO          507    x$fpl$drleqf        fz_wm.l(drleqf.o)
    0x0800546c   0x0800546c   0x000000b4   Code   RO          509    x$fpl$drnd          fz_wm.l(drnd.o)
    0x08005520   0x08005520   0x000001dc   Code   RO          497    x$fpl$dsub          fz_wm.l(daddsub_clz.o)
    0x080056fc   0x080056fc   0x00000056   Code   RO          397    x$fpl$f2d           fz_wm.l(f2d.o)
    0x08005752   0x08005752   0x0000008c   Code   RO          511    x$fpl$fnaninf       fz_wm.l(fnaninf.o)
    0x080057de   0x080057de   0x0000001a   Code   RO          684    x$fpl$fpinit        fz_wm.l(fpinit.o)
    0x080057f8   0x080057f8   0x0000000a   Code   RO          513    x$fpl$fretinf       fz_wm.l(fretinf.o)
    0x08005802   0x08005802   0x00000004   Code   RO          515    x$fpl$printf1       fz_wm.l(printf1.o)
    0x08005806   0x08005806   0x00000004   Code   RO          517    x$fpl$printf2       fz_wm.l(printf2.o)
    0x0800580a   0x0800580a   0x00000000   Code   RO          523    x$fpl$usenofp       fz_wm.l(usenofp.o)
    0x0800580a   0x0800580a   0x00000002   PAD
    0x0800580c   0x0800580c   0x00000008   Data   RO          421    .constdata          c_w.l(_printf_wctomb.o)
    0x08005814   0x08005814   0x00000028   Data   RO          450    .constdata          c_w.l(_printf_hex_int_ll_ptr.o)
    0x0800583c   0x0800583c   0x00000011   Data   RO          470    .constdata          c_w.l(__printf_flags_ss_wp.o)
    0x0800584d   0x0800584d   0x00000026   Data   RO          548    .constdata          c_w.l(_printf_fp_hex.o)
    0x08005873   0x08005873   0x00000001   PAD
    0x08005874   0x08005874   0x00000094   Data   RO          573    .constdata          c_w.l(bigflt0.o)
    0x08005908   0x08005908   0x0000007d   Data   RO           53    .rodata.str1.1      lab_rccar.o
    0x08005985   0x08005985   0x00000003   PAD
    0x08005988   0x08005988   0x00000020   Data   RO          759    Region$$Table       anon$$obj.o
    0x080059a8   0x080059a8   0x0000001c   Data   RO          599    locale$$data        c_w.l(lc_numeric_c.o)
    0x080059c4   0x080059c4   0x00000110   Data   RO          621    locale$$data        c_w.l(lc_ctype_c.o)


    Execution Region RW_IRAM1 (Exec base: 0x20000000, Load base: 0x08005ad8, Size: 0x000006e8, Max: 0x00020000, ABSOLUTE)

    Exec Addr    Load Addr    Size         Type   Attr      Idx    E Section Name        Object

    0x20000000   0x08005ad8   0x00000004   Data   RW          218    .data.EC_SYSCLK     ecrcc.o
    0x20000004   0x08005adc   0x00000001   Data   RW           33    .data.PWM_PIN2      lab_rccar.o
    0x20000005   0x08005add   0x00000001   Data   RW           48    .data.dir           lab_rccar.o
    0x20000006   0x08005ade   0x00000002   PAD
    0x20000008   0x08005ae0   0x00000004   Data   RW           35    .data.period        lab_rccar.o
    0x2000000c   0x08005ae4   0x00000002   Data   RW           42    .data.seqCHn        lab_rccar.o
    0x2000000e   0x08005ae6   0x00000002   PAD
    0x20000010   0x08005ae8   0x00000020   Data   RW           44    .data.vel           lab_rccar.o
    0x20000030   0x08005b08   0x00000008   Data   RW           46    .data.vel1          lab_rccar.o
    0x20000038   0x08005b10   0x00000008   Data   RW           47    .data.vel2          lab_rccar.o
    0x20000040        -       0x00000060   Zero   RW          615    .bss                c_w.l(libspace.o)
    0x200000a0        -       0x00000001   Zero   RW           52    .bss.BT_Data        lab_rccar.o
    0x200000a1        -       0x00000001   Zero   RW           56    .bss.DIR            lab_rccar.o
    0x200000a2   0x08005b18   0x00000002   PAD
    0x200000a4        -       0x00000004   Zero   RW           57    .bss.LED_toggle.out  lab_rccar.o
    0x200000a8        -       0x00000001   Zero   RW           32    .bss.PWM_PIN1       lab_rccar.o
    0x200000a9        -       0x00000002   Zero   RW           55    .bss.STR            lab_rccar.o
    0x200000ab        -       0x00000002   Zero   RW           54    .bss.VEL            lab_rccar.o
    0x200000ad   0x08005b18   0x00000003   PAD
    0x200000b0        -       0x00000004   Zero   RW           34    .bss._count         lab_rccar.o
    0x200000b4        -       0x00000004   Zero   RW           37    .bss.distance       lab_rccar.o
    0x200000b8        -       0x00000004   Zero   RW           41    .bss.flag           lab_rccar.o
    0x200000bc        -       0x00000004   Zero   RW           43    .bss.i              lab_rccar.o
    0x200000c0        -       0x00000001   Zero   RW           49    .bss.mode           lab_rccar.o
    0x200000c1   0x08005b18   0x00000003   PAD
    0x200000c4        -       0x00000004   Zero   RW          269    .bss.msTicks        ecsystick.o
    0x200000c8        -       0x00000004   Zero   RW           36    .bss.ovf_cnt        lab_rccar.o
    0x200000cc        -       0x00000004   Zero   RW           45    .bss.str_level      lab_rccar.o
    0x200000d0        -       0x00000004   Zero   RW           39    .bss.time1          lab_rccar.o
    0x200000d4        -       0x00000004   Zero   RW           40    .bss.time2          lab_rccar.o
    0x200000d8        -       0x00000004   Zero   RW           38    .bss.timeInterval   lab_rccar.o
    0x200000dc        -       0x00000004   Zero   RW           50    .bss.value1         lab_rccar.o
    0x200000e0        -       0x00000004   Zero   RW           51    .bss.value2         lab_rccar.o
    0x200000e4   0x08005b18   0x00000004   PAD
    0x200000e8        -       0x00000200   Zero   RW          355    HEAP                startup_stm32f411xe.o
    0x200002e8        -       0x00000400   Zero   RW          354    STACK               startup_stm32f411xe.o


==============================================================================

Image component sizes


      Code (inc. data)   RO Data    RW Data    ZI Data      Debug   Object Name

      1534         14          0          0          0       8420   ecadc.o
       406          0          0          0          0       3519   ecgpio.o
      1556         32          0          0          0       4583   ecicap.o
       164          0          0          0          0       2104   ecpinnames.o
      1846         32          0          0          0       6376   ecpwm.o
       348          0          0          4          0       2316   ecrcc.o
       228          0          0          0          4       4449   ecsystick.o
      1142          0          0          0          0       6451   ectim.o
      1290          0          0          0          0       7851   ecuart.o
      3540         36        125         56         56       5831   lab_rccar.o
        64         26        408          0       1536        920   startup_stm32f411xe.o
        18          0          0          0          0       2731   system_stm32f4xx.o

    ----------------------------------------------------------------------
     12228        140        568         64       1608      55551   Object Totals
         0          0         32          0          0          0   (incl. Generated)
        92          0          3          4         12          0   (incl. Padding)

    ----------------------------------------------------------------------

      Code (inc. data)   RO Data    RW Data    ZI Data      Debug   Library Member Name

         8          0          0          0          0         68   __main.o
       392          4         17          0          0         92   __printf_flags_ss_wp.o
        14          0          0          0          0         68   __printf_wp.o
         0          0          0          0          0          0   __rtentry.o
        12          0          0          0          0          0   __rtentry2.o
         6          0          0          0          0          0   __rtentry4.o
        52          8          0          0          0          0   __scatter.o
        26          0          0          0          0          0   __scatter_copy.o
        28          0          0          0          0          0   __scatter_zi.o
        72          0          0          0          0         96   _c16rtomb.o
         6          0          0          0          0          0   _printf_a.o
         6          0          0          0          0          0   _printf_c.o
        44          0          0          0          0        108   _printf_char.o
        48          6          0          0          0         96   _printf_char_common.o
        40          0          0          0          0         68   _printf_charcount.o
         6          0          0          0          0          0   _printf_d.o
       120         16          0          0          0         92   _printf_dec.o
         6          0          0          0          0          0   _printf_e.o
         6          0          0          0          0          0   _printf_f.o
      1052          0          0          0          0        148   _printf_fp_dec.o
       764          8         38          0          0        100   _printf_fp_hex.o
       128         16          0          0          0         84   _printf_fp_infnan.o
         6          0          0          0          0          0   _printf_g.o
       148          4         40          0          0        160   _printf_hex_int_ll_ptr.o
         6          0          0          0          0          0   _printf_i.o
       178          0          0          0          0         88   _printf_intcommon.o
        10          0          0          0          0          0   _printf_l.o
         6          0          0          0          0          0   _printf_lc.o
        10          0          0          0          0          0   _printf_ll.o
         6          0          0          0          0          0   _printf_lld.o
         6          0          0          0          0          0   _printf_lli.o
         6          0          0          0          0          0   _printf_llo.o
         6          0          0          0          0          0   _printf_llu.o
         6          0          0          0          0          0   _printf_llx.o
       124         16          0          0          0         92   _printf_longlong_dec.o
         6          0          0          0          0          0   _printf_ls.o
         6          0          0          0          0          0   _printf_n.o
         6          0          0          0          0          0   _printf_o.o
       112          8          0          0          0        124   _printf_oct_int_ll.o
         6          0          0          0          0          0   _printf_p.o
        78          0          0          0          0        108   _printf_pad.o
         0          0          0          0          0          0   _printf_percent.o
         4          0          0          0          0          0   _printf_percent_end.o
         6          0          0          0          0          0   _printf_s.o
        82          0          0          0          0         80   _printf_str.o
        36          0          0          0          0         84   _printf_truncate.o
         6          0          0          0          0          0   _printf_u.o
        44          0          0          0          0        108   _printf_wchar.o
       188          6          8          0          0         92   _printf_wctomb.o
         6          0          0          0          0          0   _printf_x.o
        10          0          0          0          0         68   _sputc.o
       228          4        148          0          0         96   bigflt0.o
      1936        128          0          0          0        668   btod.o
        18          0          0          0          0         80   exit.o
         6          0          0          0          0        152   heapauxi.o
         0          0          0          0          0          0   indicate_semi.o
        44         10        272          0          0         76   lc_ctype_c.o
        44         10         28          0          0         76   lc_numeric_c.o
         2          0          0          0          0          0   libinit.o
        34          0          0          0          0          0   libinit2.o
         2          0          0          0          0          0   libshutdown.o
         2          0          0          0          0          0   libshutdown2.o
         8          4          0          0         96         68   libspace.o
       138          0          0          0          0         80   lludiv10.o
        16          4          0          0          0         76   rt_ctype_table.o
         8          4          0          0          0         68   rt_locale_intlibspace.o
         2          0          0          0          0          0   rtexit.o
        10          0          0          0          0          0   rtexit2.o
        44          6          0          0          0         84   sprintf.o
       124          0          0          0          0         88   strcmpv7em.o
        12          4          0          0          0         68   sys_exit.o
        74          0          0          0          0         80   sys_stackheap_outer.o
         2          0          0          0          0         68   use_no_semi.o
        98          4          0          0          0        140   d2f.o
       812         16          0          0          0        392   daddsub_clz.o
        24          0          0          0          0        116   dcmpi.o
       692        140          0          0          0        264   ddiv.o
        90          4          0          0          0        140   dfixu.o
       120          4          0          0          0        140   dleqf.o
       340         12          0          0          0        152   dmul.o
       156          4          0          0          0        140   dnaninf.o
        12          0          0          0          0        116   dretinf.o
       108          0          0          0          0        128   drleqf.o
       180          4          0          0          0        128   drnd.o
        86          4          0          0          0        132   f2d.o
       140          4          0          0          0        132   fnaninf.o
        26          0          0          0          0        116   fpinit.o
        10          0          0          0          0        116   fretinf.o
         4          0          0          0          0        116   printf1.o
         4          0          0          0          0        116   printf2.o
         0          0          0          0          0          0   usenofp.o
        48          0          0          0          0        124   fpclassify.o
       224         30          0          0          0        172   round.o

    ----------------------------------------------------------------------
      9904        496        552          0         96       6732   Library Totals
        26          4          1          0          0          0   (incl. Padding)

    ----------------------------------------------------------------------

      Code (inc. data)   RO Data    RW Data    ZI Data      Debug   Library Name

      6704        266        551          0         96       3852   c_w.l
      2902        196          0          0          0       2584   fz_wm.l
       272         30          0          0          0        296   m_wm.l

    ----------------------------------------------------------------------
      9904        496        552          0         96       6732   Library Totals

    ----------------------------------------------------------------------

==============================================================================


      Code (inc. data)   RO Data    RW Data    ZI Data      Debug   

     22132        636       1120         64       1704      58255   Grand Totals
     22132        636       1120         64       1704      58255   ELF Image Totals
     22132        636       1120         64          0          0   ROM Totals

==============================================================================

    Total RO  Size (Code + RO Data)                23252 (  22.71kB)
    Total RW  Size (RW Data + ZI Data)              1768 (   1.73kB)
    Total ROM Size (Code + RO Data + RW Data)      23316 (  22.77kB)

==============================================================================

